============================================================
TSUM on IEEE 300-bus DC-OPF (branches + buses)
============================================================

  Components:  711 total
    Generator buses: 69 (4-state)
    Ordinary buses:  231 (2-state)
    Branches:        411 (2-state)
  Max states:  4
  Threshold:   26.1% blackout (Scenario 1)
  Device:      cpu
  Bias factor: 10.0 (biased sampling for rule discovery)

Initialising DC-OPF system function...
DC-OPF sfun ready: 300 buses, 69 generators, 411 branches
  All operational: blackout=0.0713%, sys_st=1
  All failed:      blackout=100.0000%, sys_st=0

  Output:      /scratch/w84/hxr547/tsum/demos/case300/results_walk_bias
  Samples:     1,000,000 per round (batch 100,000)
  Convergence: unk_prob < 1e-05
  Discovery:   biased sampling (factor=10.0, first 500 rounds)
  Walk:        every 5 rounds, 2 walks per round
  Workers:     96 (parallel sfun minimization)

Starting rule extraction...

Parallel mode: 96 CPU workers for sfun + minimization
Biased sampling: discovery_probs for first 500 rounds, then true probs
---
Round: 1, Unk. prob.: 1.000e+00
Surv probs: 0.000e+00, Fail probs: 0.000e+00
No. of non-dominant rules: 0, Survival rules: 0, Failure rules: 0
Batch update: 11 rules added, 0 existing rules removed (0 new rules dominated)
Survival: 11 rules added, 0 removed (from 11 candidates)
Batch update: 85 rules added, 0 existing rules removed (0 new rules dominated)
Failure: 85 rules added, 0 removed (from 85 candidates)
Updated sys_vals: [26.083, 26.086, 26.087, 26.091, 26.096, 26.097, 26.098, 26.1, 26.101, 26.102, 26.103, 26.104, 26.105, 26.106, 26.108, 26.109, 26.11, 26.111, 26.113, 26.114, 26.115, 26.116, 26.117, 26.118, 26.119, 26.121, 26.122, 26.123, 26.129, 26.13, 26.132, 26.133, 26.139, 26.14, 26.143, 26.145, 26.146, 26.15, 26.151, 26.153, 26.158, 26.17, 26.174, 26.181, 26.182, 26.185, 26.186, 26.212, 26.218, 26.248, 26.296, 26.317, 26.319]
---
Round: 2, Unk. prob.: 1.000e+00
Surv probs: 0.000e+00, Fail probs: 0.000e+00
No. of non-dominant rules: 96, Survival rules: 11, Failure rules: 85
Batch update: 10 rules added, 0 existing rules removed (0 new rules dominated)
Survival: 10 rules added, 0 removed (from 10 candidates)
Batch update: 86 rules added, 0 existing rules removed (0 new rules dominated)
Failure: 86 rules added, 0 removed (from 86 candidates)
Updated sys_vals: [26.083, 26.084, 26.086, 26.087, 26.091, 26.092, 26.093, 26.094, 26.096, 26.097, 26.098, 26.099, 26.1, 26.101, 26.102, 26.103, 26.104, 26.105, 26.106, 26.107, 26.108, 26.109, 26.11, 26.111, 26.112, 26.113, 26.114, 26.115, 26.116, 26.117, 26.118, 26.119, 26.121, 26.122, 26.123, 26.125, 26.126, 26.129, 26.13, 26.131, 26.132, 26.133, 26.135, 26.137, 26.139, 26.14, 26.142, 26.143, 26.145, 26.146, 26.147, 26.15, 26.151, 26.153, 26.155, 26.158, 26.16, 26.161, 26.163, 26.167, 26.17, 26.172, 26.174, 26.177, 26.179, 26.181, 26.182, 26.185, 26.186, 26.202, 26.212, 26.218, 26.243, 26.248, 26.263, 26.296, 26.317, 26.319, 26.332]
---
Round: 3, Unk. prob.: 1.000e+00
Surv probs: 0.000e+00, Fail probs: 0.000e+00
No. of non-dominant rules: 192, Survival rules: 21, Failure rules: 171
Batch update: 17 rules added, 0 existing rules removed (0 new rules dominated)
Survival: 17 rules added, 0 removed (from 17 candidates)
Batch update: 79 rules added, 0 existing rules removed (0 new rules dominated)
Failure: 79 rules added, 0 removed (from 79 candidates)
Updated sys_vals: [26.08, 26.083, 26.084, 26.086, 26.087, 26.088, 26.089, 26.09, 26.091, 26.092, 26.093, 26.094, 26.095, 26.096, 26.097, 26.098, 26.099, 26.1, 26.101, 26.102, 26.103, 26.104, 26.105, 26.106, 26.107, 26.108, 26.109, 26.11, 26.111, 26.112, 26.113, 26.114, 26.115, 26.116, 26.117, 26.118, 26.119, 26.12, 26.121, 26.122, 26.123, 26.125, 26.126, 26.127, 26.128, 26.129, 26.13, 26.131, 26.132, 26.133, 26.134, 26.135, 26.136, 26.137, 26.139, 26.14, 26.142, 26.143, 26.145, 26.146, 26.147, 26.148, 26.15, 26.151, 26.153, 26.154, 26.155, 26.158, 26.16, 26.161, 26.163, 26.164, 26.167, 26.17, 26.172, 26.174, 26.177, 26.179, 26.181, 26.182, 26.185, 26.186, 26.202, 26.212, 26.218, 26.224, 26.239, 26.243, 26.248, 26.263, 26.277, 26.296, 26.317, 26.319, 26.332]
---
Round: 4, Unk. prob.: 1.000e+00
Surv probs: 0.000e+00, Fail probs: 0.000e+00
No. of non-dominant rules: 288, Survival rules: 38, Failure rules: 250
Batch update: 12 rules added, 0 existing rules removed (0 new rules dominated)
Survival: 12 rules added, 0 removed (from 12 candidates)
Batch update: 84 rules added, 0 existing rules removed (0 new rules dominated)
Failure: 84 rules added, 0 removed (from 84 candidates)
Updated sys_vals: [26.079, 26.08, 26.083, 26.084, 26.086, 26.087, 26.088, 26.089, 26.09, 26.091, 26.092, 26.093, 26.094, 26.095, 26.096, 26.097, 26.098, 26.099, 26.1, 26.101, 26.102, 26.103, 26.104, 26.105, 26.106, 26.107, 26.108, 26.109, 26.11, 26.111, 26.112, 26.113, 26.114, 26.115, 26.116, 26.117, 26.118, 26.119, 26.12, 26.121, 26.122, 26.123, 26.124, 26.125, 26.126, 26.127, 26.128, 26.129, 26.13, 26.131, 26.132, 26.133, 26.134, 26.135, 26.136, 26.137, 26.138, 26.139, 26.14, 26.142, 26.143, 26.145, 26.146, 26.147, 26.148, 26.149, 26.15, 26.151, 26.153, 26.154, 26.155, 26.158, 26.16, 26.161, 26.163, 26.164, 26.165, 26.167, 26.17, 26.172, 26.173, 26.174, 26.177, 26.179, 26.181, 26.182, 26.185, 26.186, 26.195, 26.202, 26.21, 26.212, 26.218, 26.224, 26.239, 26.243, 26.248, 26.263, 26.277, 26.296, 26.317, 26.319, 26.332, 26.532]
---
Round: 5, Unk. prob.: 1.000e+00
Surv probs: 0.000e+00, Fail probs: 0.000e+00
No. of non-dominant rules: 384, Survival rules: 50, Failure rules: 334
Boundary walk: 192 unknown sample(s) found
Batch update: 96 rules added, 0 existing rules removed (0 new rules dominated)
Walk survival: 96 rules added, 0 removed (from 96 candidates)
Batch update: 96 rules added, 0 existing rules removed (0 new rules dominated)
Walk failure: 96 rules added, 0 removed (from 96 candidates)
---
Round: 6, Unk. prob.: 1.000e+00
Surv probs: 0.000e+00, Fail probs: 0.000e+00
No. of non-dominant rules: 576, Survival rules: 146, Failure rules: 430
Batch update: 9 rules added, 0 existing rules removed (0 new rules dominated)
Survival: 9 rules added, 0 removed (from 9 candidates)
Batch update: 87 rules added, 0 existing rules removed (0 new rules dominated)
Failure: 87 rules added, 0 removed (from 87 candidates)
Updated sys_vals: [26.001, 26.048, 26.052, 26.065, 26.071, 26.074, 26.075, 26.076, 26.077, 26.079, 26.08, 26.083, 26.084, 26.085, 26.086, 26.087, 26.088, 26.089, 26.09, 26.091, 26.092, 26.093, 26.094, 26.095, 26.096, 26.097, 26.098, 26.099, 26.1, 26.101, 26.102, 26.103, 26.104, 26.105, 26.106, 26.107, 26.108, 26.109, 26.11, 26.111, 26.112, 26.113, 26.114, 26.115, 26.116, 26.117, 26.118, 26.119, 26.12, 26.121, 26.122, 26.123, 26.124, 26.125, 26.126, 26.127, 26.128, 26.129, 26.13, 26.131, 26.132, 26.133, 26.134, 26.135, 26.136, 26.137, 26.138, 26.139, 26.14, 26.141, 26.142, 26.143, 26.144, 26.145, 26.146, 26.147, 26.148, 26.149, 26.15, 26.151, 26.152, 26.153, 26.154, 26.155, 26.158, 26.16, 26.161, 26.162, 26.163, 26.164, 26.165, 26.167, 26.169, 26.17, 26.171, 26.172, 26.173, 26.174, 26.175, 26.177, 26.179, 26.181, 26.182, 26.185, 26.186, 26.189, 26.195, 26.196, 26.202, 26.205, 26.21, 26.212, 26.215, 26.218, 26.224, 26.239, 26.243, 26.247, 26.248, 26.251, 26.263, 26.277, 26.296, 26.317, 26.319, 26.332, 26.356, 26.437, 26.532]
---
Round: 7, Unk. prob.: 1.000e+00
Surv probs: 0.000e+00, Fail probs: 0.000e+00
No. of non-dominant rules: 672, Survival rules: 155, Failure rules: 517
Batch update: 12 rules added, 0 existing rules removed (0 new rules dominated)
Survival: 12 rules added, 0 removed (from 12 candidates)
Batch update: 84 rules added, 0 existing rules removed (0 new rules dominated)
Failure: 84 rules added, 0 removed (from 84 candidates)
Updated sys_vals: [26.001, 26.048, 26.052, 26.065, 26.071, 26.074, 26.075, 26.076, 26.077, 26.079, 26.08, 26.083, 26.084, 26.085, 26.086, 26.087, 26.088, 26.089, 26.09, 26.091, 26.092, 26.093, 26.094, 26.095, 26.096, 26.097, 26.098, 26.099, 26.1, 26.101, 26.102, 26.103, 26.104, 26.105, 26.106, 26.107, 26.108, 26.109, 26.11, 26.111, 26.112, 26.113, 26.114, 26.115, 26.116, 26.117, 26.118, 26.119, 26.12, 26.121, 26.122, 26.123, 26.124, 26.125, 26.126, 26.127, 26.128, 26.129, 26.13, 26.131, 26.132, 26.133, 26.134, 26.135, 26.136, 26.137, 26.138, 26.139, 26.14, 26.141, 26.142, 26.143, 26.144, 26.145, 26.146, 26.147, 26.148, 26.149, 26.15, 26.151, 26.152, 26.153, 26.154, 26.155, 26.158, 26.159, 26.16, 26.161, 26.162, 26.163, 26.164, 26.165, 26.166, 26.167, 26.169, 26.17, 26.171, 26.172, 26.173, 26.174, 26.175, 26.177, 26.179, 26.181, 26.182, 26.185, 26.186, 26.189, 26.19, 26.195, 26.196, 26.199, 26.202, 26.205, 26.21, 26.212, 26.215, 26.216, 26.218, 26.224, 26.239, 26.243, 26.247, 26.248, 26.251, 26.263, 26.277, 26.296, 26.317, 26.319, 26.332, 26.356, 26.364, 26.432, 26.437, 26.532]
---
Round: 8, Unk. prob.: 1.000e+00
Surv probs: 0.000e+00, Fail probs: 0.000e+00
No. of non-dominant rules: 768, Survival rules: 167, Failure rules: 601
Batch update: 5 rules added, 0 existing rules removed (0 new rules dominated)
Survival: 5 rules added, 0 removed (from 5 candidates)
Batch update: 91 rules added, 0 existing rules removed (0 new rules dominated)
Failure: 91 rules added, 0 removed (from 91 candidates)
Updated sys_vals: [26.001, 26.031, 26.048, 26.052, 26.065, 26.071, 26.074, 26.075, 26.076, 26.077, 26.079, 26.08, 26.082, 26.083, 26.084, 26.085, 26.086, 26.087, 26.088, 26.089, 26.09, 26.091, 26.092, 26.093, 26.094, 26.095, 26.096, 26.097, 26.098, 26.099, 26.1, 26.101, 26.102, 26.103, 26.104, 26.105, 26.106, 26.107, 26.108, 26.109, 26.11, 26.111, 26.112, 26.113, 26.114, 26.115, 26.116, 26.117, 26.118, 26.119, 26.12, 26.121, 26.122, 26.123, 26.124, 26.125, 26.126, 26.127, 26.128, 26.129, 26.13, 26.131, 26.132, 26.133, 26.134, 26.135, 26.136, 26.137, 26.138, 26.139, 26.14, 26.141, 26.142, 26.143, 26.144, 26.145, 26.146, 26.147, 26.148, 26.149, 26.15, 26.151, 26.152, 26.153, 26.154, 26.155, 26.156, 26.158, 26.159, 26.16, 26.161, 26.162, 26.163, 26.164, 26.165, 26.166, 26.167, 26.168, 26.169, 26.17, 26.171, 26.172, 26.173, 26.174, 26.175, 26.177, 26.179, 26.18, 26.181, 26.182, 26.185, 26.186, 26.189, 26.19, 26.195, 26.196, 26.199, 26.202, 26.205, 26.21, 26.212, 26.215, 26.216, 26.218, 26.224, 26.239, 26.243, 26.247, 26.248, 26.251, 26.263, 26.277, 26.296, 26.317, 26.319, 26.332, 26.356, 26.364, 26.432, 26.437, 26.532]
---
Round: 9, Unk. prob.: 1.000e+00
Surv probs: 0.000e+00, Fail probs: 0.000e+00
No. of non-dominant rules: 864, Survival rules: 172, Failure rules: 692
Batch update: 12 rules added, 0 existing rules removed (0 new rules dominated)
Survival: 12 rules added, 0 removed (from 12 candidates)
Batch update: 84 rules added, 0 existing rules removed (0 new rules dominated)
Failure: 84 rules added, 0 removed (from 84 candidates)
Updated sys_vals: [26.001, 26.031, 26.048, 26.052, 26.065, 26.071, 26.074, 26.075, 26.076, 26.077, 26.079, 26.08, 26.082, 26.083, 26.084, 26.085, 26.086, 26.087, 26.088, 26.089, 26.09, 26.091, 26.092, 26.093, 26.094, 26.095, 26.096, 26.097, 26.098, 26.099, 26.1, 26.101, 26.102, 26.103, 26.104, 26.105, 26.106, 26.107, 26.108, 26.109, 26.11, 26.111, 26.112, 26.113, 26.114, 26.115, 26.116, 26.117, 26.118, 26.119, 26.12, 26.121, 26.122, 26.123, 26.124, 26.125, 26.126, 26.127, 26.128, 26.129, 26.13, 26.131, 26.132, 26.133, 26.134, 26.135, 26.136, 26.137, 26.138, 26.139, 26.14, 26.141, 26.142, 26.143, 26.144, 26.145, 26.146, 26.147, 26.148, 26.149, 26.15, 26.151, 26.152, 26.153, 26.154, 26.155, 26.156, 26.157, 26.158, 26.159, 26.16, 26.161, 26.162, 26.163, 26.164, 26.165, 26.166, 26.167, 26.168, 26.169, 26.17, 26.171, 26.172, 26.173, 26.174, 26.175, 26.177, 26.179, 26.18, 26.181, 26.182, 26.184, 26.185, 26.186, 26.189, 26.19, 26.195, 26.196, 26.199, 26.202, 26.205, 26.21, 26.212, 26.215, 26.216, 26.218, 26.224, 26.239, 26.243, 26.247, 26.248, 26.251, 26.263, 26.277, 26.296, 26.317, 26.319, 26.332, 26.356, 26.364, 26.432, 26.437, 26.532, 26.547]
---
Round: 10, Unk. prob.: 1.000e+00
Surv probs: 0.000e+00, Fail probs: 0.000e+00
No. of non-dominant rules: 960, Survival rules: 184, Failure rules: 776
Boundary walk: 192 unknown sample(s) found
Batch update: 96 rules added, 0 existing rules removed (0 new rules dominated)
Walk survival: 96 rules added, 0 removed (from 96 candidates)
Batch update: 96 rules added, 0 existing rules removed (0 new rules dominated)
Walk failure: 96 rules added, 0 removed (from 96 candidates)
---
Round: 11, Unk. prob.: 1.000e+00
Surv probs: 0.000e+00, Fail probs: 0.000e+00
No. of non-dominant rules: 1152, Survival rules: 280, Failure rules: 872
Batch update: 5 rules added, 0 existing rules removed (0 new rules dominated)
Survival: 5 rules added, 0 removed (from 5 candidates)
Batch update: 91 rules added, 0 existing rules removed (0 new rules dominated)
Failure: 91 rules added, 0 removed (from 91 candidates)
Updated sys_vals: [26.001, 26.031, 26.048, 26.052, 26.055, 26.059, 26.062, 26.064, 26.065, 26.068, 26.071, 26.073, 26.074, 26.075, 26.076, 26.077, 26.078, 26.079, 26.08, 26.081, 26.082, 26.083, 26.084, 26.085, 26.086, 26.087, 26.088, 26.089, 26.09, 26.091, 26.092, 26.093, 26.094, 26.095, 26.096, 26.097, 26.098, 26.099, 26.1, 26.101, 26.102, 26.103, 26.104, 26.105, 26.106, 26.107, 26.108, 26.109, 26.11, 26.111, 26.112, 26.113, 26.114, 26.115, 26.116, 26.117, 26.118, 26.119, 26.12, 26.121, 26.122, 26.123, 26.124, 26.125, 26.126, 26.127, 26.128, 26.129, 26.13, 26.131, 26.132, 26.133, 26.134, 26.135, 26.136, 26.137, 26.138, 26.139, 26.14, 26.141, 26.142, 26.143, 26.144, 26.145, 26.146, 26.147, 26.148, 26.149, 26.15, 26.151, 26.152, 26.153, 26.154, 26.155, 26.156, 26.157, 26.158, 26.159, 26.16, 26.161, 26.162, 26.163, 26.164, 26.165, 26.166, 26.167, 26.168, 26.169, 26.17, 26.171, 26.172, 26.173, 26.174, 26.175, 26.177, 26.179, 26.18, 26.181, 26.182, 26.184, 26.185, 26.186, 26.187, 26.189, 26.19, 26.192, 26.195, 26.196, 26.199, 26.202, 26.203, 26.205, 26.21, 26.212, 26.215, 26.216, 26.218, 26.22, 26.224, 26.239, 26.243, 26.247, 26.248, 26.251, 26.263, 26.277, 26.296, 26.315, 26.317, 26.319, 26.332, 26.356, 26.364, 26.432, 26.437, 26.532, 26.547, 26.587]
---
Round: 12, Unk. prob.: 1.000e+00
Surv probs: 0.000e+00, Fail probs: 0.000e+00
No. of non-dominant rules: 1248, Survival rules: 285, Failure rules: 963
Batch update: 9 rules added, 0 existing rules removed (0 new rules dominated)
Survival: 9 rules added, 0 removed (from 9 candidates)
Batch update: 87 rules added, 0 existing rules removed (0 new rules dominated)
Failure: 87 rules added, 0 removed (from 87 candidates)
Updated sys_vals: [26.001, 26.031, 26.048, 26.052, 26.055, 26.059, 26.062, 26.064, 26.065, 26.067, 26.068, 26.071, 26.073, 26.074, 26.075, 26.076, 26.077, 26.078, 26.079, 26.08, 26.081, 26.082, 26.083, 26.084, 26.085, 26.086, 26.087, 26.088, 26.089, 26.09, 26.091, 26.092, 26.093, 26.094, 26.095, 26.096, 26.097, 26.098, 26.099, 26.1, 26.101, 26.102, 26.103, 26.104, 26.105, 26.106, 26.107, 26.108, 26.109, 26.11, 26.111, 26.112, 26.113, 26.114, 26.115, 26.116, 26.117, 26.118, 26.119, 26.12, 26.121, 26.122, 26.123, 26.124, 26.125, 26.126, 26.127, 26.128, 26.129, 26.13, 26.131, 26.132, 26.133, 26.134, 26.135, 26.136, 26.137, 26.138, 26.139, 26.14, 26.141, 26.142, 26.143, 26.144, 26.145, 26.146, 26.147, 26.148, 26.149, 26.15, 26.151, 26.152, 26.153, 26.154, 26.155, 26.156, 26.157, 26.158, 26.159, 26.16, 26.161, 26.162, 26.163, 26.164, 26.165, 26.166, 26.167, 26.168, 26.169, 26.17, 26.171, 26.172, 26.173, 26.174, 26.175, 26.177, 26.179, 26.18, 26.181, 26.182, 26.183, 26.184, 26.185, 26.186, 26.187, 26.189, 26.19, 26.192, 26.195, 26.196, 26.197, 26.199, 26.2, 26.202, 26.203, 26.205, 26.21, 26.212, 26.215, 26.216, 26.218, 26.22, 26.224, 26.239, 26.243, 26.247, 26.248, 26.251, 26.263, 26.277, 26.296, 26.315, 26.317, 26.319, 26.332, 26.356, 26.364, 26.366, 26.392, 26.432, 26.437, 26.532, 26.547, 26.587]
---
Round: 13, Unk. prob.: 1.000e+00
Surv probs: 0.000e+00, Fail probs: 0.000e+00
No. of non-dominant rules: 1344, Survival rules: 294, Failure rules: 1050
Batch update: 8 rules added, 0 existing rules removed (0 new rules dominated)
Survival: 8 rules added, 0 removed (from 8 candidates)
Batch update: 88 rules added, 0 existing rules removed (0 new rules dominated)
Failure: 88 rules added, 0 removed (from 88 candidates)
Updated sys_vals: [26.001, 26.031, 26.048, 26.052, 26.055, 26.059, 26.062, 26.064, 26.065, 26.067, 26.068, 26.071, 26.073, 26.074, 26.075, 26.076, 26.077, 26.078, 26.079, 26.08, 26.081, 26.082, 26.083, 26.084, 26.085, 26.086, 26.087, 26.088, 26.089, 26.09, 26.091, 26.092, 26.093, 26.094, 26.095, 26.096, 26.097, 26.098, 26.099, 26.1, 26.101, 26.102, 26.103, 26.104, 26.105, 26.106, 26.107, 26.108, 26.109, 26.11, 26.111, 26.112, 26.113, 26.114, 26.115, 26.116, 26.117, 26.118, 26.119, 26.12, 26.121, 26.122, 26.123, 26.124, 26.125, 26.126, 26.127, 26.128, 26.129, 26.13, 26.131, 26.132, 26.133, 26.134, 26.135, 26.136, 26.137, 26.138, 26.139, 26.14, 26.141, 26.142, 26.143, 26.144, 26.145, 26.146, 26.147, 26.148, 26.149, 26.15, 26.151, 26.152, 26.153, 26.154, 26.155, 26.156, 26.157, 26.158, 26.159, 26.16, 26.161, 26.162, 26.163, 26.164, 26.165, 26.166, 26.167, 26.168, 26.169, 26.17, 26.171, 26.172, 26.173, 26.174, 26.175, 26.177, 26.179, 26.18, 26.181, 26.182, 26.183, 26.184, 26.185, 26.186, 26.187, 26.189, 26.19, 26.192, 26.195, 26.196, 26.197, 26.199, 26.2, 26.202, 26.203, 26.205, 26.21, 26.212, 26.215, 26.216, 26.218, 26.22, 26.224, 26.239, 26.243, 26.247, 26.248, 26.251, 26.263, 26.277, 26.296, 26.305, 26.315, 26.317, 26.319, 26.332, 26.356, 26.364, 26.366, 26.392, 26.432, 26.437, 26.532, 26.547, 26.587]
---
Round: 14, Unk. prob.: 1.000e+00
Surv probs: 0.000e+00, Fail probs: 0.000e+00
No. of non-dominant rules: 1440, Survival rules: 302, Failure rules: 1138
Batch update: 7 rules added, 0 existing rules removed (0 new rules dominated)
Survival: 7 rules added, 0 removed (from 7 candidates)
Batch update: 89 rules added, 0 existing rules removed (0 new rules dominated)
Failure: 89 rules added, 0 removed (from 89 candidates)
Updated sys_vals: [26.001, 26.031, 26.048, 26.052, 26.055, 26.059, 26.062, 26.064, 26.065, 26.067, 26.068, 26.071, 26.073, 26.074, 26.075, 26.076, 26.077, 26.078, 26.079, 26.08, 26.081, 26.082, 26.083, 26.084, 26.085, 26.086, 26.087, 26.088, 26.089, 26.09, 26.091, 26.092, 26.093, 26.094, 26.095, 26.096, 26.097, 26.098, 26.099, 26.1, 26.101, 26.102, 26.103, 26.104, 26.105, 26.106, 26.107, 26.108, 26.109, 26.11, 26.111, 26.112, 26.113, 26.114, 26.115, 26.116, 26.117, 26.118, 26.119, 26.12, 26.121, 26.122, 26.123, 26.124, 26.125, 26.126, 26.127, 26.128, 26.129, 26.13, 26.131, 26.132, 26.133, 26.134, 26.135, 26.136, 26.137, 26.138, 26.139, 26.14, 26.141, 26.142, 26.143, 26.144, 26.145, 26.146, 26.147, 26.148, 26.149, 26.15, 26.151, 26.152, 26.153, 26.154, 26.155, 26.156, 26.157, 26.158, 26.159, 26.16, 26.161, 26.162, 26.163, 26.164, 26.165, 26.166, 26.167, 26.168, 26.169, 26.17, 26.171, 26.172, 26.173, 26.174, 26.175, 26.177, 26.178, 26.179, 26.18, 26.181, 26.182, 26.183, 26.184, 26.185, 26.186, 26.187, 26.189, 26.19, 26.192, 26.195, 26.196, 26.197, 26.199, 26.2, 26.202, 26.203, 26.205, 26.21, 26.212, 26.215, 26.216, 26.217, 26.218, 26.22, 26.224, 26.235, 26.239, 26.243, 26.247, 26.248, 26.249, 26.251, 26.263, 26.277, 26.296, 26.305, 26.315, 26.317, 26.319, 26.332, 26.356, 26.364, 26.366, 26.392, 26.432, 26.437, 26.532, 26.547, 26.587]
---
Round: 15, Unk. prob.: 1.000e+00
Surv probs: 0.000e+00, Fail probs: 0.000e+00
No. of non-dominant rules: 1536, Survival rules: 309, Failure rules: 1227
Boundary walk: 192 unknown sample(s) found
Batch update: 96 rules added, 0 existing rules removed (0 new rules dominated)
Walk survival: 96 rules added, 0 removed (from 96 candidates)
Batch update: 96 rules added, 0 existing rules removed (0 new rules dominated)
Walk failure: 96 rules added, 0 removed (from 96 candidates)
---
Round: 16, Unk. prob.: 1.000e+00
Surv probs: 0.000e+00, Fail probs: 0.000e+00
No. of non-dominant rules: 1728, Survival rules: 405, Failure rules: 1323
Batch update: 9 rules added, 0 existing rules removed (0 new rules dominated)
Survival: 9 rules added, 0 removed (from 9 candidates)
Batch update: 87 rules added, 0 existing rules removed (0 new rules dominated)
Failure: 87 rules added, 0 removed (from 87 candidates)
Updated sys_vals: [26.001, 26.031, 26.048, 26.052, 26.054, 26.055, 26.059, 26.062, 26.063, 26.064, 26.065, 26.067, 26.068, 26.07, 26.071, 26.073, 26.074, 26.075, 26.076, 26.077, 26.078, 26.079, 26.08, 26.081, 26.082, 26.083, 26.084, 26.085, 26.086, 26.087, 26.088, 26.089, 26.09, 26.091, 26.092, 26.093, 26.094, 26.095, 26.096, 26.097, 26.098, 26.099, 26.1, 26.101, 26.102, 26.103, 26.104, 26.105, 26.106, 26.107, 26.108, 26.109, 26.11, 26.111, 26.112, 26.113, 26.114, 26.115, 26.116, 26.117, 26.118, 26.119, 26.12, 26.121, 26.122, 26.123, 26.124, 26.125, 26.126, 26.127, 26.128, 26.129, 26.13, 26.131, 26.132, 26.133, 26.134, 26.135, 26.136, 26.137, 26.138, 26.139, 26.14, 26.141, 26.142, 26.143, 26.144, 26.145, 26.146, 26.147, 26.148, 26.149, 26.15, 26.151, 26.152, 26.153, 26.154, 26.155, 26.156, 26.157, 26.158, 26.159, 26.16, 26.161, 26.162, 26.163, 26.164, 26.165, 26.166, 26.167, 26.168, 26.169, 26.17, 26.171, 26.172, 26.173, 26.174, 26.175, 26.177, 26.178, 26.179, 26.18, 26.181, 26.182, 26.183, 26.184, 26.185, 26.186, 26.187, 26.188, 26.189, 26.19, 26.192, 26.194, 26.195, 26.196, 26.197, 26.199, 26.2, 26.202, 26.203, 26.204, 26.205, 26.208, 26.21, 26.211, 26.212, 26.215, 26.216, 26.217, 26.218, 26.22, 26.224, 26.228, 26.235, 26.239, 26.243, 26.247, 26.248, 26.249, 26.251, 26.262, 26.263, 26.277, 26.296, 26.299, 26.305, 26.315, 26.317, 26.319, 26.332, 26.337, 26.356, 26.364, 26.366, 26.368, 26.392, 26.432, 26.437, 26.532, 26.547, 26.587]
---
Round: 17, Unk. prob.: 1.000e+00
Surv probs: 0.000e+00, Fail probs: 0.000e+00
No. of non-dominant rules: 1824, Survival rules: 414, Failure rules: 1410
Batch update: 9 rules added, 0 existing rules removed (0 new rules dominated)
Survival: 9 rules added, 0 removed (from 9 candidates)
Batch update: 87 rules added, 0 existing rules removed (0 new rules dominated)
Failure: 87 rules added, 0 removed (from 87 candidates)
Updated sys_vals: [26.001, 26.031, 26.048, 26.052, 26.054, 26.055, 26.059, 26.062, 26.063, 26.064, 26.065, 26.067, 26.068, 26.069, 26.07, 26.071, 26.073, 26.074, 26.075, 26.076, 26.077, 26.078, 26.079, 26.08, 26.081, 26.082, 26.083, 26.084, 26.085, 26.086, 26.087, 26.088, 26.089, 26.09, 26.091, 26.092, 26.093, 26.094, 26.095, 26.096, 26.097, 26.098, 26.099, 26.1, 26.101, 26.102, 26.103, 26.104, 26.105, 26.106, 26.107, 26.108, 26.109, 26.11, 26.111, 26.112, 26.113, 26.114, 26.115, 26.116, 26.117, 26.118, 26.119, 26.12, 26.121, 26.122, 26.123, 26.124, 26.125, 26.126, 26.127, 26.128, 26.129, 26.13, 26.131, 26.132, 26.133, 26.134, 26.135, 26.136, 26.137, 26.138, 26.139, 26.14, 26.141, 26.142, 26.143, 26.144, 26.145, 26.146, 26.147, 26.148, 26.149, 26.15, 26.151, 26.152, 26.153, 26.154, 26.155, 26.156, 26.157, 26.158, 26.159, 26.16, 26.161, 26.162, 26.163, 26.164, 26.165, 26.166, 26.167, 26.168, 26.169, 26.17, 26.171, 26.172, 26.173, 26.174, 26.175, 26.177, 26.178, 26.179, 26.18, 26.181, 26.182, 26.183, 26.184, 26.185, 26.186, 26.187, 26.188, 26.189, 26.19, 26.192, 26.194, 26.195, 26.196, 26.197, 26.199, 26.2, 26.202, 26.203, 26.204, 26.205, 26.208, 26.21, 26.211, 26.212, 26.215, 26.216, 26.217, 26.218, 26.22, 26.222, 26.224, 26.226, 26.228, 26.235, 26.239, 26.243, 26.247, 26.248, 26.249, 26.251, 26.262, 26.263, 26.277, 26.296, 26.299, 26.305, 26.315, 26.317, 26.319, 26.332, 26.337, 26.356, 26.364, 26.366, 26.368, 26.392, 26.432, 26.437, 26.532, 26.547, 26.587]
---
Round: 18, Unk. prob.: 1.000e+00
Surv probs: 0.000e+00, Fail probs: 0.000e+00
No. of non-dominant rules: 1920, Survival rules: 423, Failure rules: 1497
Batch update: 12 rules added, 0 existing rules removed (0 new rules dominated)
Survival: 12 rules added, 0 removed (from 12 candidates)
Batch update: 84 rules added, 0 existing rules removed (0 new rules dominated)
Failure: 84 rules added, 0 removed (from 84 candidates)
Updated sys_vals: [26.001, 26.031, 26.048, 26.049, 26.052, 26.054, 26.055, 26.059, 26.062, 26.063, 26.064, 26.065, 26.067, 26.068, 26.069, 26.07, 26.071, 26.073, 26.074, 26.075, 26.076, 26.077, 26.078, 26.079, 26.08, 26.081, 26.082, 26.083, 26.084, 26.085, 26.086, 26.087, 26.088, 26.089, 26.09, 26.091, 26.092, 26.093, 26.094, 26.095, 26.096, 26.097, 26.098, 26.099, 26.1, 26.101, 26.102, 26.103, 26.104, 26.105, 26.106, 26.107, 26.108, 26.109, 26.11, 26.111, 26.112, 26.113, 26.114, 26.115, 26.116, 26.117, 26.118, 26.119, 26.12, 26.121, 26.122, 26.123, 26.124, 26.125, 26.126, 26.127, 26.128, 26.129, 26.13, 26.131, 26.132, 26.133, 26.134, 26.135, 26.136, 26.137, 26.138, 26.139, 26.14, 26.141, 26.142, 26.143, 26.144, 26.145, 26.146, 26.147, 26.148, 26.149, 26.15, 26.151, 26.152, 26.153, 26.154, 26.155, 26.156, 26.157, 26.158, 26.159, 26.16, 26.161, 26.162, 26.163, 26.164, 26.165, 26.166, 26.167, 26.168, 26.169, 26.17, 26.171, 26.172, 26.173, 26.174, 26.175, 26.177, 26.178, 26.179, 26.18, 26.181, 26.182, 26.183, 26.184, 26.185, 26.186, 26.187, 26.188, 26.189, 26.19, 26.192, 26.194, 26.195, 26.196, 26.197, 26.199, 26.2, 26.202, 26.203, 26.204, 26.205, 26.208, 26.21, 26.211, 26.212, 26.214, 26.215, 26.216, 26.217, 26.218, 26.22, 26.222, 26.224, 26.226, 26.228, 26.235, 26.239, 26.243, 26.247, 26.248, 26.249, 26.251, 26.257, 26.262, 26.263, 26.277, 26.279, 26.286, 26.296, 26.299, 26.305, 26.315, 26.317, 26.319, 26.332, 26.337, 26.356, 26.364, 26.366, 26.368, 26.392, 26.432, 26.437, 26.532, 26.547, 26.587, 26.723]
---
Round: 19, Unk. prob.: 1.000e+00
Surv probs: 0.000e+00, Fail probs: 0.000e+00
No. of non-dominant rules: 2016, Survival rules: 435, Failure rules: 1581
Batch update: 8 rules added, 0 existing rules removed (0 new rules dominated)
Survival: 8 rules added, 0 removed (from 8 candidates)
Batch update: 88 rules added, 0 existing rules removed (0 new rules dominated)
Failure: 88 rules added, 0 removed (from 88 candidates)
Updated sys_vals: [26.001, 26.031, 26.048, 26.049, 26.052, 26.054, 26.055, 26.059, 26.062, 26.063, 26.064, 26.065, 26.067, 26.068, 26.069, 26.07, 26.071, 26.073, 26.074, 26.075, 26.076, 26.077, 26.078, 26.079, 26.08, 26.081, 26.082, 26.083, 26.084, 26.085, 26.086, 26.087, 26.088, 26.089, 26.09, 26.091, 26.092, 26.093, 26.094, 26.095, 26.096, 26.097, 26.098, 26.099, 26.1, 26.101, 26.102, 26.103, 26.104, 26.105, 26.106, 26.107, 26.108, 26.109, 26.11, 26.111, 26.112, 26.113, 26.114, 26.115, 26.116, 26.117, 26.118, 26.119, 26.12, 26.121, 26.122, 26.123, 26.124, 26.125, 26.126, 26.127, 26.128, 26.129, 26.13, 26.131, 26.132, 26.133, 26.134, 26.135, 26.136, 26.137, 26.138, 26.139, 26.14, 26.141, 26.142, 26.143, 26.144, 26.145, 26.146, 26.147, 26.148, 26.149, 26.15, 26.151, 26.152, 26.153, 26.154, 26.155, 26.156, 26.157, 26.158, 26.159, 26.16, 26.161, 26.162, 26.163, 26.164, 26.165, 26.166, 26.167, 26.168, 26.169, 26.17, 26.171, 26.172, 26.173, 26.174, 26.175, 26.177, 26.178, 26.179, 26.18, 26.181, 26.182, 26.183, 26.184, 26.185, 26.186, 26.187, 26.188, 26.189, 26.19, 26.192, 26.194, 26.195, 26.196, 26.197, 26.199, 26.2, 26.202, 26.203, 26.204, 26.205, 26.208, 26.21, 26.211, 26.212, 26.214, 26.215, 26.216, 26.217, 26.218, 26.22, 26.222, 26.224, 26.226, 26.228, 26.235, 26.239, 26.243, 26.247, 26.248, 26.249, 26.251, 26.257, 26.262, 26.263, 26.277, 26.279, 26.286, 26.296, 26.299, 26.305, 26.315, 26.317, 26.319, 26.332, 26.337, 26.356, 26.364, 26.366, 26.368, 26.381, 26.392, 26.432, 26.437, 26.532, 26.547, 26.587, 26.723]
---
Round: 20, Unk. prob.: 1.000e+00
Surv probs: 0.000e+00, Fail probs: 0.000e+00
No. of non-dominant rules: 2112, Survival rules: 443, Failure rules: 1669
Boundary walk: 192 unknown sample(s) found
Batch update: 96 rules added, 0 existing rules removed (0 new rules dominated)
Walk survival: 96 rules added, 0 removed (from 96 candidates)
Batch update: 96 rules added, 0 existing rules removed (0 new rules dominated)
Walk failure: 96 rules added, 0 removed (from 96 candidates)
---
Round: 21, Unk. prob.: 1.000e+00
Surv probs: 0.000e+00, Fail probs: 0.000e+00
No. of non-dominant rules: 2304, Survival rules: 539, Failure rules: 1765
Batch update: 11 rules added, 0 existing rules removed (0 new rules dominated)
Survival: 11 rules added, 0 removed (from 11 candidates)
Batch update: 85 rules added, 0 existing rules removed (0 new rules dominated)
Failure: 85 rules added, 0 removed (from 85 candidates)
Updated sys_vals: [26.001, 26.031, 26.048, 26.049, 26.052, 26.054, 26.055, 26.059, 26.061, 26.062, 26.063, 26.064, 26.065, 26.066, 26.067, 26.068, 26.069, 26.07, 26.071, 26.072, 26.073, 26.074, 26.075, 26.076, 26.077, 26.078, 26.079, 26.08, 26.081, 26.082, 26.083, 26.084, 26.085, 26.086, 26.087, 26.088, 26.089, 26.09, 26.091, 26.092, 26.093, 26.094, 26.095, 26.096, 26.097, 26.098, 26.099, 26.1, 26.101, 26.102, 26.103, 26.104, 26.105, 26.106, 26.107, 26.108, 26.109, 26.11, 26.111, 26.112, 26.113, 26.114, 26.115, 26.116, 26.117, 26.118, 26.119, 26.12, 26.121, 26.122, 26.123, 26.124, 26.125, 26.126, 26.127, 26.128, 26.129, 26.13, 26.131, 26.132, 26.133, 26.134, 26.135, 26.136, 26.137, 26.138, 26.139, 26.14, 26.141, 26.142, 26.143, 26.144, 26.145, 26.146, 26.147, 26.148, 26.149, 26.15, 26.151, 26.152, 26.153, 26.154, 26.155, 26.156, 26.157, 26.158, 26.159, 26.16, 26.161, 26.162, 26.163, 26.164, 26.165, 26.166, 26.167, 26.168, 26.169, 26.17, 26.171, 26.172, 26.173, 26.174, 26.175, 26.176, 26.177, 26.178, 26.179, 26.18, 26.181, 26.182, 26.183, 26.184, 26.185, 26.186, 26.187, 26.188, 26.189, 26.19, 26.192, 26.194, 26.195, 26.196, 26.197, 26.199, 26.2, 26.202, 26.203, 26.204, 26.205, 26.208, 26.21, 26.211, 26.212, 26.214, 26.215, 26.216, 26.217, 26.218, 26.22, 26.222, 26.224, 26.226, 26.228, 26.231, 26.235, 26.239, 26.243, 26.247, 26.248, 26.249, 26.251, 26.257, 26.262, 26.263, 26.277, 26.279, 26.286, 26.296, 26.299, 26.305, 26.315, 26.317, 26.319, 26.332, 26.337, 26.356, 26.361, 26.364, 26.366, 26.368, 26.381, 26.392, 26.432, 26.437, 26.532, 26.547, 26.568, 26.587, 26.723]
---
Round: 22, Unk. prob.: 1.000e+00
Surv probs: 0.000e+00, Fail probs: 0.000e+00
No. of non-dominant rules: 2400, Survival rules: 550, Failure rules: 1850
Batch update: 6 rules added, 0 existing rules removed (0 new rules dominated)
Survival: 6 rules added, 0 removed (from 6 candidates)
Batch update: 90 rules added, 0 existing rules removed (0 new rules dominated)
Failure: 90 rules added, 0 removed (from 90 candidates)
Updated sys_vals: [26.001, 26.031, 26.048, 26.049, 26.052, 26.054, 26.055, 26.059, 26.061, 26.062, 26.063, 26.064, 26.065, 26.066, 26.067, 26.068, 26.069, 26.07, 26.071, 26.072, 26.073, 26.074, 26.075, 26.076, 26.077, 26.078, 26.079, 26.08, 26.081, 26.082, 26.083, 26.084, 26.085, 26.086, 26.087, 26.088, 26.089, 26.09, 26.091, 26.092, 26.093, 26.094, 26.095, 26.096, 26.097, 26.098, 26.099, 26.1, 26.101, 26.102, 26.103, 26.104, 26.105, 26.106, 26.107, 26.108, 26.109, 26.11, 26.111, 26.112, 26.113, 26.114, 26.115, 26.116, 26.117, 26.118, 26.119, 26.12, 26.121, 26.122, 26.123, 26.124, 26.125, 26.126, 26.127, 26.128, 26.129, 26.13, 26.131, 26.132, 26.133, 26.134, 26.135, 26.136, 26.137, 26.138, 26.139, 26.14, 26.141, 26.142, 26.143, 26.144, 26.145, 26.146, 26.147, 26.148, 26.149, 26.15, 26.151, 26.152, 26.153, 26.154, 26.155, 26.156, 26.157, 26.158, 26.159, 26.16, 26.161, 26.162, 26.163, 26.164, 26.165, 26.166, 26.167, 26.168, 26.169, 26.17, 26.171, 26.172, 26.173, 26.174, 26.175, 26.176, 26.177, 26.178, 26.179, 26.18, 26.181, 26.182, 26.183, 26.184, 26.185, 26.186, 26.187, 26.188, 26.189, 26.19, 26.192, 26.194, 26.195, 26.196, 26.197, 26.199, 26.2, 26.202, 26.203, 26.204, 26.205, 26.208, 26.21, 26.211, 26.212, 26.214, 26.215, 26.216, 26.217, 26.218, 26.22, 26.222, 26.224, 26.226, 26.228, 26.231, 26.235, 26.239, 26.243, 26.247, 26.248, 26.249, 26.251, 26.257, 26.262, 26.263, 26.277, 26.279, 26.286, 26.296, 26.299, 26.305, 26.315, 26.317, 26.319, 26.332, 26.337, 26.354, 26.356, 26.361, 26.362, 26.364, 26.366, 26.368, 26.381, 26.384, 26.392, 26.432, 26.437, 26.532, 26.547, 26.568, 26.587, 26.723]
---
Round: 23, Unk. prob.: 1.000e+00
Surv probs: 0.000e+00, Fail probs: 0.000e+00
No. of non-dominant rules: 2496, Survival rules: 556, Failure rules: 1940
Batch update: 11 rules added, 0 existing rules removed (0 new rules dominated)
Survival: 11 rules added, 0 removed (from 11 candidates)
Batch update: 85 rules added, 0 existing rules removed (0 new rules dominated)
Failure: 85 rules added, 0 removed (from 85 candidates)
Updated sys_vals: [26.001, 26.031, 26.048, 26.049, 26.052, 26.054, 26.055, 26.059, 26.061, 26.062, 26.063, 26.064, 26.065, 26.066, 26.067, 26.068, 26.069, 26.07, 26.071, 26.072, 26.073, 26.074, 26.075, 26.076, 26.077, 26.078, 26.079, 26.08, 26.081, 26.082, 26.083, 26.084, 26.085, 26.086, 26.087, 26.088, 26.089, 26.09, 26.091, 26.092, 26.093, 26.094, 26.095, 26.096, 26.097, 26.098, 26.099, 26.1, 26.101, 26.102, 26.103, 26.104, 26.105, 26.106, 26.107, 26.108, 26.109, 26.11, 26.111, 26.112, 26.113, 26.114, 26.115, 26.116, 26.117, 26.118, 26.119, 26.12, 26.121, 26.122, 26.123, 26.124, 26.125, 26.126, 26.127, 26.128, 26.129, 26.13, 26.131, 26.132, 26.133, 26.134, 26.135, 26.136, 26.137, 26.138, 26.139, 26.14, 26.141, 26.142, 26.143, 26.144, 26.145, 26.146, 26.147, 26.148, 26.149, 26.15, 26.151, 26.152, 26.153, 26.154, 26.155, 26.156, 26.157, 26.158, 26.159, 26.16, 26.161, 26.162, 26.163, 26.164, 26.165, 26.166, 26.167, 26.168, 26.169, 26.17, 26.171, 26.172, 26.173, 26.174, 26.175, 26.176, 26.177, 26.178, 26.179, 26.18, 26.181, 26.182, 26.183, 26.184, 26.185, 26.186, 26.187, 26.188, 26.189, 26.19, 26.192, 26.194, 26.195, 26.196, 26.197, 26.199, 26.2, 26.202, 26.203, 26.204, 26.205, 26.208, 26.21, 26.211, 26.212, 26.214, 26.215, 26.216, 26.217, 26.218, 26.22, 26.222, 26.224, 26.226, 26.228, 26.231, 26.235, 26.239, 26.243, 26.247, 26.248, 26.249, 26.251, 26.257, 26.262, 26.263, 26.272, 26.277, 26.279, 26.286, 26.296, 26.299, 26.305, 26.315, 26.317, 26.319, 26.332, 26.337, 26.354, 26.356, 26.361, 26.362, 26.364, 26.366, 26.368, 26.381, 26.384, 26.392, 26.432, 26.437, 26.532, 26.547, 26.568, 26.587, 26.723]
---
Round: 24, Unk. prob.: 1.000e+00
Surv probs: 0.000e+00, Fail probs: 0.000e+00
No. of non-dominant rules: 2592, Survival rules: 567, Failure rules: 2025
Batch update: 10 rules added, 0 existing rules removed (0 new rules dominated)
Survival: 10 rules added, 0 removed (from 10 candidates)
Batch update: 86 rules added, 0 existing rules removed (0 new rules dominated)
Failure: 86 rules added, 0 removed (from 86 candidates)
Updated sys_vals: [26.001, 26.031, 26.048, 26.049, 26.052, 26.054, 26.055, 26.059, 26.061, 26.062, 26.063, 26.064, 26.065, 26.066, 26.067, 26.068, 26.069, 26.07, 26.071, 26.072, 26.073, 26.074, 26.075, 26.076, 26.077, 26.078, 26.079, 26.08, 26.081, 26.082, 26.083, 26.084, 26.085, 26.086, 26.087, 26.088, 26.089, 26.09, 26.091, 26.092, 26.093, 26.094, 26.095, 26.096, 26.097, 26.098, 26.099, 26.1, 26.101, 26.102, 26.103, 26.104, 26.105, 26.106, 26.107, 26.108, 26.109, 26.11, 26.111, 26.112, 26.113, 26.114, 26.115, 26.116, 26.117, 26.118, 26.119, 26.12, 26.121, 26.122, 26.123, 26.124, 26.125, 26.126, 26.127, 26.128, 26.129, 26.13, 26.131, 26.132, 26.133, 26.134, 26.135, 26.136, 26.137, 26.138, 26.139, 26.14, 26.141, 26.142, 26.143, 26.144, 26.145, 26.146, 26.147, 26.148, 26.149, 26.15, 26.151, 26.152, 26.153, 26.154, 26.155, 26.156, 26.157, 26.158, 26.159, 26.16, 26.161, 26.162, 26.163, 26.164, 26.165, 26.166, 26.167, 26.168, 26.169, 26.17, 26.171, 26.172, 26.173, 26.174, 26.175, 26.176, 26.177, 26.178, 26.179, 26.18, 26.181, 26.182, 26.183, 26.184, 26.185, 26.186, 26.187, 26.188, 26.189, 26.19, 26.192, 26.194, 26.195, 26.196, 26.197, 26.198, 26.199, 26.2, 26.202, 26.203, 26.204, 26.205, 26.208, 26.21, 26.211, 26.212, 26.214, 26.215, 26.216, 26.217, 26.218, 26.22, 26.222, 26.224, 26.226, 26.227, 26.228, 26.231, 26.235, 26.239, 26.243, 26.247, 26.248, 26.249, 26.251, 26.257, 26.262, 26.263, 26.272, 26.277, 26.279, 26.284, 26.286, 26.296, 26.299, 26.305, 26.308, 26.315, 26.317, 26.319, 26.332, 26.337, 26.354, 26.356, 26.361, 26.362, 26.364, 26.366, 26.368, 26.381, 26.384, 26.392, 26.432, 26.437, 26.532, 26.547, 26.568, 26.587, 26.723]
---
Round: 25, Unk. prob.: 1.000e+00
Surv probs: 0.000e+00, Fail probs: 0.000e+00
No. of non-dominant rules: 2688, Survival rules: 577, Failure rules: 2111
Boundary walk: 192 unknown sample(s) found
Batch update: 96 rules added, 0 existing rules removed (0 new rules dominated)
Walk survival: 96 rules added, 0 removed (from 96 candidates)
Batch update: 96 rules added, 0 existing rules removed (0 new rules dominated)
Walk failure: 96 rules added, 0 removed (from 96 candidates)
---
Round: 26, Unk. prob.: 1.000e+00
Surv probs: 0.000e+00, Fail probs: 0.000e+00
No. of non-dominant rules: 2880, Survival rules: 673, Failure rules: 2207
Batch update: 13 rules added, 0 existing rules removed (0 new rules dominated)
Survival: 13 rules added, 0 removed (from 13 candidates)
Batch update: 83 rules added, 0 existing rules removed (0 new rules dominated)
Failure: 83 rules added, 0 removed (from 83 candidates)
Updated sys_vals: [26.001, 26.031, 26.039, 26.048, 26.049, 26.052, 26.054, 26.055, 26.059, 26.061, 26.062, 26.063, 26.064, 26.065, 26.066, 26.067, 26.068, 26.069, 26.07, 26.071, 26.072, 26.073, 26.074, 26.075, 26.076, 26.077, 26.078, 26.079, 26.08, 26.081, 26.082, 26.083, 26.084, 26.085, 26.086, 26.087, 26.088, 26.089, 26.09, 26.091, 26.092, 26.093, 26.094, 26.095, 26.096, 26.097, 26.098, 26.099, 26.1, 26.101, 26.102, 26.103, 26.104, 26.105, 26.106, 26.107, 26.108, 26.109, 26.11, 26.111, 26.112, 26.113, 26.114, 26.115, 26.116, 26.117, 26.118, 26.119, 26.12, 26.121, 26.122, 26.123, 26.124, 26.125, 26.126, 26.127, 26.128, 26.129, 26.13, 26.131, 26.132, 26.133, 26.134, 26.135, 26.136, 26.137, 26.138, 26.139, 26.14, 26.141, 26.142, 26.143, 26.144, 26.145, 26.146, 26.147, 26.148, 26.149, 26.15, 26.151, 26.152, 26.153, 26.154, 26.155, 26.156, 26.157, 26.158, 26.159, 26.16, 26.161, 26.162, 26.163, 26.164, 26.165, 26.166, 26.167, 26.168, 26.169, 26.17, 26.171, 26.172, 26.173, 26.174, 26.175, 26.176, 26.177, 26.178, 26.179, 26.18, 26.181, 26.182, 26.183, 26.184, 26.185, 26.186, 26.187, 26.188, 26.189, 26.19, 26.192, 26.194, 26.195, 26.196, 26.197, 26.198, 26.199, 26.2, 26.202, 26.203, 26.204, 26.205, 26.206, 26.207, 26.208, 26.209, 26.21, 26.211, 26.212, 26.214, 26.215, 26.216, 26.217, 26.218, 26.219, 26.22, 26.222, 26.224, 26.226, 26.227, 26.228, 26.231, 26.235, 26.239, 26.243, 26.247, 26.248, 26.249, 26.251, 26.257, 26.262, 26.263, 26.272, 26.277, 26.279, 26.284, 26.286, 26.29, 26.296, 26.299, 26.305, 26.308, 26.315, 26.317, 26.319, 26.332, 26.337, 26.342, 26.354, 26.356, 26.361, 26.362, 26.364, 26.366, 26.368, 26.381, 26.384, 26.392, 26.432, 26.437, 26.502, 26.532, 26.547, 26.568, 26.587, 26.723]
---
Round: 27, Unk. prob.: 1.000e+00
Surv probs: 0.000e+00, Fail probs: 0.000e+00
No. of non-dominant rules: 2976, Survival rules: 686, Failure rules: 2290
Batch update: 6 rules added, 0 existing rules removed (0 new rules dominated)
Survival: 6 rules added, 0 removed (from 6 candidates)
Batch update: 90 rules added, 0 existing rules removed (0 new rules dominated)
Failure: 90 rules added, 0 removed (from 90 candidates)
Updated sys_vals: [26.001, 26.031, 26.039, 26.048, 26.049, 26.052, 26.054, 26.055, 26.059, 26.061, 26.062, 26.063, 26.064, 26.065, 26.066, 26.067, 26.068, 26.069, 26.07, 26.071, 26.072, 26.073, 26.074, 26.075, 26.076, 26.077, 26.078, 26.079, 26.08, 26.081, 26.082, 26.083, 26.084, 26.085, 26.086, 26.087, 26.088, 26.089, 26.09, 26.091, 26.092, 26.093, 26.094, 26.095, 26.096, 26.097, 26.098, 26.099, 26.1, 26.101, 26.102, 26.103, 26.104, 26.105, 26.106, 26.107, 26.108, 26.109, 26.11, 26.111, 26.112, 26.113, 26.114, 26.115, 26.116, 26.117, 26.118, 26.119, 26.12, 26.121, 26.122, 26.123, 26.124, 26.125, 26.126, 26.127, 26.128, 26.129, 26.13, 26.131, 26.132, 26.133, 26.134, 26.135, 26.136, 26.137, 26.138, 26.139, 26.14, 26.141, 26.142, 26.143, 26.144, 26.145, 26.146, 26.147, 26.148, 26.149, 26.15, 26.151, 26.152, 26.153, 26.154, 26.155, 26.156, 26.157, 26.158, 26.159, 26.16, 26.161, 26.162, 26.163, 26.164, 26.165, 26.166, 26.167, 26.168, 26.169, 26.17, 26.171, 26.172, 26.173, 26.174, 26.175, 26.176, 26.177, 26.178, 26.179, 26.18, 26.181, 26.182, 26.183, 26.184, 26.185, 26.186, 26.187, 26.188, 26.189, 26.19, 26.192, 26.194, 26.195, 26.196, 26.197, 26.198, 26.199, 26.2, 26.202, 26.203, 26.204, 26.205, 26.206, 26.207, 26.208, 26.209, 26.21, 26.211, 26.212, 26.214, 26.215, 26.216, 26.217, 26.218, 26.219, 26.22, 26.222, 26.224, 26.226, 26.227, 26.228, 26.231, 26.235, 26.239, 26.243, 26.247, 26.248, 26.249, 26.251, 26.257, 26.262, 26.263, 26.272, 26.277, 26.279, 26.284, 26.286, 26.29, 26.296, 26.299, 26.305, 26.308, 26.315, 26.317, 26.319, 26.332, 26.337, 26.342, 26.354, 26.356, 26.361, 26.362, 26.364, 26.366, 26.368, 26.381, 26.384, 26.392, 26.432, 26.437, 26.502, 26.532, 26.547, 26.568, 26.587, 26.723]
---
Round: 28, Unk. prob.: 1.000e+00
Surv probs: 0.000e+00, Fail probs: 0.000e+00
No. of non-dominant rules: 3072, Survival rules: 692, Failure rules: 2380
Batch update: 9 rules added, 0 existing rules removed (0 new rules dominated)
Survival: 9 rules added, 0 removed (from 9 candidates)
Batch update: 87 rules added, 0 existing rules removed (0 new rules dominated)
Failure: 87 rules added, 0 removed (from 87 candidates)
Updated sys_vals: [26.001, 26.031, 26.039, 26.048, 26.049, 26.052, 26.054, 26.055, 26.058, 26.059, 26.061, 26.062, 26.063, 26.064, 26.065, 26.066, 26.067, 26.068, 26.069, 26.07, 26.071, 26.072, 26.073, 26.074, 26.075, 26.076, 26.077, 26.078, 26.079, 26.08, 26.081, 26.082, 26.083, 26.084, 26.085, 26.086, 26.087, 26.088, 26.089, 26.09, 26.091, 26.092, 26.093, 26.094, 26.095, 26.096, 26.097, 26.098, 26.099, 26.1, 26.101, 26.102, 26.103, 26.104, 26.105, 26.106, 26.107, 26.108, 26.109, 26.11, 26.111, 26.112, 26.113, 26.114, 26.115, 26.116, 26.117, 26.118, 26.119, 26.12, 26.121, 26.122, 26.123, 26.124, 26.125, 26.126, 26.127, 26.128, 26.129, 26.13, 26.131, 26.132, 26.133, 26.134, 26.135, 26.136, 26.137, 26.138, 26.139, 26.14, 26.141, 26.142, 26.143, 26.144, 26.145, 26.146, 26.147, 26.148, 26.149, 26.15, 26.151, 26.152, 26.153, 26.154, 26.155, 26.156, 26.157, 26.158, 26.159, 26.16, 26.161, 26.162, 26.163, 26.164, 26.165, 26.166, 26.167, 26.168, 26.169, 26.17, 26.171, 26.172, 26.173, 26.174, 26.175, 26.176, 26.177, 26.178, 26.179, 26.18, 26.181, 26.182, 26.183, 26.184, 26.185, 26.186, 26.187, 26.188, 26.189, 26.19, 26.192, 26.193, 26.194, 26.195, 26.196, 26.197, 26.198, 26.199, 26.2, 26.202, 26.203, 26.204, 26.205, 26.206, 26.207, 26.208, 26.209, 26.21, 26.211, 26.212, 26.214, 26.215, 26.216, 26.217, 26.218, 26.219, 26.22, 26.222, 26.224, 26.226, 26.227, 26.228, 26.231, 26.235, 26.239, 26.243, 26.247, 26.248, 26.249, 26.251, 26.257, 26.262, 26.263, 26.272, 26.277, 26.279, 26.284, 26.286, 26.29, 26.296, 26.297, 26.299, 26.305, 26.308, 26.315, 26.317, 26.319, 26.332, 26.337, 26.342, 26.354, 26.356, 26.361, 26.362, 26.364, 26.366, 26.368, 26.381, 26.384, 26.392, 26.432, 26.437, 26.502, 26.532, 26.547, 26.568, 26.587, 26.723]
---
Round: 29, Unk. prob.: 1.000e+00
Surv probs: 0.000e+00, Fail probs: 0.000e+00
No. of non-dominant rules: 3168, Survival rules: 701, Failure rules: 2467
Batch update: 13 rules added, 0 existing rules removed (0 new rules dominated)
Survival: 13 rules added, 0 removed (from 13 candidates)
Batch update: 83 rules added, 0 existing rules removed (0 new rules dominated)
Failure: 83 rules added, 0 removed (from 83 candidates)
Updated sys_vals: [26.001, 26.031, 26.039, 26.048, 26.049, 26.052, 26.054, 26.055, 26.058, 26.059, 26.061, 26.062, 26.063, 26.064, 26.065, 26.066, 26.067, 26.068, 26.069, 26.07, 26.071, 26.072, 26.073, 26.074, 26.075, 26.076, 26.077, 26.078, 26.079, 26.08, 26.081, 26.082, 26.083, 26.084, 26.085, 26.086, 26.087, 26.088, 26.089, 26.09, 26.091, 26.092, 26.093, 26.094, 26.095, 26.096, 26.097, 26.098, 26.099, 26.1, 26.101, 26.102, 26.103, 26.104, 26.105, 26.106, 26.107, 26.108, 26.109, 26.11, 26.111, 26.112, 26.113, 26.114, 26.115, 26.116, 26.117, 26.118, 26.119, 26.12, 26.121, 26.122, 26.123, 26.124, 26.125, 26.126, 26.127, 26.128, 26.129, 26.13, 26.131, 26.132, 26.133, 26.134, 26.135, 26.136, 26.137, 26.138, 26.139, 26.14, 26.141, 26.142, 26.143, 26.144, 26.145, 26.146, 26.147, 26.148, 26.149, 26.15, 26.151, 26.152, 26.153, 26.154, 26.155, 26.156, 26.157, 26.158, 26.159, 26.16, 26.161, 26.162, 26.163, 26.164, 26.165, 26.166, 26.167, 26.168, 26.169, 26.17, 26.171, 26.172, 26.173, 26.174, 26.175, 26.176, 26.177, 26.178, 26.179, 26.18, 26.181, 26.182, 26.183, 26.184, 26.185, 26.186, 26.187, 26.188, 26.189, 26.19, 26.192, 26.193, 26.194, 26.195, 26.196, 26.197, 26.198, 26.199, 26.2, 26.202, 26.203, 26.204, 26.205, 26.206, 26.207, 26.208, 26.209, 26.21, 26.211, 26.212, 26.214, 26.215, 26.216, 26.217, 26.218, 26.219, 26.22, 26.222, 26.224, 26.226, 26.227, 26.228, 26.231, 26.235, 26.239, 26.243, 26.247, 26.248, 26.249, 26.251, 26.252, 26.257, 26.262, 26.263, 26.272, 26.277, 26.279, 26.284, 26.286, 26.29, 26.296, 26.297, 26.299, 26.305, 26.308, 26.315, 26.317, 26.319, 26.332, 26.337, 26.342, 26.354, 26.356, 26.361, 26.362, 26.364, 26.366, 26.368, 26.381, 26.384, 26.392, 26.432, 26.437, 26.502, 26.532, 26.547, 26.568, 26.587, 26.723]
---
Round: 30, Unk. prob.: 1.000e+00
Surv probs: 0.000e+00, Fail probs: 0.000e+00
No. of non-dominant rules: 3264, Survival rules: 714, Failure rules: 2550
Boundary walk: 192 unknown sample(s) found
Batch update: 96 rules added, 0 existing rules removed (0 new rules dominated)
Walk survival: 96 rules added, 0 removed (from 96 candidates)
Batch update: 96 rules added, 0 existing rules removed (0 new rules dominated)
Walk failure: 96 rules added, 0 removed (from 96 candidates)
---
Round: 31, Unk. prob.: 1.000e+00
Surv probs: 0.000e+00, Fail probs: 0.000e+00
No. of non-dominant rules: 3456, Survival rules: 810, Failure rules: 2646
Batch update: 8 rules added, 0 existing rules removed (0 new rules dominated)
Survival: 8 rules added, 0 removed (from 8 candidates)
Batch update: 88 rules added, 0 existing rules removed (0 new rules dominated)
Failure: 88 rules added, 0 removed (from 88 candidates)
Updated sys_vals: [26.001, 26.031, 26.039, 26.043, 26.048, 26.049, 26.052, 26.054, 26.055, 26.058, 26.059, 26.061, 26.062, 26.063, 26.064, 26.065, 26.066, 26.067, 26.068, 26.069, 26.07, 26.071, 26.072, 26.073, 26.074, 26.075, 26.076, 26.077, 26.078, 26.079, 26.08, 26.081, 26.082, 26.083, 26.084, 26.085, 26.086, 26.087, 26.088, 26.089, 26.09, 26.091, 26.092, 26.093, 26.094, 26.095, 26.096, 26.097, 26.098, 26.099, 26.1, 26.101, 26.102, 26.103, 26.104, 26.105, 26.106, 26.107, 26.108, 26.109, 26.11, 26.111, 26.112, 26.113, 26.114, 26.115, 26.116, 26.117, 26.118, 26.119, 26.12, 26.121, 26.122, 26.123, 26.124, 26.125, 26.126, 26.127, 26.128, 26.129, 26.13, 26.131, 26.132, 26.133, 26.134, 26.135, 26.136, 26.137, 26.138, 26.139, 26.14, 26.141, 26.142, 26.143, 26.144, 26.145, 26.146, 26.147, 26.148, 26.149, 26.15, 26.151, 26.152, 26.153, 26.154, 26.155, 26.156, 26.157, 26.158, 26.159, 26.16, 26.161, 26.162, 26.163, 26.164, 26.165, 26.166, 26.167, 26.168, 26.169, 26.17, 26.171, 26.172, 26.173, 26.174, 26.175, 26.176, 26.177, 26.178, 26.179, 26.18, 26.181, 26.182, 26.183, 26.184, 26.185, 26.186, 26.187, 26.188, 26.189, 26.19, 26.191, 26.192, 26.193, 26.194, 26.195, 26.196, 26.197, 26.198, 26.199, 26.2, 26.202, 26.203, 26.204, 26.205, 26.206, 26.207, 26.208, 26.209, 26.21, 26.211, 26.212, 26.214, 26.215, 26.216, 26.217, 26.218, 26.219, 26.22, 26.222, 26.224, 26.226, 26.227, 26.228, 26.231, 26.235, 26.239, 26.241, 26.243, 26.247, 26.248, 26.249, 26.251, 26.252, 26.257, 26.262, 26.263, 26.272, 26.277, 26.279, 26.284, 26.286, 26.29, 26.296, 26.297, 26.299, 26.305, 26.308, 26.315, 26.317, 26.319, 26.327, 26.332, 26.337, 26.342, 26.354, 26.356, 26.361, 26.362, 26.364, 26.366, 26.368, 26.381, 26.384, 26.392, 26.406, 26.432, 26.437, 26.502, 26.532, 26.547, 26.568, 26.587, 26.591, 26.723, 26.788]
---
Round: 32, Unk. prob.: 1.000e+00
Surv probs: 0.000e+00, Fail probs: 0.000e+00
No. of non-dominant rules: 3552, Survival rules: 818, Failure rules: 2734
