============================================================
Variable Reduction TSUM for IEEE 118-bus DC-OPF
============================================================

  Full model:  304 components, 4 max states
  Selected:    54 variable components
  Fixed:       250 components at best state
  Max states:  4
  Mode:        generators
    Generators: 54

  P(all fixed at best): 0.081059
  P(any fixed degraded): 0.918941
  Note: ignoring 91.8941% of probability space where
        fixed components are degraded.

Initialising DC-OPF system function...
DC-OPF sfun ready: 118 buses, 54 generators, 186 branches
  Verification (all operational): blackout=0.00%, sys_st=1

  Seed rules: 9 applicable (from 9 total)
    3 conditions: 9 rules

============================================================
TSUM rule extraction (54 variables, 4 states)
============================================================
  Convergence: unk_prob < 1e-05
  Device:      cpu
  Workers:     192

Starting rule extraction...

Loaded 9 initial failure rules
Parallel mode: 192 CPU workers for sfun + minimization
---
Round: 1, Unk. prob.: 1.000e+00
Surv probs: 0.000e+00, Fail probs: 0.000e+00
No. of non-dominant rules: 9, Survival rules: 0, Failure rules: 9
Batch update: 192 rules added, 0 existing rules removed (0 new rules dominated)
Survival: 192 rules added, 0 removed (from 192 candidates)
Updated sys_vals: [13.211, 13.458, 13.493, 13.557, 13.572, 13.607, 13.642, 13.649, 13.65, 13.657, 13.664, 13.67, 13.674, 13.677, 13.682, 13.693, 13.695, 13.699, 13.7, 13.702, 13.703, 13.706, 13.707, 13.711, 13.712, 13.717, 13.718, 13.719, 13.721, 13.729, 13.73, 13.732, 13.733, 13.735, 13.736, 13.739, 13.74, 13.741, 13.742, 13.744, 13.746, 13.747, 13.748, 13.749, 13.75, 13.751, 13.752, 13.753, 13.754, 13.755, 13.757, 13.758, 13.759, 13.76, 13.761, 13.762, 13.764, 13.765, 13.766, 13.767, 13.768, 13.77, 13.771, 13.772, 13.773, 13.774, 13.775, 13.776, 13.777, 13.778, 13.779, 13.78, 13.781, 13.782, 13.783, 13.784, 13.785, 13.786, 13.787, 13.788, 13.789, 13.79, 13.791, 13.793, 13.794, 13.795, 13.796, 13.797, 13.798, 13.799, 13.8]
---
Round: 2, Unk. prob.: 1.000e+00
Surv probs: 0.000e+00, Fail probs: 1.000e-05
No. of non-dominant rules: 201, Survival rules: 192, Failure rules: 9
Batch update: 192 rules added, 0 existing rules removed (0 new rules dominated)
Survival: 192 rules added, 0 removed (from 192 candidates)
Updated sys_vals: [13.211, 13.458, 13.493, 13.557, 13.572, 13.607, 13.616, 13.624, 13.627, 13.642, 13.644, 13.649, 13.65, 13.657, 13.664, 13.668, 13.67, 13.671, 13.674, 13.677, 13.68, 13.682, 13.684, 13.693, 13.695, 13.699, 13.7, 13.701, 13.702, 13.703, 13.706, 13.707, 13.708, 13.711, 13.712, 13.713, 13.714, 13.716, 13.717, 13.718, 13.719, 13.72, 13.721, 13.725, 13.727, 13.729, 13.73, 13.732, 13.733, 13.735, 13.736, 13.738, 13.739, 13.74, 13.741, 13.742, 13.744, 13.745, 13.746, 13.747, 13.748, 13.749, 13.75, 13.751, 13.752, 13.753, 13.754, 13.755, 13.756, 13.757, 13.758, 13.759, 13.76, 13.761, 13.762, 13.764, 13.765, 13.766, 13.767, 13.768, 13.769, 13.77, 13.771, 13.772, 13.773, 13.774, 13.775, 13.776, 13.777, 13.778, 13.779, 13.78, 13.781, 13.782, 13.783, 13.784, 13.785, 13.786, 13.787, 13.788, 13.789, 13.79, 13.791, 13.792, 13.793, 13.794, 13.795, 13.796, 13.797, 13.798, 13.799, 13.8]
---
Round: 3, Unk. prob.: 1.071e-01
Surv probs: 8.929e-01, Fail probs: 0.000e+00
No. of non-dominant rules: 393, Survival rules: 384, Failure rules: 9
Batch update: 192 rules added, 0 existing rules removed (0 new rules dominated)
Survival: 192 rules added, 0 removed (from 192 candidates)
Updated sys_vals: [13.211, 13.458, 13.493, 13.557, 13.572, 13.581, 13.607, 13.609, 13.616, 13.624, 13.625, 13.627, 13.642, 13.644, 13.649, 13.65, 13.655, 13.657, 13.664, 13.668, 13.67, 13.671, 13.673, 13.674, 13.676, 13.677, 13.68, 13.681, 13.682, 13.684, 13.688, 13.691, 13.693, 13.695, 13.696, 13.699, 13.7, 13.701, 13.702, 13.703, 13.706, 13.707, 13.708, 13.71, 13.711, 13.712, 13.713, 13.714, 13.716, 13.717, 13.718, 13.719, 13.72, 13.721, 13.723, 13.725, 13.727, 13.728, 13.729, 13.73, 13.731, 13.732, 13.733, 13.734, 13.735, 13.736, 13.738, 13.739, 13.74, 13.741, 13.742, 13.744, 13.745, 13.746, 13.747, 13.748, 13.749, 13.75, 13.751, 13.752, 13.753, 13.754, 13.755, 13.756, 13.757, 13.758, 13.759, 13.76, 13.761, 13.762, 13.763, 13.764, 13.765, 13.766, 13.767, 13.768, 13.769, 13.77, 13.771, 13.772, 13.773, 13.774, 13.775, 13.776, 13.777, 13.778, 13.779, 13.78, 13.781, 13.782, 13.783, 13.784, 13.785, 13.786, 13.787, 13.788, 13.789, 13.79, 13.791, 13.792, 13.793, 13.794, 13.795, 13.796, 13.797, 13.798, 13.799, 13.8]
---
Round: 4, Unk. prob.: 7.021e-02
Surv probs: 9.298e-01, Fail probs: 0.000e+00
No. of non-dominant rules: 585, Survival rules: 576, Failure rules: 9
Batch update: 192 rules added, 0 existing rules removed (0 new rules dominated)
Survival: 192 rules added, 0 removed (from 192 candidates)
Updated sys_vals: [13.18, 13.211, 13.338, 13.458, 13.493, 13.557, 13.572, 13.576, 13.581, 13.603, 13.607, 13.609, 13.616, 13.621, 13.624, 13.625, 13.627, 13.642, 13.644, 13.649, 13.65, 13.655, 13.657, 13.659, 13.662, 13.664, 13.666, 13.668, 13.67, 13.671, 13.673, 13.674, 13.676, 13.677, 13.68, 13.681, 13.682, 13.684, 13.686, 13.688, 13.691, 13.692, 13.693, 13.694, 13.695, 13.696, 13.699, 13.7, 13.701, 13.702, 13.703, 13.704, 13.705, 13.706, 13.707, 13.708, 13.709, 13.71, 13.711, 13.712, 13.713, 13.714, 13.716, 13.717, 13.718, 13.719, 13.72, 13.721, 13.723, 13.725, 13.727, 13.728, 13.729, 13.73, 13.731, 13.732, 13.733, 13.734, 13.735, 13.736, 13.738, 13.739, 13.74, 13.741, 13.742, 13.743, 13.744, 13.745, 13.746, 13.747, 13.748, 13.749, 13.75, 13.751, 13.752, 13.753, 13.754, 13.755, 13.756, 13.757, 13.758, 13.759, 13.76, 13.761, 13.762, 13.763, 13.764, 13.765, 13.766, 13.767, 13.768, 13.769, 13.77, 13.771, 13.772, 13.773, 13.774, 13.775, 13.776, 13.777, 13.778, 13.779, 13.78, 13.781, 13.782, 13.783, 13.784, 13.785, 13.786, 13.787, 13.788, 13.789, 13.79, 13.791, 13.792, 13.793, 13.794, 13.795, 13.796, 13.797, 13.798, 13.799, 13.8]
---
Round: 5, Unk. prob.: 5.385e-02
Surv probs: 9.462e-01, Fail probs: 0.000e+00
No. of non-dominant rules: 777, Survival rules: 768, Failure rules: 9
Batch update: 192 rules added, 0 existing rules removed (0 new rules dominated)
Survival: 192 rules added, 0 removed (from 192 candidates)
Updated sys_vals: [13.001, 13.18, 13.211, 13.338, 13.453, 13.458, 13.493, 13.535, 13.542, 13.557, 13.572, 13.576, 13.581, 13.588, 13.59, 13.603, 13.607, 13.609, 13.614, 13.616, 13.621, 13.624, 13.625, 13.627, 13.642, 13.643, 13.644, 13.649, 13.65, 13.655, 13.657, 13.659, 13.66, 13.662, 13.664, 13.666, 13.668, 13.67, 13.671, 13.673, 13.674, 13.675, 13.676, 13.677, 13.68, 13.681, 13.682, 13.684, 13.685, 13.686, 13.688, 13.691, 13.692, 13.693, 13.694, 13.695, 13.696, 13.699, 13.7, 13.701, 13.702, 13.703, 13.704, 13.705, 13.706, 13.707, 13.708, 13.709, 13.71, 13.711, 13.712, 13.713, 13.714, 13.716, 13.717, 13.718, 13.719, 13.72, 13.721, 13.723, 13.725, 13.727, 13.728, 13.729, 13.73, 13.731, 13.732, 13.733, 13.734, 13.735, 13.736, 13.737, 13.738, 13.739, 13.74, 13.741, 13.742, 13.743, 13.744, 13.745, 13.746, 13.747, 13.748, 13.749, 13.75, 13.751, 13.752, 13.753, 13.754, 13.755, 13.756, 13.757, 13.758, 13.759, 13.76, 13.761, 13.762, 13.763, 13.764, 13.765, 13.766, 13.767, 13.768, 13.769, 13.77, 13.771, 13.772, 13.773, 13.774, 13.775, 13.776, 13.777, 13.778, 13.779, 13.78, 13.781, 13.782, 13.783, 13.784, 13.785, 13.786, 13.787, 13.788, 13.789, 13.79, 13.791, 13.792, 13.793, 13.794, 13.795, 13.796, 13.797, 13.798, 13.799, 13.8]
---
Round: 6, Unk. prob.: 4.437e-02
Surv probs: 9.556e-01, Fail probs: 0.000e+00
No. of non-dominant rules: 969, Survival rules: 960, Failure rules: 9
Batch update: 192 rules added, 0 existing rules removed (0 new rules dominated)
Survival: 192 rules added, 0 removed (from 192 candidates)
Updated sys_vals: [13.001, 13.18, 13.211, 13.338, 13.369, 13.412, 13.453, 13.458, 13.493, 13.535, 13.542, 13.557, 13.572, 13.576, 13.581, 13.588, 13.59, 13.603, 13.607, 13.609, 13.614, 13.616, 13.621, 13.624, 13.625, 13.627, 13.633, 13.641, 13.642, 13.643, 13.644, 13.649, 13.65, 13.655, 13.657, 13.659, 13.66, 13.662, 13.664, 13.666, 13.668, 13.67, 13.671, 13.673, 13.674, 13.675, 13.676, 13.677, 13.68, 13.681, 13.682, 13.684, 13.685, 13.686, 13.687, 13.688, 13.69, 13.691, 13.692, 13.693, 13.694, 13.695, 13.696, 13.699, 13.7, 13.701, 13.702, 13.703, 13.704, 13.705, 13.706, 13.707, 13.708, 13.709, 13.71, 13.711, 13.712, 13.713, 13.714, 13.715, 13.716, 13.717, 13.718, 13.719, 13.72, 13.721, 13.723, 13.725, 13.727, 13.728, 13.729, 13.73, 13.731, 13.732, 13.733, 13.734, 13.735, 13.736, 13.737, 13.738, 13.739, 13.74, 13.741, 13.742, 13.743, 13.744, 13.745, 13.746, 13.747, 13.748, 13.749, 13.75, 13.751, 13.752, 13.753, 13.754, 13.755, 13.756, 13.757, 13.758, 13.759, 13.76, 13.761, 13.762, 13.763, 13.764, 13.765, 13.766, 13.767, 13.768, 13.769, 13.77, 13.771, 13.772, 13.773, 13.774, 13.775, 13.776, 13.777, 13.778, 13.779, 13.78, 13.781, 13.782, 13.783, 13.784, 13.785, 13.786, 13.787, 13.788, 13.789, 13.79, 13.791, 13.792, 13.793, 13.794, 13.795, 13.796, 13.797, 13.798, 13.799, 13.8]
---
Round: 7, Unk. prob.: 3.841e-02
Surv probs: 9.616e-01, Fail probs: 1.000e-05
No. of non-dominant rules: 1161, Survival rules: 1152, Failure rules: 9
Batch update: 192 rules added, 0 existing rules removed (0 new rules dominated)
Survival: 192 rules added, 0 removed (from 192 candidates)
Updated sys_vals: [13.001, 13.18, 13.199, 13.211, 13.338, 13.369, 13.412, 13.453, 13.458, 13.479, 13.493, 13.535, 13.542, 13.557, 13.572, 13.573, 13.576, 13.581, 13.588, 13.59, 13.603, 13.607, 13.609, 13.612, 13.614, 13.616, 13.621, 13.622, 13.624, 13.625, 13.627, 13.633, 13.641, 13.642, 13.643, 13.644, 13.649, 13.65, 13.654, 13.655, 13.657, 13.659, 13.66, 13.662, 13.663, 13.664, 13.666, 13.668, 13.67, 13.671, 13.672, 13.673, 13.674, 13.675, 13.676, 13.677, 13.679, 13.68, 13.681, 13.682, 13.684, 13.685, 13.686, 13.687, 13.688, 13.69, 13.691, 13.692, 13.693, 13.694, 13.695, 13.696, 13.699, 13.7, 13.701, 13.702, 13.703, 13.704, 13.705, 13.706, 13.707, 13.708, 13.709, 13.71, 13.711, 13.712, 13.713, 13.714, 13.715, 13.716, 13.717, 13.718, 13.719, 13.72, 13.721, 13.723, 13.724, 13.725, 13.727, 13.728, 13.729, 13.73, 13.731, 13.732, 13.733, 13.734, 13.735, 13.736, 13.737, 13.738, 13.739, 13.74, 13.741, 13.742, 13.743, 13.744, 13.745, 13.746, 13.747, 13.748, 13.749, 13.75, 13.751, 13.752, 13.753, 13.754, 13.755, 13.756, 13.757, 13.758, 13.759, 13.76, 13.761, 13.762, 13.763, 13.764, 13.765, 13.766, 13.767, 13.768, 13.769, 13.77, 13.771, 13.772, 13.773, 13.774, 13.775, 13.776, 13.777, 13.778, 13.779, 13.78, 13.781, 13.782, 13.783, 13.784, 13.785, 13.786, 13.787, 13.788, 13.789, 13.79, 13.791, 13.792, 13.793, 13.794, 13.795, 13.796, 13.797, 13.798, 13.799, 13.8]
---
Round: 8, Unk. prob.: 3.513e-02
Surv probs: 9.648e-01, Fail probs: 3.000e-05
No. of non-dominant rules: 1353, Survival rules: 1344, Failure rules: 9
Batch update: 191 rules added, 0 existing rules removed (0 new rules dominated)
Survival: 191 rules added, 0 removed (from 191 candidates)
Batch update: 1 rules added, 0 existing rules removed (0 new rules dominated)
Failure: 1 rules added, 0 removed (from 1 candidates)
Updated sys_vals: [13.001, 13.18, 13.199, 13.211, 13.338, 13.369, 13.412, 13.45, 13.453, 13.458, 13.479, 13.493, 13.511, 13.535, 13.542, 13.557, 13.56, 13.572, 13.573, 13.576, 13.581, 13.588, 13.59, 13.595, 13.603, 13.607, 13.609, 13.612, 13.614, 13.616, 13.621, 13.622, 13.623, 13.624, 13.625, 13.627, 13.633, 13.641, 13.642, 13.643, 13.644, 13.647, 13.649, 13.65, 13.651, 13.654, 13.655, 13.657, 13.659, 13.66, 13.662, 13.663, 13.664, 13.666, 13.668, 13.67, 13.671, 13.672, 13.673, 13.674, 13.675, 13.676, 13.677, 13.679, 13.68, 13.681, 13.682, 13.684, 13.685, 13.686, 13.687, 13.688, 13.69, 13.691, 13.692, 13.693, 13.694, 13.695, 13.696, 13.697, 13.699, 13.7, 13.701, 13.702, 13.703, 13.704, 13.705, 13.706, 13.707, 13.708, 13.709, 13.71, 13.711, 13.712, 13.713, 13.714, 13.715, 13.716, 13.717, 13.718, 13.719, 13.72, 13.721, 13.722, 13.723, 13.724, 13.725, 13.727, 13.728, 13.729, 13.73, 13.731, 13.732, 13.733, 13.734, 13.735, 13.736, 13.737, 13.738, 13.739, 13.74, 13.741, 13.742, 13.743, 13.744, 13.745, 13.746, 13.747, 13.748, 13.749, 13.75, 13.751, 13.752, 13.753, 13.754, 13.755, 13.756, 13.757, 13.758, 13.759, 13.76, 13.761, 13.762, 13.763, 13.764, 13.765, 13.766, 13.767, 13.768, 13.769, 13.77, 13.771, 13.772, 13.773, 13.774, 13.775, 13.776, 13.777, 13.778, 13.779, 13.78, 13.781, 13.782, 13.783, 13.784, 13.785, 13.786, 13.787, 13.788, 13.789, 13.79, 13.791, 13.792, 13.793, 13.794, 13.795, 13.796, 13.797, 13.798, 13.799, 13.8, 13.923]
---
Round: 9, Unk. prob.: 3.029e-02
Surv probs: 9.697e-01, Fail probs: 0.000e+00
No. of non-dominant rules: 1545, Survival rules: 1535, Failure rules: 10
Batch update: 191 rules added, 0 existing rules removed (0 new rules dominated)
Survival: 191 rules added, 0 removed (from 191 candidates)
Batch update: 1 rules added, 0 existing rules removed (0 new rules dominated)
Failure: 1 rules added, 0 removed (from 1 candidates)
Updated sys_vals: [13.001, 13.18, 13.199, 13.211, 13.279, 13.338, 13.369, 13.412, 13.422, 13.424, 13.45, 13.453, 13.458, 13.479, 13.493, 13.511, 13.517, 13.535, 13.539, 13.542, 13.557, 13.56, 13.572, 13.573, 13.576, 13.581, 13.588, 13.59, 13.595, 13.603, 13.607, 13.609, 13.612, 13.614, 13.616, 13.621, 13.622, 13.623, 13.624, 13.625, 13.627, 13.633, 13.641, 13.642, 13.643, 13.644, 13.647, 13.649, 13.65, 13.651, 13.654, 13.655, 13.657, 13.659, 13.66, 13.662, 13.663, 13.664, 13.666, 13.668, 13.67, 13.671, 13.672, 13.673, 13.674, 13.675, 13.676, 13.677, 13.678, 13.679, 13.68, 13.681, 13.682, 13.684, 13.685, 13.686, 13.687, 13.688, 13.689, 13.69, 13.691, 13.692, 13.693, 13.694, 13.695, 13.696, 13.697, 13.699, 13.7, 13.701, 13.702, 13.703, 13.704, 13.705, 13.706, 13.707, 13.708, 13.709, 13.71, 13.711, 13.712, 13.713, 13.714, 13.715, 13.716, 13.717, 13.718, 13.719, 13.72, 13.721, 13.722, 13.723, 13.724, 13.725, 13.726, 13.727, 13.728, 13.729, 13.73, 13.731, 13.732, 13.733, 13.734, 13.735, 13.736, 13.737, 13.738, 13.739, 13.74, 13.741, 13.742, 13.743, 13.744, 13.745, 13.746, 13.747, 13.748, 13.749, 13.75, 13.751, 13.752, 13.753, 13.754, 13.755, 13.756, 13.757, 13.758, 13.759, 13.76, 13.761, 13.762, 13.763, 13.764, 13.765, 13.766, 13.767, 13.768, 13.769, 13.77, 13.771, 13.772, 13.773, 13.774, 13.775, 13.776, 13.777, 13.778, 13.779, 13.78, 13.781, 13.782, 13.783, 13.784, 13.785, 13.786, 13.787, 13.788, 13.789, 13.79, 13.791, 13.792, 13.793, 13.794, 13.795, 13.796, 13.797, 13.798, 13.799, 13.8, 13.919, 13.923]
---
Round: 10, Unk. prob.: 2.918e-02
Surv probs: 9.708e-01, Fail probs: 0.000e+00
No. of non-dominant rules: 1737, Survival rules: 1726, Failure rules: 11
Batch update: 192 rules added, 0 existing rules removed (0 new rules dominated)
Survival: 192 rules added, 0 removed (from 192 candidates)
Updated sys_vals: [13.001, 13.18, 13.199, 13.211, 13.279, 13.338, 13.369, 13.412, 13.422, 13.424, 13.45, 13.453, 13.458, 13.477, 13.479, 13.493, 13.511, 13.517, 13.535, 13.539, 13.542, 13.557, 13.56, 13.572, 13.573, 13.576, 13.581, 13.583, 13.588, 13.59, 13.595, 13.603, 13.607, 13.609, 13.612, 13.614, 13.616, 13.621, 13.622, 13.623, 13.624, 13.625, 13.627, 13.633, 13.639, 13.641, 13.642, 13.643, 13.644, 13.647, 13.649, 13.65, 13.651, 13.654, 13.655, 13.657, 13.659, 13.66, 13.662, 13.663, 13.664, 13.666, 13.668, 13.67, 13.671, 13.672, 13.673, 13.674, 13.675, 13.676, 13.677, 13.678, 13.679, 13.68, 13.681, 13.682, 13.684, 13.685, 13.686, 13.687, 13.688, 13.689, 13.69, 13.691, 13.692, 13.693, 13.694, 13.695, 13.696, 13.697, 13.699, 13.7, 13.701, 13.702, 13.703, 13.704, 13.705, 13.706, 13.707, 13.708, 13.709, 13.71, 13.711, 13.712, 13.713, 13.714, 13.715, 13.716, 13.717, 13.718, 13.719, 13.72, 13.721, 13.722, 13.723, 13.724, 13.725, 13.726, 13.727, 13.728, 13.729, 13.73, 13.731, 13.732, 13.733, 13.734, 13.735, 13.736, 13.737, 13.738, 13.739, 13.74, 13.741, 13.742, 13.743, 13.744, 13.745, 13.746, 13.747, 13.748, 13.749, 13.75, 13.751, 13.752, 13.753, 13.754, 13.755, 13.756, 13.757, 13.758, 13.759, 13.76, 13.761, 13.762, 13.763, 13.764, 13.765, 13.766, 13.767, 13.768, 13.769, 13.77, 13.771, 13.772, 13.773, 13.774, 13.775, 13.776, 13.777, 13.778, 13.779, 13.78, 13.781, 13.782, 13.783, 13.784, 13.785, 13.786, 13.787, 13.788, 13.789, 13.79, 13.791, 13.792, 13.793, 13.794, 13.795, 13.796, 13.797, 13.798, 13.799, 13.8, 13.919, 13.923]
---
Round: 11, Unk. prob.: 2.630e-02
Surv probs: 9.737e-01, Fail probs: 0.000e+00
No. of non-dominant rules: 1929, Survival rules: 1918, Failure rules: 11
Batch update: 192 rules added, 0 existing rules removed (0 new rules dominated)
Survival: 192 rules added, 0 removed (from 192 candidates)
Updated sys_vals: [13.001, 13.18, 13.199, 13.211, 13.279, 13.33, 13.338, 13.369, 13.412, 13.422, 13.424, 13.45, 13.453, 13.458, 13.477, 13.479, 13.493, 13.511, 13.517, 13.531, 13.535, 13.539, 13.542, 13.557, 13.56, 13.571, 13.572, 13.573, 13.576, 13.581, 13.583, 13.586, 13.588, 13.59, 13.595, 13.603, 13.607, 13.609, 13.612, 13.614, 13.615, 13.616, 13.621, 13.622, 13.623, 13.624, 13.625, 13.626, 13.627, 13.633, 13.639, 13.641, 13.642, 13.643, 13.644, 13.647, 13.649, 13.65, 13.651, 13.654, 13.655, 13.657, 13.659, 13.66, 13.662, 13.663, 13.664, 13.666, 13.667, 13.668, 13.67, 13.671, 13.672, 13.673, 13.674, 13.675, 13.676, 13.677, 13.678, 13.679, 13.68, 13.681, 13.682, 13.683, 13.684, 13.685, 13.686, 13.687, 13.688, 13.689, 13.69, 13.691, 13.692, 13.693, 13.694, 13.695, 13.696, 13.697, 13.699, 13.7, 13.701, 13.702, 13.703, 13.704, 13.705, 13.706, 13.707, 13.708, 13.709, 13.71, 13.711, 13.712, 13.713, 13.714, 13.715, 13.716, 13.717, 13.718, 13.719, 13.72, 13.721, 13.722, 13.723, 13.724, 13.725, 13.726, 13.727, 13.728, 13.729, 13.73, 13.731, 13.732, 13.733, 13.734, 13.735, 13.736, 13.737, 13.738, 13.739, 13.74, 13.741, 13.742, 13.743, 13.744, 13.745, 13.746, 13.747, 13.748, 13.749, 13.75, 13.751, 13.752, 13.753, 13.754, 13.755, 13.756, 13.757, 13.758, 13.759, 13.76, 13.761, 13.762, 13.763, 13.764, 13.765, 13.766, 13.767, 13.768, 13.769, 13.77, 13.771, 13.772, 13.773, 13.774, 13.775, 13.776, 13.777, 13.778, 13.779, 13.78, 13.781, 13.782, 13.783, 13.784, 13.785, 13.786, 13.787, 13.788, 13.789, 13.79, 13.791, 13.792, 13.793, 13.794, 13.795, 13.796, 13.797, 13.798, 13.799, 13.8, 13.919, 13.923]
---
Round: 12, Unk. prob.: 2.546e-02
Surv probs: 9.745e-01, Fail probs: 0.000e+00
No. of non-dominant rules: 2121, Survival rules: 2110, Failure rules: 11
Batch update: 192 rules added, 0 existing rules removed (0 new rules dominated)
Survival: 192 rules added, 0 removed (from 192 candidates)
Updated sys_vals: [13.001, 13.18, 13.199, 13.211, 13.279, 13.33, 13.338, 13.369, 13.4, 13.412, 13.422, 13.424, 13.45, 13.453, 13.458, 13.477, 13.479, 13.493, 13.511, 13.517, 13.531, 13.535, 13.539, 13.541, 13.542, 13.557, 13.56, 13.571, 13.572, 13.573, 13.576, 13.581, 13.583, 13.586, 13.588, 13.59, 13.595, 13.603, 13.607, 13.609, 13.612, 13.614, 13.615, 13.616, 13.621, 13.622, 13.623, 13.624, 13.625, 13.626, 13.627, 13.633, 13.639, 13.64, 13.641, 13.642, 13.643, 13.644, 13.647, 13.649, 13.65, 13.651, 13.654, 13.655, 13.657, 13.659, 13.66, 13.662, 13.663, 13.664, 13.666, 13.667, 13.668, 13.67, 13.671, 13.672, 13.673, 13.674, 13.675, 13.676, 13.677, 13.678, 13.679, 13.68, 13.681, 13.682, 13.683, 13.684, 13.685, 13.686, 13.687, 13.688, 13.689, 13.69, 13.691, 13.692, 13.693, 13.694, 13.695, 13.696, 13.697, 13.699, 13.7, 13.701, 13.702, 13.703, 13.704, 13.705, 13.706, 13.707, 13.708, 13.709, 13.71, 13.711, 13.712, 13.713, 13.714, 13.715, 13.716, 13.717, 13.718, 13.719, 13.72, 13.721, 13.722, 13.723, 13.724, 13.725, 13.726, 13.727, 13.728, 13.729, 13.73, 13.731, 13.732, 13.733, 13.734, 13.735, 13.736, 13.737, 13.738, 13.739, 13.74, 13.741, 13.742, 13.743, 13.744, 13.745, 13.746, 13.747, 13.748, 13.749, 13.75, 13.751, 13.752, 13.753, 13.754, 13.755, 13.756, 13.757, 13.758, 13.759, 13.76, 13.761, 13.762, 13.763, 13.764, 13.765, 13.766, 13.767, 13.768, 13.769, 13.77, 13.771, 13.772, 13.773, 13.774, 13.775, 13.776, 13.777, 13.778, 13.779, 13.78, 13.781, 13.782, 13.783, 13.784, 13.785, 13.786, 13.787, 13.788, 13.789, 13.79, 13.791, 13.792, 13.793, 13.794, 13.795, 13.796, 13.797, 13.798, 13.799, 13.8, 13.919, 13.923]
---
Round: 13, Unk. prob.: 2.305e-02
Surv probs: 9.769e-01, Fail probs: 0.000e+00
No. of non-dominant rules: 2313, Survival rules: 2302, Failure rules: 11
Batch update: 191 rules added, 0 existing rules removed (0 new rules dominated)
Survival: 191 rules added, 0 removed (from 191 candidates)
Batch update: 1 rules added, 0 existing rules removed (0 new rules dominated)
Failure: 1 rules added, 0 removed (from 1 candidates)
Updated sys_vals: [13.001, 13.18, 13.199, 13.211, 13.279, 13.33, 13.338, 13.369, 13.393, 13.4, 13.403, 13.412, 13.422, 13.424, 13.45, 13.453, 13.458, 13.477, 13.479, 13.493, 13.511, 13.517, 13.531, 13.535, 13.538, 13.539, 13.541, 13.542, 13.557, 13.56, 13.571, 13.572, 13.573, 13.576, 13.581, 13.583, 13.586, 13.588, 13.59, 13.595, 13.603, 13.606, 13.607, 13.609, 13.612, 13.614, 13.615, 13.616, 13.621, 13.622, 13.623, 13.624, 13.625, 13.626, 13.627, 13.633, 13.634, 13.637, 13.639, 13.64, 13.641, 13.642, 13.643, 13.644, 13.647, 13.649, 13.65, 13.651, 13.652, 13.654, 13.655, 13.657, 13.659, 13.66, 13.662, 13.663, 13.664, 13.666, 13.667, 13.668, 13.67, 13.671, 13.672, 13.673, 13.674, 13.675, 13.676, 13.677, 13.678, 13.679, 13.68, 13.681, 13.682, 13.683, 13.684, 13.685, 13.686, 13.687, 13.688, 13.689, 13.69, 13.691, 13.692, 13.693, 13.694, 13.695, 13.696, 13.697, 13.699, 13.7, 13.701, 13.702, 13.703, 13.704, 13.705, 13.706, 13.707, 13.708, 13.709, 13.71, 13.711, 13.712, 13.713, 13.714, 13.715, 13.716, 13.717, 13.718, 13.719, 13.72, 13.721, 13.722, 13.723, 13.724, 13.725, 13.726, 13.727, 13.728, 13.729, 13.73, 13.731, 13.732, 13.733, 13.734, 13.735, 13.736, 13.737, 13.738, 13.739, 13.74, 13.741, 13.742, 13.743, 13.744, 13.745, 13.746, 13.747, 13.748, 13.749, 13.75, 13.751, 13.752, 13.753, 13.754, 13.755, 13.756, 13.757, 13.758, 13.759, 13.76, 13.761, 13.762, 13.763, 13.764, 13.765, 13.766, 13.767, 13.768, 13.769, 13.77, 13.771, 13.772, 13.773, 13.774, 13.775, 13.776, 13.777, 13.778, 13.779, 13.78, 13.781, 13.782, 13.783, 13.784, 13.785, 13.786, 13.787, 13.788, 13.789, 13.79, 13.791, 13.792, 13.793, 13.794, 13.795, 13.796, 13.797, 13.798, 13.799, 13.8, 13.919, 13.923, 14.095]
---
Round: 14, Unk. prob.: 2.217e-02
Surv probs: 9.778e-01, Fail probs: 1.000e-05
No. of non-dominant rules: 2505, Survival rules: 2493, Failure rules: 12
Batch update: 191 rules added, 0 existing rules removed (0 new rules dominated)
Survival: 191 rules added, 0 removed (from 191 candidates)
Batch update: 1 rules added, 0 existing rules removed (0 new rules dominated)
Failure: 1 rules added, 0 removed (from 1 candidates)
Updated sys_vals: [13.001, 13.18, 13.199, 13.211, 13.279, 13.33, 13.338, 13.369, 13.393, 13.4, 13.403, 13.412, 13.422, 13.424, 13.428, 13.45, 13.453, 13.458, 13.477, 13.479, 13.493, 13.511, 13.517, 13.521, 13.531, 13.535, 13.538, 13.539, 13.541, 13.542, 13.557, 13.56, 13.571, 13.572, 13.573, 13.576, 13.579, 13.581, 13.583, 13.586, 13.588, 13.59, 13.595, 13.603, 13.606, 13.607, 13.609, 13.612, 13.614, 13.615, 13.616, 13.621, 13.622, 13.623, 13.624, 13.625, 13.626, 13.627, 13.633, 13.634, 13.635, 13.637, 13.639, 13.64, 13.641, 13.642, 13.643, 13.644, 13.647, 13.649, 13.65, 13.651, 13.652, 13.654, 13.655, 13.657, 13.659, 13.66, 13.661, 13.662, 13.663, 13.664, 13.666, 13.667, 13.668, 13.67, 13.671, 13.672, 13.673, 13.674, 13.675, 13.676, 13.677, 13.678, 13.679, 13.68, 13.681, 13.682, 13.683, 13.684, 13.685, 13.686, 13.687, 13.688, 13.689, 13.69, 13.691, 13.692, 13.693, 13.694, 13.695, 13.696, 13.697, 13.699, 13.7, 13.701, 13.702, 13.703, 13.704, 13.705, 13.706, 13.707, 13.708, 13.709, 13.71, 13.711, 13.712, 13.713, 13.714, 13.715, 13.716, 13.717, 13.718, 13.719, 13.72, 13.721, 13.722, 13.723, 13.724, 13.725, 13.726, 13.727, 13.728, 13.729, 13.73, 13.731, 13.732, 13.733, 13.734, 13.735, 13.736, 13.737, 13.738, 13.739, 13.74, 13.741, 13.742, 13.743, 13.744, 13.745, 13.746, 13.747, 13.748, 13.749, 13.75, 13.751, 13.752, 13.753, 13.754, 13.755, 13.756, 13.757, 13.758, 13.759, 13.76, 13.761, 13.762, 13.763, 13.764, 13.765, 13.766, 13.767, 13.768, 13.769, 13.77, 13.771, 13.772, 13.773, 13.774, 13.775, 13.776, 13.777, 13.778, 13.779, 13.78, 13.781, 13.782, 13.783, 13.784, 13.785, 13.786, 13.787, 13.788, 13.789, 13.79, 13.791, 13.792, 13.793, 13.794, 13.795, 13.796, 13.797, 13.798, 13.799, 13.8, 13.843, 13.919, 13.923, 14.095]
---
Round: 15, Unk. prob.: 2.096e-02
Surv probs: 9.790e-01, Fail probs: 0.000e+00
No. of non-dominant rules: 2697, Survival rules: 2684, Failure rules: 13
Batch update: 192 rules added, 0 existing rules removed (0 new rules dominated)
Survival: 192 rules added, 0 removed (from 192 candidates)
Updated sys_vals: [13.001, 13.11, 13.159, 13.18, 13.199, 13.211, 13.279, 13.33, 13.338, 13.369, 13.393, 13.4, 13.403, 13.412, 13.422, 13.424, 13.428, 13.45, 13.453, 13.458, 13.47, 13.477, 13.479, 13.493, 13.511, 13.517, 13.521, 13.527, 13.531, 13.535, 13.538, 13.539, 13.541, 13.542, 13.557, 13.56, 13.571, 13.572, 13.573, 13.576, 13.579, 13.581, 13.583, 13.586, 13.588, 13.59, 13.595, 13.603, 13.606, 13.607, 13.609, 13.612, 13.614, 13.615, 13.616, 13.62, 13.621, 13.622, 13.623, 13.624, 13.625, 13.626, 13.627, 13.633, 13.634, 13.635, 13.637, 13.639, 13.64, 13.641, 13.642, 13.643, 13.644, 13.647, 13.649, 13.65, 13.651, 13.652, 13.654, 13.655, 13.657, 13.659, 13.66, 13.661, 13.662, 13.663, 13.664, 13.665, 13.666, 13.667, 13.668, 13.67, 13.671, 13.672, 13.673, 13.674, 13.675, 13.676, 13.677, 13.678, 13.679, 13.68, 13.681, 13.682, 13.683, 13.684, 13.685, 13.686, 13.687, 13.688, 13.689, 13.69, 13.691, 13.692, 13.693, 13.694, 13.695, 13.696, 13.697, 13.698, 13.699, 13.7, 13.701, 13.702, 13.703, 13.704, 13.705, 13.706, 13.707, 13.708, 13.709, 13.71, 13.711, 13.712, 13.713, 13.714, 13.715, 13.716, 13.717, 13.718, 13.719, 13.72, 13.721, 13.722, 13.723, 13.724, 13.725, 13.726, 13.727, 13.728, 13.729, 13.73, 13.731, 13.732, 13.733, 13.734, 13.735, 13.736, 13.737, 13.738, 13.739, 13.74, 13.741, 13.742, 13.743, 13.744, 13.745, 13.746, 13.747, 13.748, 13.749, 13.75, 13.751, 13.752, 13.753, 13.754, 13.755, 13.756, 13.757, 13.758, 13.759, 13.76, 13.761, 13.762, 13.763, 13.764, 13.765, 13.766, 13.767, 13.768, 13.769, 13.77, 13.771, 13.772, 13.773, 13.774, 13.775, 13.776, 13.777, 13.778, 13.779, 13.78, 13.781, 13.782, 13.783, 13.784, 13.785, 13.786, 13.787, 13.788, 13.789, 13.79, 13.791, 13.792, 13.793, 13.794, 13.795, 13.796, 13.797, 13.798, 13.799, 13.8, 13.843, 13.919, 13.923, 14.095]
---
Round: 16, Unk. prob.: 1.905e-02
Surv probs: 9.809e-01, Fail probs: 1.000e-05
No. of non-dominant rules: 2889, Survival rules: 2876, Failure rules: 13
Batch update: 192 rules added, 0 existing rules removed (0 new rules dominated)
Survival: 192 rules added, 0 removed (from 192 candidates)
Updated sys_vals: [13.001, 13.007, 13.11, 13.159, 13.18, 13.199, 13.211, 13.279, 13.33, 13.338, 13.369, 13.393, 13.4, 13.403, 13.412, 13.422, 13.424, 13.428, 13.45, 13.453, 13.458, 13.47, 13.477, 13.479, 13.493, 13.511, 13.517, 13.521, 13.527, 13.53, 13.531, 13.535, 13.538, 13.539, 13.541, 13.542, 13.557, 13.56, 13.571, 13.572, 13.573, 13.576, 13.579, 13.581, 13.583, 13.586, 13.588, 13.59, 13.595, 13.601, 13.603, 13.606, 13.607, 13.609, 13.612, 13.613, 13.614, 13.615, 13.616, 13.62, 13.621, 13.622, 13.623, 13.624, 13.625, 13.626, 13.627, 13.632, 13.633, 13.634, 13.635, 13.637, 13.639, 13.64, 13.641, 13.642, 13.643, 13.644, 13.646, 13.647, 13.649, 13.65, 13.651, 13.652, 13.654, 13.655, 13.657, 13.659, 13.66, 13.661, 13.662, 13.663, 13.664, 13.665, 13.666, 13.667, 13.668, 13.67, 13.671, 13.672, 13.673, 13.674, 13.675, 13.676, 13.677, 13.678, 13.679, 13.68, 13.681, 13.682, 13.683, 13.684, 13.685, 13.686, 13.687, 13.688, 13.689, 13.69, 13.691, 13.692, 13.693, 13.694, 13.695, 13.696, 13.697, 13.698, 13.699, 13.7, 13.701, 13.702, 13.703, 13.704, 13.705, 13.706, 13.707, 13.708, 13.709, 13.71, 13.711, 13.712, 13.713, 13.714, 13.715, 13.716, 13.717, 13.718, 13.719, 13.72, 13.721, 13.722, 13.723, 13.724, 13.725, 13.726, 13.727, 13.728, 13.729, 13.73, 13.731, 13.732, 13.733, 13.734, 13.735, 13.736, 13.737, 13.738, 13.739, 13.74, 13.741, 13.742, 13.743, 13.744, 13.745, 13.746, 13.747, 13.748, 13.749, 13.75, 13.751, 13.752, 13.753, 13.754, 13.755, 13.756, 13.757, 13.758, 13.759, 13.76, 13.761, 13.762, 13.763, 13.764, 13.765, 13.766, 13.767, 13.768, 13.769, 13.77, 13.771, 13.772, 13.773, 13.774, 13.775, 13.776, 13.777, 13.778, 13.779, 13.78, 13.781, 13.782, 13.783, 13.784, 13.785, 13.786, 13.787, 13.788, 13.789, 13.79, 13.791, 13.792, 13.793, 13.794, 13.795, 13.796, 13.797, 13.798, 13.799, 13.8, 13.843, 13.919, 13.923, 14.095]
---
Round: 17, Unk. prob.: 1.829e-02
Surv probs: 9.817e-01, Fail probs: 2.000e-05
No. of non-dominant rules: 3081, Survival rules: 3068, Failure rules: 13
Batch update: 192 rules added, 0 existing rules removed (0 new rules dominated)
Survival: 192 rules added, 0 removed (from 192 candidates)
Updated sys_vals: [13.001, 13.007, 13.11, 13.159, 13.18, 13.199, 13.211, 13.279, 13.33, 13.338, 13.369, 13.393, 13.4, 13.403, 13.412, 13.422, 13.424, 13.428, 13.432, 13.45, 13.453, 13.458, 13.47, 13.477, 13.479, 13.493, 13.511, 13.517, 13.521, 13.527, 13.53, 13.531, 13.535, 13.538, 13.539, 13.541, 13.542, 13.557, 13.559, 13.56, 13.571, 13.572, 13.573, 13.576, 13.579, 13.581, 13.583, 13.586, 13.588, 13.59, 13.595, 13.601, 13.603, 13.606, 13.607, 13.609, 13.612, 13.613, 13.614, 13.615, 13.616, 13.62, 13.621, 13.622, 13.623, 13.624, 13.625, 13.626, 13.627, 13.632, 13.633, 13.634, 13.635, 13.637, 13.639, 13.64, 13.641, 13.642, 13.643, 13.644, 13.646, 13.647, 13.649, 13.65, 13.651, 13.652, 13.654, 13.655, 13.657, 13.659, 13.66, 13.661, 13.662, 13.663, 13.664, 13.665, 13.666, 13.667, 13.668, 13.669, 13.67, 13.671, 13.672, 13.673, 13.674, 13.675, 13.676, 13.677, 13.678, 13.679, 13.68, 13.681, 13.682, 13.683, 13.684, 13.685, 13.686, 13.687, 13.688, 13.689, 13.69, 13.691, 13.692, 13.693, 13.694, 13.695, 13.696, 13.697, 13.698, 13.699, 13.7, 13.701, 13.702, 13.703, 13.704, 13.705, 13.706, 13.707, 13.708, 13.709, 13.71, 13.711, 13.712, 13.713, 13.714, 13.715, 13.716, 13.717, 13.718, 13.719, 13.72, 13.721, 13.722, 13.723, 13.724, 13.725, 13.726, 13.727, 13.728, 13.729, 13.73, 13.731, 13.732, 13.733, 13.734, 13.735, 13.736, 13.737, 13.738, 13.739, 13.74, 13.741, 13.742, 13.743, 13.744, 13.745, 13.746, 13.747, 13.748, 13.749, 13.75, 13.751, 13.752, 13.753, 13.754, 13.755, 13.756, 13.757, 13.758, 13.759, 13.76, 13.761, 13.762, 13.763, 13.764, 13.765, 13.766, 13.767, 13.768, 13.769, 13.77, 13.771, 13.772, 13.773, 13.774, 13.775, 13.776, 13.777, 13.778, 13.779, 13.78, 13.781, 13.782, 13.783, 13.784, 13.785, 13.786, 13.787, 13.788, 13.789, 13.79, 13.791, 13.792, 13.793, 13.794, 13.795, 13.796, 13.797, 13.798, 13.799, 13.8, 13.843, 13.919, 13.923, 14.095]
---
Round: 18, Unk. prob.: 1.714e-02
Surv probs: 9.829e-01, Fail probs: 0.000e+00
No. of non-dominant rules: 3273, Survival rules: 3260, Failure rules: 13
Batch update: 192 rules added, 0 existing rules removed (0 new rules dominated)
Survival: 192 rules added, 0 removed (from 192 candidates)
Updated sys_vals: [13.001, 13.007, 13.11, 13.159, 13.18, 13.197, 13.199, 13.211, 13.279, 13.33, 13.338, 13.369, 13.393, 13.4, 13.403, 13.412, 13.422, 13.424, 13.428, 13.432, 13.45, 13.453, 13.458, 13.47, 13.477, 13.479, 13.493, 13.511, 13.517, 13.521, 13.527, 13.53, 13.531, 13.535, 13.538, 13.539, 13.541, 13.542, 13.557, 13.559, 13.56, 13.571, 13.572, 13.573, 13.576, 13.579, 13.581, 13.583, 13.586, 13.588, 13.59, 13.595, 13.601, 13.603, 13.606, 13.607, 13.609, 13.612, 13.613, 13.614, 13.615, 13.616, 13.62, 13.621, 13.622, 13.623, 13.624, 13.625, 13.626, 13.627, 13.632, 13.633, 13.634, 13.635, 13.637, 13.639, 13.64, 13.641, 13.642, 13.643, 13.644, 13.646, 13.647, 13.649, 13.65, 13.651, 13.652, 13.654, 13.655, 13.657, 13.659, 13.66, 13.661, 13.662, 13.663, 13.664, 13.665, 13.666, 13.667, 13.668, 13.669, 13.67, 13.671, 13.672, 13.673, 13.674, 13.675, 13.676, 13.677, 13.678, 13.679, 13.68, 13.681, 13.682, 13.683, 13.684, 13.685, 13.686, 13.687, 13.688, 13.689, 13.69, 13.691, 13.692, 13.693, 13.694, 13.695, 13.696, 13.697, 13.698, 13.699, 13.7, 13.701, 13.702, 13.703, 13.704, 13.705, 13.706, 13.707, 13.708, 13.709, 13.71, 13.711, 13.712, 13.713, 13.714, 13.715, 13.716, 13.717, 13.718, 13.719, 13.72, 13.721, 13.722, 13.723, 13.724, 13.725, 13.726, 13.727, 13.728, 13.729, 13.73, 13.731, 13.732, 13.733, 13.734, 13.735, 13.736, 13.737, 13.738, 13.739, 13.74, 13.741, 13.742, 13.743, 13.744, 13.745, 13.746, 13.747, 13.748, 13.749, 13.75, 13.751, 13.752, 13.753, 13.754, 13.755, 13.756, 13.757, 13.758, 13.759, 13.76, 13.761, 13.762, 13.763, 13.764, 13.765, 13.766, 13.767, 13.768, 13.769, 13.77, 13.771, 13.772, 13.773, 13.774, 13.775, 13.776, 13.777, 13.778, 13.779, 13.78, 13.781, 13.782, 13.783, 13.784, 13.785, 13.786, 13.787, 13.788, 13.789, 13.79, 13.791, 13.792, 13.793, 13.794, 13.795, 13.796, 13.797, 13.798, 13.799, 13.8, 13.843, 13.919, 13.923, 14.095]
---
Round: 19, Unk. prob.: 1.682e-02
Surv probs: 9.832e-01, Fail probs: 1.000e-05
No. of non-dominant rules: 3465, Survival rules: 3452, Failure rules: 13
Batch update: 192 rules added, 0 existing rules removed (0 new rules dominated)
Survival: 192 rules added, 0 removed (from 192 candidates)
Updated sys_vals: [12.504, 13.001, 13.007, 13.11, 13.159, 13.18, 13.197, 13.199, 13.211, 13.279, 13.33, 13.338, 13.369, 13.393, 13.4, 13.403, 13.412, 13.422, 13.424, 13.428, 13.432, 13.45, 13.453, 13.458, 13.46, 13.47, 13.477, 13.479, 13.484, 13.493, 13.506, 13.511, 13.517, 13.521, 13.527, 13.53, 13.531, 13.535, 13.538, 13.539, 13.541, 13.542, 13.557, 13.559, 13.56, 13.571, 13.572, 13.573, 13.576, 13.577, 13.579, 13.581, 13.583, 13.586, 13.588, 13.59, 13.595, 13.601, 13.603, 13.606, 13.607, 13.609, 13.612, 13.613, 13.614, 13.615, 13.616, 13.62, 13.621, 13.622, 13.623, 13.624, 13.625, 13.626, 13.627, 13.632, 13.633, 13.634, 13.635, 13.637, 13.639, 13.64, 13.641, 13.642, 13.643, 13.644, 13.646, 13.647, 13.649, 13.65, 13.651, 13.652, 13.654, 13.655, 13.657, 13.659, 13.66, 13.661, 13.662, 13.663, 13.664, 13.665, 13.666, 13.667, 13.668, 13.669, 13.67, 13.671, 13.672, 13.673, 13.674, 13.675, 13.676, 13.677, 13.678, 13.679, 13.68, 13.681, 13.682, 13.683, 13.684, 13.685, 13.686, 13.687, 13.688, 13.689, 13.69, 13.691, 13.692, 13.693, 13.694, 13.695, 13.696, 13.697, 13.698, 13.699, 13.7, 13.701, 13.702, 13.703, 13.704, 13.705, 13.706, 13.707, 13.708, 13.709, 13.71, 13.711, 13.712, 13.713, 13.714, 13.715, 13.716, 13.717, 13.718, 13.719, 13.72, 13.721, 13.722, 13.723, 13.724, 13.725, 13.726, 13.727, 13.728, 13.729, 13.73, 13.731, 13.732, 13.733, 13.734, 13.735, 13.736, 13.737, 13.738, 13.739, 13.74, 13.741, 13.742, 13.743, 13.744, 13.745, 13.746, 13.747, 13.748, 13.749, 13.75, 13.751, 13.752, 13.753, 13.754, 13.755, 13.756, 13.757, 13.758, 13.759, 13.76, 13.761, 13.762, 13.763, 13.764, 13.765, 13.766, 13.767, 13.768, 13.769, 13.77, 13.771, 13.772, 13.773, 13.774, 13.775, 13.776, 13.777, 13.778, 13.779, 13.78, 13.781, 13.782, 13.783, 13.784, 13.785, 13.786, 13.787, 13.788, 13.789, 13.79, 13.791, 13.792, 13.793, 13.794, 13.795, 13.796, 13.797, 13.798, 13.799, 13.8, 13.843, 13.919, 13.923, 14.095]
---
Round: 20, Unk. prob.: 1.650e-02
Surv probs: 9.835e-01, Fail probs: 1.000e-05
No. of non-dominant rules: 3657, Survival rules: 3644, Failure rules: 13
Batch update: 191 rules added, 0 existing rules removed (0 new rules dominated)
Survival: 191 rules added, 0 removed (from 191 candidates)
Batch update: 1 rules added, 0 existing rules removed (0 new rules dominated)
Failure: 1 rules added, 0 removed (from 1 candidates)
Updated sys_vals: [12.504, 13.001, 13.007, 13.11, 13.159, 13.18, 13.197, 13.199, 13.211, 13.279, 13.33, 13.338, 13.369, 13.371, 13.393, 13.4, 13.403, 13.412, 13.422, 13.424, 13.428, 13.432, 13.441, 13.45, 13.453, 13.458, 13.46, 13.47, 13.477, 13.479, 13.484, 13.493, 13.506, 13.511, 13.517, 13.521, 13.527, 13.53, 13.531, 13.535, 13.538, 13.539, 13.541, 13.542, 13.557, 13.559, 13.56, 13.571, 13.572, 13.573, 13.576, 13.577, 13.579, 13.581, 13.583, 13.586, 13.588, 13.59, 13.595, 13.599, 13.601, 13.603, 13.604, 13.606, 13.607, 13.609, 13.612, 13.613, 13.614, 13.615, 13.616, 13.62, 13.621, 13.622, 13.623, 13.624, 13.625, 13.626, 13.627, 13.632, 13.633, 13.634, 13.635, 13.637, 13.639, 13.64, 13.641, 13.642, 13.643, 13.644, 13.646, 13.647, 13.649, 13.65, 13.651, 13.652, 13.654, 13.655, 13.657, 13.659, 13.66, 13.661, 13.662, 13.663, 13.664, 13.665, 13.666, 13.667, 13.668, 13.669, 13.67, 13.671, 13.672, 13.673, 13.674, 13.675, 13.676, 13.677, 13.678, 13.679, 13.68, 13.681, 13.682, 13.683, 13.684, 13.685, 13.686, 13.687, 13.688, 13.689, 13.69, 13.691, 13.692, 13.693, 13.694, 13.695, 13.696, 13.697, 13.698, 13.699, 13.7, 13.701, 13.702, 13.703, 13.704, 13.705, 13.706, 13.707, 13.708, 13.709, 13.71, 13.711, 13.712, 13.713, 13.714, 13.715, 13.716, 13.717, 13.718, 13.719, 13.72, 13.721, 13.722, 13.723, 13.724, 13.725, 13.726, 13.727, 13.728, 13.729, 13.73, 13.731, 13.732, 13.733, 13.734, 13.735, 13.736, 13.737, 13.738, 13.739, 13.74, 13.741, 13.742, 13.743, 13.744, 13.745, 13.746, 13.747, 13.748, 13.749, 13.75, 13.751, 13.752, 13.753, 13.754, 13.755, 13.756, 13.757, 13.758, 13.759, 13.76, 13.761, 13.762, 13.763, 13.764, 13.765, 13.766, 13.767, 13.768, 13.769, 13.77, 13.771, 13.772, 13.773, 13.774, 13.775, 13.776, 13.777, 13.778, 13.779, 13.78, 13.781, 13.782, 13.783, 13.784, 13.785, 13.786, 13.787, 13.788, 13.789, 13.79, 13.791, 13.792, 13.793, 13.794, 13.795, 13.796, 13.797, 13.798, 13.799, 13.8, 13.843, 13.919, 13.923, 14.026, 14.095]
---
Round: 21, Unk. prob.: 1.605e-02
Surv probs: 9.839e-01, Fail probs: 2.000e-05
No. of non-dominant rules: 3849, Survival rules: 3835, Failure rules: 14
Batch update: 192 rules added, 0 existing rules removed (0 new rules dominated)
Survival: 192 rules added, 0 removed (from 192 candidates)
Updated sys_vals: [12.504, 13.001, 13.007, 13.11, 13.159, 13.18, 13.197, 13.199, 13.211, 13.279, 13.33, 13.338, 13.369, 13.371, 13.393, 13.4, 13.403, 13.412, 13.422, 13.424, 13.428, 13.432, 13.441, 13.45, 13.453, 13.458, 13.46, 13.47, 13.477, 13.479, 13.484, 13.493, 13.506, 13.511, 13.517, 13.521, 13.527, 13.53, 13.531, 13.535, 13.538, 13.539, 13.541, 13.542, 13.557, 13.559, 13.56, 13.571, 13.572, 13.573, 13.576, 13.577, 13.579, 13.581, 13.583, 13.586, 13.588, 13.59, 13.595, 13.599, 13.601, 13.603, 13.604, 13.606, 13.607, 13.608, 13.609, 13.612, 13.613, 13.614, 13.615, 13.616, 13.62, 13.621, 13.622, 13.623, 13.624, 13.625, 13.626, 13.627, 13.632, 13.633, 13.634, 13.635, 13.637, 13.639, 13.64, 13.641, 13.642, 13.643, 13.644, 13.646, 13.647, 13.649, 13.65, 13.651, 13.652, 13.654, 13.655, 13.657, 13.659, 13.66, 13.661, 13.662, 13.663, 13.664, 13.665, 13.666, 13.667, 13.668, 13.669, 13.67, 13.671, 13.672, 13.673, 13.674, 13.675, 13.676, 13.677, 13.678, 13.679, 13.68, 13.681, 13.682, 13.683, 13.684, 13.685, 13.686, 13.687, 13.688, 13.689, 13.69, 13.691, 13.692, 13.693, 13.694, 13.695, 13.696, 13.697, 13.698, 13.699, 13.7, 13.701, 13.702, 13.703, 13.704, 13.705, 13.706, 13.707, 13.708, 13.709, 13.71, 13.711, 13.712, 13.713, 13.714, 13.715, 13.716, 13.717, 13.718, 13.719, 13.72, 13.721, 13.722, 13.723, 13.724, 13.725, 13.726, 13.727, 13.728, 13.729, 13.73, 13.731, 13.732, 13.733, 13.734, 13.735, 13.736, 13.737, 13.738, 13.739, 13.74, 13.741, 13.742, 13.743, 13.744, 13.745, 13.746, 13.747, 13.748, 13.749, 13.75, 13.751, 13.752, 13.753, 13.754, 13.755, 13.756, 13.757, 13.758, 13.759, 13.76, 13.761, 13.762, 13.763, 13.764, 13.765, 13.766, 13.767, 13.768, 13.769, 13.77, 13.771, 13.772, 13.773, 13.774, 13.775, 13.776, 13.777, 13.778, 13.779, 13.78, 13.781, 13.782, 13.783, 13.784, 13.785, 13.786, 13.787, 13.788, 13.789, 13.79, 13.791, 13.792, 13.793, 13.794, 13.795, 13.796, 13.797, 13.798, 13.799, 13.8, 13.843, 13.919, 13.923, 14.026, 14.095]
---
Round: 22, Unk. prob.: 1.444e-02
Surv probs: 9.856e-01, Fail probs: 1.000e-05
No. of non-dominant rules: 4041, Survival rules: 4027, Failure rules: 14
Batch update: 192 rules added, 0 existing rules removed (0 new rules dominated)
Survival: 192 rules added, 0 removed (from 192 candidates)
Updated sys_vals: [12.504, 13.001, 13.007, 13.11, 13.159, 13.18, 13.197, 13.199, 13.211, 13.279, 13.33, 13.338, 13.369, 13.371, 13.393, 13.4, 13.403, 13.412, 13.422, 13.424, 13.428, 13.432, 13.441, 13.45, 13.453, 13.458, 13.46, 13.47, 13.477, 13.479, 13.484, 13.493, 13.506, 13.511, 13.517, 13.521, 13.527, 13.53, 13.531, 13.535, 13.538, 13.539, 13.541, 13.542, 13.557, 13.559, 13.56, 13.571, 13.572, 13.573, 13.576, 13.577, 13.579, 13.581, 13.583, 13.586, 13.588, 13.59, 13.595, 13.599, 13.601, 13.603, 13.604, 13.606, 13.607, 13.608, 13.609, 13.612, 13.613, 13.614, 13.615, 13.616, 13.62, 13.621, 13.622, 13.623, 13.624, 13.625, 13.626, 13.627, 13.632, 13.633, 13.634, 13.635, 13.637, 13.639, 13.64, 13.641, 13.642, 13.643, 13.644, 13.646, 13.647, 13.649, 13.65, 13.651, 13.652, 13.654, 13.655, 13.656, 13.657, 13.659, 13.66, 13.661, 13.662, 13.663, 13.664, 13.665, 13.666, 13.667, 13.668, 13.669, 13.67, 13.671, 13.672, 13.673, 13.674, 13.675, 13.676, 13.677, 13.678, 13.679, 13.68, 13.681, 13.682, 13.683, 13.684, 13.685, 13.686, 13.687, 13.688, 13.689, 13.69, 13.691, 13.692, 13.693, 13.694, 13.695, 13.696, 13.697, 13.698, 13.699, 13.7, 13.701, 13.702, 13.703, 13.704, 13.705, 13.706, 13.707, 13.708, 13.709, 13.71, 13.711, 13.712, 13.713, 13.714, 13.715, 13.716, 13.717, 13.718, 13.719, 13.72, 13.721, 13.722, 13.723, 13.724, 13.725, 13.726, 13.727, 13.728, 13.729, 13.73, 13.731, 13.732, 13.733, 13.734, 13.735, 13.736, 13.737, 13.738, 13.739, 13.74, 13.741, 13.742, 13.743, 13.744, 13.745, 13.746, 13.747, 13.748, 13.749, 13.75, 13.751, 13.752, 13.753, 13.754, 13.755, 13.756, 13.757, 13.758, 13.759, 13.76, 13.761, 13.762, 13.763, 13.764, 13.765, 13.766, 13.767, 13.768, 13.769, 13.77, 13.771, 13.772, 13.773, 13.774, 13.775, 13.776, 13.777, 13.778, 13.779, 13.78, 13.781, 13.782, 13.783, 13.784, 13.785, 13.786, 13.787, 13.788, 13.789, 13.79, 13.791, 13.792, 13.793, 13.794, 13.795, 13.796, 13.797, 13.798, 13.799, 13.8, 13.843, 13.919, 13.923, 14.026, 14.095]
---
Round: 23, Unk. prob.: 1.465e-02
Surv probs: 9.853e-01, Fail probs: 2.000e-05
No. of non-dominant rules: 4233, Survival rules: 4219, Failure rules: 14
Batch update: 192 rules added, 0 existing rules removed (0 new rules dominated)
Survival: 192 rules added, 0 removed (from 192 candidates)
Updated sys_vals: [12.504, 13.001, 13.007, 13.11, 13.159, 13.18, 13.197, 13.199, 13.211, 13.279, 13.33, 13.338, 13.369, 13.371, 13.393, 13.4, 13.403, 13.412, 13.422, 13.424, 13.428, 13.432, 13.441, 13.45, 13.453, 13.458, 13.46, 13.47, 13.477, 13.479, 13.48, 13.484, 13.493, 13.503, 13.506, 13.511, 13.517, 13.521, 13.527, 13.53, 13.531, 13.535, 13.538, 13.539, 13.541, 13.542, 13.557, 13.559, 13.56, 13.571, 13.572, 13.573, 13.576, 13.577, 13.579, 13.581, 13.583, 13.586, 13.588, 13.59, 13.593, 13.595, 13.599, 13.601, 13.603, 13.604, 13.606, 13.607, 13.608, 13.609, 13.612, 13.613, 13.614, 13.615, 13.616, 13.62, 13.621, 13.622, 13.623, 13.624, 13.625, 13.626, 13.627, 13.632, 13.633, 13.634, 13.635, 13.637, 13.639, 13.64, 13.641, 13.642, 13.643, 13.644, 13.646, 13.647, 13.648, 13.649, 13.65, 13.651, 13.652, 13.654, 13.655, 13.656, 13.657, 13.658, 13.659, 13.66, 13.661, 13.662, 13.663, 13.664, 13.665, 13.666, 13.667, 13.668, 13.669, 13.67, 13.671, 13.672, 13.673, 13.674, 13.675, 13.676, 13.677, 13.678, 13.679, 13.68, 13.681, 13.682, 13.683, 13.684, 13.685, 13.686, 13.687, 13.688, 13.689, 13.69, 13.691, 13.692, 13.693, 13.694, 13.695, 13.696, 13.697, 13.698, 13.699, 13.7, 13.701, 13.702, 13.703, 13.704, 13.705, 13.706, 13.707, 13.708, 13.709, 13.71, 13.711, 13.712, 13.713, 13.714, 13.715, 13.716, 13.717, 13.718, 13.719, 13.72, 13.721, 13.722, 13.723, 13.724, 13.725, 13.726, 13.727, 13.728, 13.729, 13.73, 13.731, 13.732, 13.733, 13.734, 13.735, 13.736, 13.737, 13.738, 13.739, 13.74, 13.741, 13.742, 13.743, 13.744, 13.745, 13.746, 13.747, 13.748, 13.749, 13.75, 13.751, 13.752, 13.753, 13.754, 13.755, 13.756, 13.757, 13.758, 13.759, 13.76, 13.761, 13.762, 13.763, 13.764, 13.765, 13.766, 13.767, 13.768, 13.769, 13.77, 13.771, 13.772, 13.773, 13.774, 13.775, 13.776, 13.777, 13.778, 13.779, 13.78, 13.781, 13.782, 13.783, 13.784, 13.785, 13.786, 13.787, 13.788, 13.789, 13.79, 13.791, 13.792, 13.793, 13.794, 13.795, 13.796, 13.797, 13.798, 13.799, 13.8, 13.843, 13.919, 13.923, 14.026, 14.095]
---
Round: 24, Unk. prob.: 1.443e-02
Surv probs: 9.856e-01, Fail probs: 2.000e-05
No. of non-dominant rules: 4425, Survival rules: 4411, Failure rules: 14
Batch update: 192 rules added, 0 existing rules removed (0 new rules dominated)
Survival: 192 rules added, 0 removed (from 192 candidates)
Updated sys_vals: [12.504, 13.001, 13.007, 13.11, 13.159, 13.18, 13.197, 13.199, 13.211, 13.279, 13.33, 13.338, 13.369, 13.371, 13.393, 13.4, 13.403, 13.412, 13.422, 13.424, 13.428, 13.432, 13.438, 13.441, 13.45, 13.453, 13.458, 13.46, 13.47, 13.477, 13.479, 13.48, 13.484, 13.493, 13.503, 13.506, 13.511, 13.514, 13.517, 13.521, 13.527, 13.53, 13.531, 13.535, 13.538, 13.539, 13.541, 13.542, 13.557, 13.559, 13.56, 13.571, 13.572, 13.573, 13.576, 13.577, 13.579, 13.581, 13.583, 13.586, 13.588, 13.59, 13.593, 13.595, 13.599, 13.601, 13.603, 13.604, 13.606, 13.607, 13.608, 13.609, 13.612, 13.613, 13.614, 13.615, 13.616, 13.618, 13.62, 13.621, 13.622, 13.623, 13.624, 13.625, 13.626, 13.627, 13.632, 13.633, 13.634, 13.635, 13.637, 13.639, 13.64, 13.641, 13.642, 13.643, 13.644, 13.646, 13.647, 13.648, 13.649, 13.65, 13.651, 13.652, 13.654, 13.655, 13.656, 13.657, 13.658, 13.659, 13.66, 13.661, 13.662, 13.663, 13.664, 13.665, 13.666, 13.667, 13.668, 13.669, 13.67, 13.671, 13.672, 13.673, 13.674, 13.675, 13.676, 13.677, 13.678, 13.679, 13.68, 13.681, 13.682, 13.683, 13.684, 13.685, 13.686, 13.687, 13.688, 13.689, 13.69, 13.691, 13.692, 13.693, 13.694, 13.695, 13.696, 13.697, 13.698, 13.699, 13.7, 13.701, 13.702, 13.703, 13.704, 13.705, 13.706, 13.707, 13.708, 13.709, 13.71, 13.711, 13.712, 13.713, 13.714, 13.715, 13.716, 13.717, 13.718, 13.719, 13.72, 13.721, 13.722, 13.723, 13.724, 13.725, 13.726, 13.727, 13.728, 13.729, 13.73, 13.731, 13.732, 13.733, 13.734, 13.735, 13.736, 13.737, 13.738, 13.739, 13.74, 13.741, 13.742, 13.743, 13.744, 13.745, 13.746, 13.747, 13.748, 13.749, 13.75, 13.751, 13.752, 13.753, 13.754, 13.755, 13.756, 13.757, 13.758, 13.759, 13.76, 13.761, 13.762, 13.763, 13.764, 13.765, 13.766, 13.767, 13.768, 13.769, 13.77, 13.771, 13.772, 13.773, 13.774, 13.775, 13.776, 13.777, 13.778, 13.779, 13.78, 13.781, 13.782, 13.783, 13.784, 13.785, 13.786, 13.787, 13.788, 13.789, 13.79, 13.791, 13.792, 13.793, 13.794, 13.795, 13.796, 13.797, 13.798, 13.799, 13.8, 13.843, 13.919, 13.923, 14.026, 14.095]
---
Round: 25, Unk. prob.: 1.348e-02
Surv probs: 9.865e-01, Fail probs: 2.000e-05
No. of non-dominant rules: 4617, Survival rules: 4603, Failure rules: 14
