============================================================
Variable Reduction TSUM for IEEE 300-bus DC-OPF
============================================================

Initialising DC-OPF system function...
DC-OPF sfun ready: 300 buses, 69 generators, 411 branches

  Full model:  711 components
  Selected:    69 variable components
  Fixed:       642 components at best state
  Max states:  4
    Multi-state: 69

  P(all fixed at best): 0.001577
  P(any fixed degraded): 0.998423

  Verification (all operational): blackout=0.07%, sys_st=1

============================================================
TSUM rule extraction (69 variables, 4 states)
============================================================
  Convergence: unk_prob < 1e-03
  Device:      cpu
  Workers:     192

Starting rule extraction...

Parallel mode: 192 CPU workers for sfun + minimization
---
Round: 1, Unk. prob.: 1.000e+00
Surv probs: 0.000e+00, Fail probs: 0.000e+00
No. of non-dominant rules: 0, Survival rules: 0, Failure rules: 0
Batch update: 192 rules added, 0 existing rules removed (0 new rules dominated)
Survival: 192 rules added, 0 removed (from 192 candidates)
Updated sys_vals: [26.031, 26.032, 26.035, 26.044, 26.047, 26.048, 26.051, 26.053, 26.055, 26.056, 26.057, 26.06, 26.061, 26.062, 26.063, 26.064, 26.065, 26.066, 26.067, 26.068, 26.069, 26.07, 26.071, 26.072, 26.073, 26.075, 26.076, 26.077, 26.078, 26.079, 26.08, 26.081, 26.082, 26.083, 26.084, 26.085, 26.086, 26.087, 26.088, 26.089, 26.09, 26.091, 26.092, 26.093, 26.094, 26.095, 26.096, 26.097, 26.098, 26.099, 26.1]
---
Round: 2, Unk. prob.: 1.000e+00
Surv probs: 0.000e+00, Fail probs: 0.000e+00
No. of non-dominant rules: 192, Survival rules: 192, Failure rules: 0
Batch update: 192 rules added, 0 existing rules removed (0 new rules dominated)
Survival: 192 rules added, 0 removed (from 192 candidates)
Updated sys_vals: [26.023, 26.024, 26.03, 26.031, 26.032, 26.034, 26.035, 26.036, 26.038, 26.04, 26.041, 26.042, 26.044, 26.047, 26.048, 26.049, 26.05, 26.051, 26.052, 26.053, 26.054, 26.055, 26.056, 26.057, 26.058, 26.059, 26.06, 26.061, 26.062, 26.063, 26.064, 26.065, 26.066, 26.067, 26.068, 26.069, 26.07, 26.071, 26.072, 26.073, 26.074, 26.075, 26.076, 26.077, 26.078, 26.079, 26.08, 26.081, 26.082, 26.083, 26.084, 26.085, 26.086, 26.087, 26.088, 26.089, 26.09, 26.091, 26.092, 26.093, 26.094, 26.095, 26.096, 26.097, 26.098, 26.099, 26.1]
---
Round: 3, Unk. prob.: 9.867e-01
Surv probs: 1.330e-02, Fail probs: 0.000e+00
No. of non-dominant rules: 384, Survival rules: 384, Failure rules: 0
Batch update: 192 rules added, 0 existing rules removed (0 new rules dominated)
Survival: 192 rules added, 0 removed (from 192 candidates)
Updated sys_vals: [26.019, 26.02, 26.023, 26.024, 26.028, 26.03, 26.031, 26.032, 26.034, 26.035, 26.036, 26.038, 26.039, 26.04, 26.041, 26.042, 26.044, 26.045, 26.046, 26.047, 26.048, 26.049, 26.05, 26.051, 26.052, 26.053, 26.054, 26.055, 26.056, 26.057, 26.058, 26.059, 26.06, 26.061, 26.062, 26.063, 26.064, 26.065, 26.066, 26.067, 26.068, 26.069, 26.07, 26.071, 26.072, 26.073, 26.074, 26.075, 26.076, 26.077, 26.078, 26.079, 26.08, 26.081, 26.082, 26.083, 26.084, 26.085, 26.086, 26.087, 26.088, 26.089, 26.09, 26.091, 26.092, 26.093, 26.094, 26.095, 26.096, 26.097, 26.098, 26.099, 26.1]
---
Round: 4, Unk. prob.: 9.769e-01
Surv probs: 2.311e-02, Fail probs: 0.000e+00
No. of non-dominant rules: 576, Survival rules: 576, Failure rules: 0
Batch update: 192 rules added, 0 existing rules removed (0 new rules dominated)
Survival: 192 rules added, 0 removed (from 192 candidates)
Updated sys_vals: [26.015, 26.019, 26.02, 26.021, 26.023, 26.024, 26.028, 26.03, 26.031, 26.032, 26.034, 26.035, 26.036, 26.038, 26.039, 26.04, 26.041, 26.042, 26.043, 26.044, 26.045, 26.046, 26.047, 26.048, 26.049, 26.05, 26.051, 26.052, 26.053, 26.054, 26.055, 26.056, 26.057, 26.058, 26.059, 26.06, 26.061, 26.062, 26.063, 26.064, 26.065, 26.066, 26.067, 26.068, 26.069, 26.07, 26.071, 26.072, 26.073, 26.074, 26.075, 26.076, 26.077, 26.078, 26.079, 26.08, 26.081, 26.082, 26.083, 26.084, 26.085, 26.086, 26.087, 26.088, 26.089, 26.09, 26.091, 26.092, 26.093, 26.094, 26.095, 26.096, 26.097, 26.098, 26.099, 26.1]
---
Round: 5, Unk. prob.: 9.677e-01
Surv probs: 3.230e-02, Fail probs: 0.000e+00
No. of non-dominant rules: 768, Survival rules: 768, Failure rules: 0
Batch update: 192 rules added, 0 existing rules removed (0 new rules dominated)
Survival: 192 rules added, 0 removed (from 192 candidates)
Updated sys_vals: [25.935, 26.015, 26.016, 26.017, 26.019, 26.02, 26.021, 26.023, 26.024, 26.028, 26.029, 26.03, 26.031, 26.032, 26.034, 26.035, 26.036, 26.038, 26.039, 26.04, 26.041, 26.042, 26.043, 26.044, 26.045, 26.046, 26.047, 26.048, 26.049, 26.05, 26.051, 26.052, 26.053, 26.054, 26.055, 26.056, 26.057, 26.058, 26.059, 26.06, 26.061, 26.062, 26.063, 26.064, 26.065, 26.066, 26.067, 26.068, 26.069, 26.07, 26.071, 26.072, 26.073, 26.074, 26.075, 26.076, 26.077, 26.078, 26.079, 26.08, 26.081, 26.082, 26.083, 26.084, 26.085, 26.086, 26.087, 26.088, 26.089, 26.09, 26.091, 26.092, 26.093, 26.094, 26.095, 26.096, 26.097, 26.098, 26.099, 26.1]
---
Round: 6, Unk. prob.: 9.610e-01
Surv probs: 3.902e-02, Fail probs: 0.000e+00
No. of non-dominant rules: 960, Survival rules: 960, Failure rules: 0
Batch update: 192 rules added, 0 existing rules removed (0 new rules dominated)
Survival: 192 rules added, 0 removed (from 192 candidates)
Updated sys_vals: [25.935, 26.013, 26.015, 26.016, 26.017, 26.019, 26.02, 26.021, 26.023, 26.024, 26.026, 26.028, 26.029, 26.03, 26.031, 26.032, 26.033, 26.034, 26.035, 26.036, 26.038, 26.039, 26.04, 26.041, 26.042, 26.043, 26.044, 26.045, 26.046, 26.047, 26.048, 26.049, 26.05, 26.051, 26.052, 26.053, 26.054, 26.055, 26.056, 26.057, 26.058, 26.059, 26.06, 26.061, 26.062, 26.063, 26.064, 26.065, 26.066, 26.067, 26.068, 26.069, 26.07, 26.071, 26.072, 26.073, 26.074, 26.075, 26.076, 26.077, 26.078, 26.079, 26.08, 26.081, 26.082, 26.083, 26.084, 26.085, 26.086, 26.087, 26.088, 26.089, 26.09, 26.091, 26.092, 26.093, 26.094, 26.095, 26.096, 26.097, 26.098, 26.099, 26.1]
---
Round: 7, Unk. prob.: 9.566e-01
Surv probs: 4.337e-02, Fail probs: 0.000e+00
No. of non-dominant rules: 1152, Survival rules: 1152, Failure rules: 0
Batch update: 192 rules added, 0 existing rules removed (0 new rules dominated)
Survival: 192 rules added, 0 removed (from 192 candidates)
Updated sys_vals: [25.935, 26.013, 26.015, 26.016, 26.017, 26.018, 26.019, 26.02, 26.021, 26.023, 26.024, 26.026, 26.028, 26.029, 26.03, 26.031, 26.032, 26.033, 26.034, 26.035, 26.036, 26.038, 26.039, 26.04, 26.041, 26.042, 26.043, 26.044, 26.045, 26.046, 26.047, 26.048, 26.049, 26.05, 26.051, 26.052, 26.053, 26.054, 26.055, 26.056, 26.057, 26.058, 26.059, 26.06, 26.061, 26.062, 26.063, 26.064, 26.065, 26.066, 26.067, 26.068, 26.069, 26.07, 26.071, 26.072, 26.073, 26.074, 26.075, 26.076, 26.077, 26.078, 26.079, 26.08, 26.081, 26.082, 26.083, 26.084, 26.085, 26.086, 26.087, 26.088, 26.089, 26.09, 26.091, 26.092, 26.093, 26.094, 26.095, 26.096, 26.097, 26.098, 26.099, 26.1]
---
Round: 8, Unk. prob.: 9.504e-01
Surv probs: 4.962e-02, Fail probs: 0.000e+00
No. of non-dominant rules: 1344, Survival rules: 1344, Failure rules: 0
Batch update: 192 rules added, 0 existing rules removed (0 new rules dominated)
Survival: 192 rules added, 0 removed (from 192 candidates)
Updated sys_vals: [25.935, 25.999, 26.004, 26.013, 26.014, 26.015, 26.016, 26.017, 26.018, 26.019, 26.02, 26.021, 26.023, 26.024, 26.026, 26.028, 26.029, 26.03, 26.031, 26.032, 26.033, 26.034, 26.035, 26.036, 26.038, 26.039, 26.04, 26.041, 26.042, 26.043, 26.044, 26.045, 26.046, 26.047, 26.048, 26.049, 26.05, 26.051, 26.052, 26.053, 26.054, 26.055, 26.056, 26.057, 26.058, 26.059, 26.06, 26.061, 26.062, 26.063, 26.064, 26.065, 26.066, 26.067, 26.068, 26.069, 26.07, 26.071, 26.072, 26.073, 26.074, 26.075, 26.076, 26.077, 26.078, 26.079, 26.08, 26.081, 26.082, 26.083, 26.084, 26.085, 26.086, 26.087, 26.088, 26.089, 26.09, 26.091, 26.092, 26.093, 26.094, 26.095, 26.096, 26.097, 26.098, 26.099, 26.1]
---
Round: 9, Unk. prob.: 9.452e-01
Surv probs: 5.477e-02, Fail probs: 0.000e+00
No. of non-dominant rules: 1536, Survival rules: 1536, Failure rules: 0
Batch update: 192 rules added, 0 existing rules removed (0 new rules dominated)
Survival: 192 rules added, 0 removed (from 192 candidates)
Updated sys_vals: [25.935, 25.999, 26.004, 26.013, 26.014, 26.015, 26.016, 26.017, 26.018, 26.019, 26.02, 26.021, 26.023, 26.024, 26.026, 26.028, 26.029, 26.03, 26.031, 26.032, 26.033, 26.034, 26.035, 26.036, 26.037, 26.038, 26.039, 26.04, 26.041, 26.042, 26.043, 26.044, 26.045, 26.046, 26.047, 26.048, 26.049, 26.05, 26.051, 26.052, 26.053, 26.054, 26.055, 26.056, 26.057, 26.058, 26.059, 26.06, 26.061, 26.062, 26.063, 26.064, 26.065, 26.066, 26.067, 26.068, 26.069, 26.07, 26.071, 26.072, 26.073, 26.074, 26.075, 26.076, 26.077, 26.078, 26.079, 26.08, 26.081, 26.082, 26.083, 26.084, 26.085, 26.086, 26.087, 26.088, 26.089, 26.09, 26.091, 26.092, 26.093, 26.094, 26.095, 26.096, 26.097, 26.098, 26.099, 26.1]
---
Round: 10, Unk. prob.: 9.408e-01
Surv probs: 5.917e-02, Fail probs: 0.000e+00
No. of non-dominant rules: 1728, Survival rules: 1728, Failure rules: 0
Batch update: 192 rules added, 0 existing rules removed (0 new rules dominated)
Survival: 192 rules added, 0 removed (from 192 candidates)
Updated sys_vals: [25.935, 25.988, 25.999, 26.004, 26.013, 26.014, 26.015, 26.016, 26.017, 26.018, 26.019, 26.02, 26.021, 26.023, 26.024, 26.025, 26.026, 26.028, 26.029, 26.03, 26.031, 26.032, 26.033, 26.034, 26.035, 26.036, 26.037, 26.038, 26.039, 26.04, 26.041, 26.042, 26.043, 26.044, 26.045, 26.046, 26.047, 26.048, 26.049, 26.05, 26.051, 26.052, 26.053, 26.054, 26.055, 26.056, 26.057, 26.058, 26.059, 26.06, 26.061, 26.062, 26.063, 26.064, 26.065, 26.066, 26.067, 26.068, 26.069, 26.07, 26.071, 26.072, 26.073, 26.074, 26.075, 26.076, 26.077, 26.078, 26.079, 26.08, 26.081, 26.082, 26.083, 26.084, 26.085, 26.086, 26.087, 26.088, 26.089, 26.09, 26.091, 26.092, 26.093, 26.094, 26.095, 26.096, 26.097, 26.098, 26.099, 26.1]
---
Round: 11, Unk. prob.: 9.367e-01
Surv probs: 6.330e-02, Fail probs: 0.000e+00
No. of non-dominant rules: 1920, Survival rules: 1920, Failure rules: 0
Batch update: 192 rules added, 0 existing rules removed (0 new rules dominated)
Survival: 192 rules added, 0 removed (from 192 candidates)
Updated sys_vals: [25.935, 25.988, 25.999, 26.003, 26.004, 26.012, 26.013, 26.014, 26.015, 26.016, 26.017, 26.018, 26.019, 26.02, 26.021, 26.023, 26.024, 26.025, 26.026, 26.027, 26.028, 26.029, 26.03, 26.031, 26.032, 26.033, 26.034, 26.035, 26.036, 26.037, 26.038, 26.039, 26.04, 26.041, 26.042, 26.043, 26.044, 26.045, 26.046, 26.047, 26.048, 26.049, 26.05, 26.051, 26.052, 26.053, 26.054, 26.055, 26.056, 26.057, 26.058, 26.059, 26.06, 26.061, 26.062, 26.063, 26.064, 26.065, 26.066, 26.067, 26.068, 26.069, 26.07, 26.071, 26.072, 26.073, 26.074, 26.075, 26.076, 26.077, 26.078, 26.079, 26.08, 26.081, 26.082, 26.083, 26.084, 26.085, 26.086, 26.087, 26.088, 26.089, 26.09, 26.091, 26.092, 26.093, 26.094, 26.095, 26.096, 26.097, 26.098, 26.099, 26.1]
---
Round: 12, Unk. prob.: 9.326e-01
Surv probs: 6.741e-02, Fail probs: 0.000e+00
No. of non-dominant rules: 2112, Survival rules: 2112, Failure rules: 0
Batch update: 192 rules added, 0 existing rules removed (0 new rules dominated)
Survival: 192 rules added, 0 removed (from 192 candidates)
Updated sys_vals: [25.935, 25.988, 25.999, 26.003, 26.004, 26.008, 26.012, 26.013, 26.014, 26.015, 26.016, 26.017, 26.018, 26.019, 26.02, 26.021, 26.023, 26.024, 26.025, 26.026, 26.027, 26.028, 26.029, 26.03, 26.031, 26.032, 26.033, 26.034, 26.035, 26.036, 26.037, 26.038, 26.039, 26.04, 26.041, 26.042, 26.043, 26.044, 26.045, 26.046, 26.047, 26.048, 26.049, 26.05, 26.051, 26.052, 26.053, 26.054, 26.055, 26.056, 26.057, 26.058, 26.059, 26.06, 26.061, 26.062, 26.063, 26.064, 26.065, 26.066, 26.067, 26.068, 26.069, 26.07, 26.071, 26.072, 26.073, 26.074, 26.075, 26.076, 26.077, 26.078, 26.079, 26.08, 26.081, 26.082, 26.083, 26.084, 26.085, 26.086, 26.087, 26.088, 26.089, 26.09, 26.091, 26.092, 26.093, 26.094, 26.095, 26.096, 26.097, 26.098, 26.099, 26.1]
---
Round: 13, Unk. prob.: 9.293e-01
Surv probs: 7.074e-02, Fail probs: 0.000e+00
No. of non-dominant rules: 2304, Survival rules: 2304, Failure rules: 0
Batch update: 192 rules added, 0 existing rules removed (0 new rules dominated)
Survival: 192 rules added, 0 removed (from 192 candidates)
Updated sys_vals: [25.935, 25.988, 25.999, 26.003, 26.004, 26.008, 26.012, 26.013, 26.014, 26.015, 26.016, 26.017, 26.018, 26.019, 26.02, 26.021, 26.023, 26.024, 26.025, 26.026, 26.027, 26.028, 26.029, 26.03, 26.031, 26.032, 26.033, 26.034, 26.035, 26.036, 26.037, 26.038, 26.039, 26.04, 26.041, 26.042, 26.043, 26.044, 26.045, 26.046, 26.047, 26.048, 26.049, 26.05, 26.051, 26.052, 26.053, 26.054, 26.055, 26.056, 26.057, 26.058, 26.059, 26.06, 26.061, 26.062, 26.063, 26.064, 26.065, 26.066, 26.067, 26.068, 26.069, 26.07, 26.071, 26.072, 26.073, 26.074, 26.075, 26.076, 26.077, 26.078, 26.079, 26.08, 26.081, 26.082, 26.083, 26.084, 26.085, 26.086, 26.087, 26.088, 26.089, 26.09, 26.091, 26.092, 26.093, 26.094, 26.095, 26.096, 26.097, 26.098, 26.099, 26.1]
---
Round: 14, Unk. prob.: 9.236e-01
Surv probs: 7.635e-02, Fail probs: 0.000e+00
No. of non-dominant rules: 2496, Survival rules: 2496, Failure rules: 0
Batch update: 192 rules added, 0 existing rules removed (0 new rules dominated)
Survival: 192 rules added, 0 removed (from 192 candidates)
Updated sys_vals: [25.935, 25.988, 25.999, 26.003, 26.004, 26.008, 26.012, 26.013, 26.014, 26.015, 26.016, 26.017, 26.018, 26.019, 26.02, 26.021, 26.023, 26.024, 26.025, 26.026, 26.027, 26.028, 26.029, 26.03, 26.031, 26.032, 26.033, 26.034, 26.035, 26.036, 26.037, 26.038, 26.039, 26.04, 26.041, 26.042, 26.043, 26.044, 26.045, 26.046, 26.047, 26.048, 26.049, 26.05, 26.051, 26.052, 26.053, 26.054, 26.055, 26.056, 26.057, 26.058, 26.059, 26.06, 26.061, 26.062, 26.063, 26.064, 26.065, 26.066, 26.067, 26.068, 26.069, 26.07, 26.071, 26.072, 26.073, 26.074, 26.075, 26.076, 26.077, 26.078, 26.079, 26.08, 26.081, 26.082, 26.083, 26.084, 26.085, 26.086, 26.087, 26.088, 26.089, 26.09, 26.091, 26.092, 26.093, 26.094, 26.095, 26.096, 26.097, 26.098, 26.099, 26.1]
---
Round: 15, Unk. prob.: 9.208e-01
Surv probs: 7.921e-02, Fail probs: 0.000e+00
No. of non-dominant rules: 2688, Survival rules: 2688, Failure rules: 0
Batch update: 192 rules added, 0 existing rules removed (0 new rules dominated)
Survival: 192 rules added, 0 removed (from 192 candidates)
Updated sys_vals: [25.935, 25.988, 25.999, 26.003, 26.004, 26.008, 26.012, 26.013, 26.014, 26.015, 26.016, 26.017, 26.018, 26.019, 26.02, 26.021, 26.023, 26.024, 26.025, 26.026, 26.027, 26.028, 26.029, 26.03, 26.031, 26.032, 26.033, 26.034, 26.035, 26.036, 26.037, 26.038, 26.039, 26.04, 26.041, 26.042, 26.043, 26.044, 26.045, 26.046, 26.047, 26.048, 26.049, 26.05, 26.051, 26.052, 26.053, 26.054, 26.055, 26.056, 26.057, 26.058, 26.059, 26.06, 26.061, 26.062, 26.063, 26.064, 26.065, 26.066, 26.067, 26.068, 26.069, 26.07, 26.071, 26.072, 26.073, 26.074, 26.075, 26.076, 26.077, 26.078, 26.079, 26.08, 26.081, 26.082, 26.083, 26.084, 26.085, 26.086, 26.087, 26.088, 26.089, 26.09, 26.091, 26.092, 26.093, 26.094, 26.095, 26.096, 26.097, 26.098, 26.099, 26.1]
---
Round: 16, Unk. prob.: 9.169e-01
Surv probs: 8.312e-02, Fail probs: 0.000e+00
No. of non-dominant rules: 2880, Survival rules: 2880, Failure rules: 0
Batch update: 192 rules added, 0 existing rules removed (0 new rules dominated)
Survival: 192 rules added, 0 removed (from 192 candidates)
Updated sys_vals: [25.935, 25.964, 25.988, 25.999, 26.003, 26.004, 26.008, 26.012, 26.013, 26.014, 26.015, 26.016, 26.017, 26.018, 26.019, 26.02, 26.021, 26.023, 26.024, 26.025, 26.026, 26.027, 26.028, 26.029, 26.03, 26.031, 26.032, 26.033, 26.034, 26.035, 26.036, 26.037, 26.038, 26.039, 26.04, 26.041, 26.042, 26.043, 26.044, 26.045, 26.046, 26.047, 26.048, 26.049, 26.05, 26.051, 26.052, 26.053, 26.054, 26.055, 26.056, 26.057, 26.058, 26.059, 26.06, 26.061, 26.062, 26.063, 26.064, 26.065, 26.066, 26.067, 26.068, 26.069, 26.07, 26.071, 26.072, 26.073, 26.074, 26.075, 26.076, 26.077, 26.078, 26.079, 26.08, 26.081, 26.082, 26.083, 26.084, 26.085, 26.086, 26.087, 26.088, 26.089, 26.09, 26.091, 26.092, 26.093, 26.094, 26.095, 26.096, 26.097, 26.098, 26.099, 26.1]
---
Round: 17, Unk. prob.: 9.147e-01
Surv probs: 8.527e-02, Fail probs: 0.000e+00
No. of non-dominant rules: 3072, Survival rules: 3072, Failure rules: 0
Batch update: 192 rules added, 0 existing rules removed (0 new rules dominated)
Survival: 192 rules added, 0 removed (from 192 candidates)
Updated sys_vals: [25.935, 25.964, 25.988, 25.999, 26.003, 26.004, 26.008, 26.012, 26.013, 26.014, 26.015, 26.016, 26.017, 26.018, 26.019, 26.02, 26.021, 26.023, 26.024, 26.025, 26.026, 26.027, 26.028, 26.029, 26.03, 26.031, 26.032, 26.033, 26.034, 26.035, 26.036, 26.037, 26.038, 26.039, 26.04, 26.041, 26.042, 26.043, 26.044, 26.045, 26.046, 26.047, 26.048, 26.049, 26.05, 26.051, 26.052, 26.053, 26.054, 26.055, 26.056, 26.057, 26.058, 26.059, 26.06, 26.061, 26.062, 26.063, 26.064, 26.065, 26.066, 26.067, 26.068, 26.069, 26.07, 26.071, 26.072, 26.073, 26.074, 26.075, 26.076, 26.077, 26.078, 26.079, 26.08, 26.081, 26.082, 26.083, 26.084, 26.085, 26.086, 26.087, 26.088, 26.089, 26.09, 26.091, 26.092, 26.093, 26.094, 26.095, 26.096, 26.097, 26.098, 26.099, 26.1]
---
Round: 18, Unk. prob.: 9.088e-01
Surv probs: 9.118e-02, Fail probs: 0.000e+00
No. of non-dominant rules: 3264, Survival rules: 3264, Failure rules: 0
Batch update: 192 rules added, 0 existing rules removed (0 new rules dominated)
Survival: 192 rules added, 0 removed (from 192 candidates)
Updated sys_vals: [25.935, 25.964, 25.988, 25.999, 26.003, 26.004, 26.008, 26.012, 26.013, 26.014, 26.015, 26.016, 26.017, 26.018, 26.019, 26.02, 26.021, 26.022, 26.023, 26.024, 26.025, 26.026, 26.027, 26.028, 26.029, 26.03, 26.031, 26.032, 26.033, 26.034, 26.035, 26.036, 26.037, 26.038, 26.039, 26.04, 26.041, 26.042, 26.043, 26.044, 26.045, 26.046, 26.047, 26.048, 26.049, 26.05, 26.051, 26.052, 26.053, 26.054, 26.055, 26.056, 26.057, 26.058, 26.059, 26.06, 26.061, 26.062, 26.063, 26.064, 26.065, 26.066, 26.067, 26.068, 26.069, 26.07, 26.071, 26.072, 26.073, 26.074, 26.075, 26.076, 26.077, 26.078, 26.079, 26.08, 26.081, 26.082, 26.083, 26.084, 26.085, 26.086, 26.087, 26.088, 26.089, 26.09, 26.091, 26.092, 26.093, 26.094, 26.095, 26.096, 26.097, 26.098, 26.099, 26.1]
---
Round: 19, Unk. prob.: 9.080e-01
Surv probs: 9.201e-02, Fail probs: 0.000e+00
No. of non-dominant rules: 3456, Survival rules: 3456, Failure rules: 0
Batch update: 192 rules added, 0 existing rules removed (0 new rules dominated)
Survival: 192 rules added, 0 removed (from 192 candidates)
Updated sys_vals: [25.92, 25.935, 25.964, 25.972, 25.988, 25.999, 26.003, 26.004, 26.008, 26.012, 26.013, 26.014, 26.015, 26.016, 26.017, 26.018, 26.019, 26.02, 26.021, 26.022, 26.023, 26.024, 26.025, 26.026, 26.027, 26.028, 26.029, 26.03, 26.031, 26.032, 26.033, 26.034, 26.035, 26.036, 26.037, 26.038, 26.039, 26.04, 26.041, 26.042, 26.043, 26.044, 26.045, 26.046, 26.047, 26.048, 26.049, 26.05, 26.051, 26.052, 26.053, 26.054, 26.055, 26.056, 26.057, 26.058, 26.059, 26.06, 26.061, 26.062, 26.063, 26.064, 26.065, 26.066, 26.067, 26.068, 26.069, 26.07, 26.071, 26.072, 26.073, 26.074, 26.075, 26.076, 26.077, 26.078, 26.079, 26.08, 26.081, 26.082, 26.083, 26.084, 26.085, 26.086, 26.087, 26.088, 26.089, 26.09, 26.091, 26.092, 26.093, 26.094, 26.095, 26.096, 26.097, 26.098, 26.099, 26.1]
---
Round: 20, Unk. prob.: 9.036e-01
Surv probs: 9.637e-02, Fail probs: 0.000e+00
No. of non-dominant rules: 3648, Survival rules: 3648, Failure rules: 0
Batch update: 192 rules added, 0 existing rules removed (0 new rules dominated)
Survival: 192 rules added, 0 removed (from 192 candidates)
Updated sys_vals: [25.92, 25.935, 25.964, 25.972, 25.988, 25.999, 26.003, 26.004, 26.008, 26.012, 26.013, 26.014, 26.015, 26.016, 26.017, 26.018, 26.019, 26.02, 26.021, 26.022, 26.023, 26.024, 26.025, 26.026, 26.027, 26.028, 26.029, 26.03, 26.031, 26.032, 26.033, 26.034, 26.035, 26.036, 26.037, 26.038, 26.039, 26.04, 26.041, 26.042, 26.043, 26.044, 26.045, 26.046, 26.047, 26.048, 26.049, 26.05, 26.051, 26.052, 26.053, 26.054, 26.055, 26.056, 26.057, 26.058, 26.059, 26.06, 26.061, 26.062, 26.063, 26.064, 26.065, 26.066, 26.067, 26.068, 26.069, 26.07, 26.071, 26.072, 26.073, 26.074, 26.075, 26.076, 26.077, 26.078, 26.079, 26.08, 26.081, 26.082, 26.083, 26.084, 26.085, 26.086, 26.087, 26.088, 26.089, 26.09, 26.091, 26.092, 26.093, 26.094, 26.095, 26.096, 26.097, 26.098, 26.099, 26.1]
---
Round: 21, Unk. prob.: 9.034e-01
Surv probs: 9.658e-02, Fail probs: 0.000e+00
No. of non-dominant rules: 3840, Survival rules: 3840, Failure rules: 0
Batch update: 192 rules added, 0 existing rules removed (0 new rules dominated)
Survival: 192 rules added, 0 removed (from 192 candidates)
Updated sys_vals: [25.92, 25.935, 25.964, 25.972, 25.988, 25.999, 26.003, 26.004, 26.008, 26.012, 26.013, 26.014, 26.015, 26.016, 26.017, 26.018, 26.019, 26.02, 26.021, 26.022, 26.023, 26.024, 26.025, 26.026, 26.027, 26.028, 26.029, 26.03, 26.031, 26.032, 26.033, 26.034, 26.035, 26.036, 26.037, 26.038, 26.039, 26.04, 26.041, 26.042, 26.043, 26.044, 26.045, 26.046, 26.047, 26.048, 26.049, 26.05, 26.051, 26.052, 26.053, 26.054, 26.055, 26.056, 26.057, 26.058, 26.059, 26.06, 26.061, 26.062, 26.063, 26.064, 26.065, 26.066, 26.067, 26.068, 26.069, 26.07, 26.071, 26.072, 26.073, 26.074, 26.075, 26.076, 26.077, 26.078, 26.079, 26.08, 26.081, 26.082, 26.083, 26.084, 26.085, 26.086, 26.087, 26.088, 26.089, 26.09, 26.091, 26.092, 26.093, 26.094, 26.095, 26.096, 26.097, 26.098, 26.099, 26.1]
---
Round: 22, Unk. prob.: 8.997e-01
Surv probs: 1.003e-01, Fail probs: 0.000e+00
No. of non-dominant rules: 4032, Survival rules: 4032, Failure rules: 0
Batch update: 192 rules added, 0 existing rules removed (0 new rules dominated)
Survival: 192 rules added, 0 removed (from 192 candidates)
Updated sys_vals: [25.92, 25.935, 25.964, 25.972, 25.988, 25.998, 25.999, 26.003, 26.004, 26.008, 26.012, 26.013, 26.014, 26.015, 26.016, 26.017, 26.018, 26.019, 26.02, 26.021, 26.022, 26.023, 26.024, 26.025, 26.026, 26.027, 26.028, 26.029, 26.03, 26.031, 26.032, 26.033, 26.034, 26.035, 26.036, 26.037, 26.038, 26.039, 26.04, 26.041, 26.042, 26.043, 26.044, 26.045, 26.046, 26.047, 26.048, 26.049, 26.05, 26.051, 26.052, 26.053, 26.054, 26.055, 26.056, 26.057, 26.058, 26.059, 26.06, 26.061, 26.062, 26.063, 26.064, 26.065, 26.066, 26.067, 26.068, 26.069, 26.07, 26.071, 26.072, 26.073, 26.074, 26.075, 26.076, 26.077, 26.078, 26.079, 26.08, 26.081, 26.082, 26.083, 26.084, 26.085, 26.086, 26.087, 26.088, 26.089, 26.09, 26.091, 26.092, 26.093, 26.094, 26.095, 26.096, 26.097, 26.098, 26.099, 26.1]
---
Round: 23, Unk. prob.: 8.971e-01
Surv probs: 1.029e-01, Fail probs: 0.000e+00
No. of non-dominant rules: 4224, Survival rules: 4224, Failure rules: 0
Batch update: 192 rules added, 0 existing rules removed (0 new rules dominated)
Survival: 192 rules added, 0 removed (from 192 candidates)
Updated sys_vals: [25.92, 25.935, 25.964, 25.972, 25.988, 25.998, 25.999, 26.003, 26.004, 26.007, 26.008, 26.012, 26.013, 26.014, 26.015, 26.016, 26.017, 26.018, 26.019, 26.02, 26.021, 26.022, 26.023, 26.024, 26.025, 26.026, 26.027, 26.028, 26.029, 26.03, 26.031, 26.032, 26.033, 26.034, 26.035, 26.036, 26.037, 26.038, 26.039, 26.04, 26.041, 26.042, 26.043, 26.044, 26.045, 26.046, 26.047, 26.048, 26.049, 26.05, 26.051, 26.052, 26.053, 26.054, 26.055, 26.056, 26.057, 26.058, 26.059, 26.06, 26.061, 26.062, 26.063, 26.064, 26.065, 26.066, 26.067, 26.068, 26.069, 26.07, 26.071, 26.072, 26.073, 26.074, 26.075, 26.076, 26.077, 26.078, 26.079, 26.08, 26.081, 26.082, 26.083, 26.084, 26.085, 26.086, 26.087, 26.088, 26.089, 26.09, 26.091, 26.092, 26.093, 26.094, 26.095, 26.096, 26.097, 26.098, 26.099, 26.1]
---
Round: 24, Unk. prob.: 8.927e-01
Surv probs: 1.073e-01, Fail probs: 0.000e+00
No. of non-dominant rules: 4416, Survival rules: 4416, Failure rules: 0
Batch update: 192 rules added, 0 existing rules removed (0 new rules dominated)
Survival: 192 rules added, 0 removed (from 192 candidates)
Updated sys_vals: [25.92, 25.935, 25.964, 25.972, 25.988, 25.998, 25.999, 26.003, 26.004, 26.007, 26.008, 26.012, 26.013, 26.014, 26.015, 26.016, 26.017, 26.018, 26.019, 26.02, 26.021, 26.022, 26.023, 26.024, 26.025, 26.026, 26.027, 26.028, 26.029, 26.03, 26.031, 26.032, 26.033, 26.034, 26.035, 26.036, 26.037, 26.038, 26.039, 26.04, 26.041, 26.042, 26.043, 26.044, 26.045, 26.046, 26.047, 26.048, 26.049, 26.05, 26.051, 26.052, 26.053, 26.054, 26.055, 26.056, 26.057, 26.058, 26.059, 26.06, 26.061, 26.062, 26.063, 26.064, 26.065, 26.066, 26.067, 26.068, 26.069, 26.07, 26.071, 26.072, 26.073, 26.074, 26.075, 26.076, 26.077, 26.078, 26.079, 26.08, 26.081, 26.082, 26.083, 26.084, 26.085, 26.086, 26.087, 26.088, 26.089, 26.09, 26.091, 26.092, 26.093, 26.094, 26.095, 26.096, 26.097, 26.098, 26.099, 26.1]
---
Round: 25, Unk. prob.: 8.899e-01
Surv probs: 1.101e-01, Fail probs: 0.000e+00
No. of non-dominant rules: 4608, Survival rules: 4608, Failure rules: 0
Batch update: 192 rules added, 0 existing rules removed (0 new rules dominated)
Survival: 192 rules added, 0 removed (from 192 candidates)
Updated sys_vals: [25.92, 25.935, 25.943, 25.964, 25.972, 25.988, 25.99, 25.998, 25.999, 26.003, 26.004, 26.007, 26.008, 26.011, 26.012, 26.013, 26.014, 26.015, 26.016, 26.017, 26.018, 26.019, 26.02, 26.021, 26.022, 26.023, 26.024, 26.025, 26.026, 26.027, 26.028, 26.029, 26.03, 26.031, 26.032, 26.033, 26.034, 26.035, 26.036, 26.037, 26.038, 26.039, 26.04, 26.041, 26.042, 26.043, 26.044, 26.045, 26.046, 26.047, 26.048, 26.049, 26.05, 26.051, 26.052, 26.053, 26.054, 26.055, 26.056, 26.057, 26.058, 26.059, 26.06, 26.061, 26.062, 26.063, 26.064, 26.065, 26.066, 26.067, 26.068, 26.069, 26.07, 26.071, 26.072, 26.073, 26.074, 26.075, 26.076, 26.077, 26.078, 26.079, 26.08, 26.081, 26.082, 26.083, 26.084, 26.085, 26.086, 26.087, 26.088, 26.089, 26.09, 26.091, 26.092, 26.093, 26.094, 26.095, 26.096, 26.097, 26.098, 26.099, 26.1]
---
Round: 26, Unk. prob.: 8.885e-01
Surv probs: 1.115e-01, Fail probs: 0.000e+00
No. of non-dominant rules: 4800, Survival rules: 4800, Failure rules: 0
Batch update: 192 rules added, 0 existing rules removed (0 new rules dominated)
Survival: 192 rules added, 0 removed (from 192 candidates)
Updated sys_vals: [25.92, 25.935, 25.943, 25.964, 25.972, 25.988, 25.99, 25.998, 25.999, 26.002, 26.003, 26.004, 26.007, 26.008, 26.011, 26.012, 26.013, 26.014, 26.015, 26.016, 26.017, 26.018, 26.019, 26.02, 26.021, 26.022, 26.023, 26.024, 26.025, 26.026, 26.027, 26.028, 26.029, 26.03, 26.031, 26.032, 26.033, 26.034, 26.035, 26.036, 26.037, 26.038, 26.039, 26.04, 26.041, 26.042, 26.043, 26.044, 26.045, 26.046, 26.047, 26.048, 26.049, 26.05, 26.051, 26.052, 26.053, 26.054, 26.055, 26.056, 26.057, 26.058, 26.059, 26.06, 26.061, 26.062, 26.063, 26.064, 26.065, 26.066, 26.067, 26.068, 26.069, 26.07, 26.071, 26.072, 26.073, 26.074, 26.075, 26.076, 26.077, 26.078, 26.079, 26.08, 26.081, 26.082, 26.083, 26.084, 26.085, 26.086, 26.087, 26.088, 26.089, 26.09, 26.091, 26.092, 26.093, 26.094, 26.095, 26.096, 26.097, 26.098, 26.099, 26.1]
---
Round: 27, Unk. prob.: 8.850e-01
Surv probs: 1.150e-01, Fail probs: 0.000e+00
No. of non-dominant rules: 4992, Survival rules: 4992, Failure rules: 0
Batch update: 192 rules added, 0 existing rules removed (0 new rules dominated)
Survival: 192 rules added, 0 removed (from 192 candidates)
Updated sys_vals: [25.92, 25.935, 25.943, 25.964, 25.972, 25.988, 25.99, 25.998, 25.999, 26.0, 26.002, 26.003, 26.004, 26.007, 26.008, 26.011, 26.012, 26.013, 26.014, 26.015, 26.016, 26.017, 26.018, 26.019, 26.02, 26.021, 26.022, 26.023, 26.024, 26.025, 26.026, 26.027, 26.028, 26.029, 26.03, 26.031, 26.032, 26.033, 26.034, 26.035, 26.036, 26.037, 26.038, 26.039, 26.04, 26.041, 26.042, 26.043, 26.044, 26.045, 26.046, 26.047, 26.048, 26.049, 26.05, 26.051, 26.052, 26.053, 26.054, 26.055, 26.056, 26.057, 26.058, 26.059, 26.06, 26.061, 26.062, 26.063, 26.064, 26.065, 26.066, 26.067, 26.068, 26.069, 26.07, 26.071, 26.072, 26.073, 26.074, 26.075, 26.076, 26.077, 26.078, 26.079, 26.08, 26.081, 26.082, 26.083, 26.084, 26.085, 26.086, 26.087, 26.088, 26.089, 26.09, 26.091, 26.092, 26.093, 26.094, 26.095, 26.096, 26.097, 26.098, 26.099, 26.1]
---
Round: 28, Unk. prob.: 8.831e-01
Surv probs: 1.169e-01, Fail probs: 0.000e+00
No. of non-dominant rules: 5184, Survival rules: 5184, Failure rules: 0
Batch update: 192 rules added, 0 existing rules removed (0 new rules dominated)
Survival: 192 rules added, 0 removed (from 192 candidates)
Updated sys_vals: [25.92, 25.935, 25.943, 25.964, 25.972, 25.988, 25.99, 25.998, 25.999, 26.0, 26.002, 26.003, 26.004, 26.007, 26.008, 26.011, 26.012, 26.013, 26.014, 26.015, 26.016, 26.017, 26.018, 26.019, 26.02, 26.021, 26.022, 26.023, 26.024, 26.025, 26.026, 26.027, 26.028, 26.029, 26.03, 26.031, 26.032, 26.033, 26.034, 26.035, 26.036, 26.037, 26.038, 26.039, 26.04, 26.041, 26.042, 26.043, 26.044, 26.045, 26.046, 26.047, 26.048, 26.049, 26.05, 26.051, 26.052, 26.053, 26.054, 26.055, 26.056, 26.057, 26.058, 26.059, 26.06, 26.061, 26.062, 26.063, 26.064, 26.065, 26.066, 26.067, 26.068, 26.069, 26.07, 26.071, 26.072, 26.073, 26.074, 26.075, 26.076, 26.077, 26.078, 26.079, 26.08, 26.081, 26.082, 26.083, 26.084, 26.085, 26.086, 26.087, 26.088, 26.089, 26.09, 26.091, 26.092, 26.093, 26.094, 26.095, 26.096, 26.097, 26.098, 26.099, 26.1]
---
Round: 29, Unk. prob.: 8.814e-01
Surv probs: 1.186e-01, Fail probs: 0.000e+00
No. of non-dominant rules: 5376, Survival rules: 5376, Failure rules: 0
Batch update: 192 rules added, 0 existing rules removed (0 new rules dominated)
Survival: 192 rules added, 0 removed (from 192 candidates)
Updated sys_vals: [25.92, 25.935, 25.943, 25.964, 25.972, 25.988, 25.99, 25.995, 25.998, 25.999, 26.0, 26.002, 26.003, 26.004, 26.007, 26.008, 26.011, 26.012, 26.013, 26.014, 26.015, 26.016, 26.017, 26.018, 26.019, 26.02, 26.021, 26.022, 26.023, 26.024, 26.025, 26.026, 26.027, 26.028, 26.029, 26.03, 26.031, 26.032, 26.033, 26.034, 26.035, 26.036, 26.037, 26.038, 26.039, 26.04, 26.041, 26.042, 26.043, 26.044, 26.045, 26.046, 26.047, 26.048, 26.049, 26.05, 26.051, 26.052, 26.053, 26.054, 26.055, 26.056, 26.057, 26.058, 26.059, 26.06, 26.061, 26.062, 26.063, 26.064, 26.065, 26.066, 26.067, 26.068, 26.069, 26.07, 26.071, 26.072, 26.073, 26.074, 26.075, 26.076, 26.077, 26.078, 26.079, 26.08, 26.081, 26.082, 26.083, 26.084, 26.085, 26.086, 26.087, 26.088, 26.089, 26.09, 26.091, 26.092, 26.093, 26.094, 26.095, 26.096, 26.097, 26.098, 26.099, 26.1]
---
Round: 30, Unk. prob.: 8.782e-01
Surv probs: 1.218e-01, Fail probs: 0.000e+00
No. of non-dominant rules: 5568, Survival rules: 5568, Failure rules: 0
Batch update: 192 rules added, 0 existing rules removed (0 new rules dominated)
Survival: 192 rules added, 0 removed (from 192 candidates)
Updated sys_vals: [25.92, 25.935, 25.943, 25.964, 25.972, 25.988, 25.99, 25.994, 25.995, 25.998, 25.999, 26.0, 26.002, 26.003, 26.004, 26.007, 26.008, 26.011, 26.012, 26.013, 26.014, 26.015, 26.016, 26.017, 26.018, 26.019, 26.02, 26.021, 26.022, 26.023, 26.024, 26.025, 26.026, 26.027, 26.028, 26.029, 26.03, 26.031, 26.032, 26.033, 26.034, 26.035, 26.036, 26.037, 26.038, 26.039, 26.04, 26.041, 26.042, 26.043, 26.044, 26.045, 26.046, 26.047, 26.048, 26.049, 26.05, 26.051, 26.052, 26.053, 26.054, 26.055, 26.056, 26.057, 26.058, 26.059, 26.06, 26.061, 26.062, 26.063, 26.064, 26.065, 26.066, 26.067, 26.068, 26.069, 26.07, 26.071, 26.072, 26.073, 26.074, 26.075, 26.076, 26.077, 26.078, 26.079, 26.08, 26.081, 26.082, 26.083, 26.084, 26.085, 26.086, 26.087, 26.088, 26.089, 26.09, 26.091, 26.092, 26.093, 26.094, 26.095, 26.096, 26.097, 26.098, 26.099, 26.1]
---
Round: 31, Unk. prob.: 8.787e-01
Surv probs: 1.213e-01, Fail probs: 0.000e+00
No. of non-dominant rules: 5760, Survival rules: 5760, Failure rules: 0
Batch update: 192 rules added, 0 existing rules removed (0 new rules dominated)
Survival: 192 rules added, 0 removed (from 192 candidates)
Updated sys_vals: [25.92, 25.935, 25.943, 25.964, 25.972, 25.984, 25.988, 25.99, 25.994, 25.995, 25.998, 25.999, 26.0, 26.002, 26.003, 26.004, 26.007, 26.008, 26.011, 26.012, 26.013, 26.014, 26.015, 26.016, 26.017, 26.018, 26.019, 26.02, 26.021, 26.022, 26.023, 26.024, 26.025, 26.026, 26.027, 26.028, 26.029, 26.03, 26.031, 26.032, 26.033, 26.034, 26.035, 26.036, 26.037, 26.038, 26.039, 26.04, 26.041, 26.042, 26.043, 26.044, 26.045, 26.046, 26.047, 26.048, 26.049, 26.05, 26.051, 26.052, 26.053, 26.054, 26.055, 26.056, 26.057, 26.058, 26.059, 26.06, 26.061, 26.062, 26.063, 26.064, 26.065, 26.066, 26.067, 26.068, 26.069, 26.07, 26.071, 26.072, 26.073, 26.074, 26.075, 26.076, 26.077, 26.078, 26.079, 26.08, 26.081, 26.082, 26.083, 26.084, 26.085, 26.086, 26.087, 26.088, 26.089, 26.09, 26.091, 26.092, 26.093, 26.094, 26.095, 26.096, 26.097, 26.098, 26.099, 26.1]
---
Round: 32, Unk. prob.: 8.761e-01
Surv probs: 1.239e-01, Fail probs: 0.000e+00
No. of non-dominant rules: 5952, Survival rules: 5952, Failure rules: 0
Batch update: 192 rules added, 0 existing rules removed (0 new rules dominated)
Survival: 192 rules added, 0 removed (from 192 candidates)
Updated sys_vals: [25.92, 25.935, 25.943, 25.964, 25.972, 25.984, 25.988, 25.99, 25.994, 25.995, 25.998, 25.999, 26.0, 26.001, 26.002, 26.003, 26.004, 26.007, 26.008, 26.009, 26.011, 26.012, 26.013, 26.014, 26.015, 26.016, 26.017, 26.018, 26.019, 26.02, 26.021, 26.022, 26.023, 26.024, 26.025, 26.026, 26.027, 26.028, 26.029, 26.03, 26.031, 26.032, 26.033, 26.034, 26.035, 26.036, 26.037, 26.038, 26.039, 26.04, 26.041, 26.042, 26.043, 26.044, 26.045, 26.046, 26.047, 26.048, 26.049, 26.05, 26.051, 26.052, 26.053, 26.054, 26.055, 26.056, 26.057, 26.058, 26.059, 26.06, 26.061, 26.062, 26.063, 26.064, 26.065, 26.066, 26.067, 26.068, 26.069, 26.07, 26.071, 26.072, 26.073, 26.074, 26.075, 26.076, 26.077, 26.078, 26.079, 26.08, 26.081, 26.082, 26.083, 26.084, 26.085, 26.086, 26.087, 26.088, 26.089, 26.09, 26.091, 26.092, 26.093, 26.094, 26.095, 26.096, 26.097, 26.098, 26.099, 26.1]
---
Round: 33, Unk. prob.: 8.724e-01
Surv probs: 1.276e-01, Fail probs: 0.000e+00
No. of non-dominant rules: 6144, Survival rules: 6144, Failure rules: 0
Batch update: 192 rules added, 0 existing rules removed (0 new rules dominated)
Survival: 192 rules added, 0 removed (from 192 candidates)
Updated sys_vals: [25.92, 25.935, 25.943, 25.964, 25.972, 25.984, 25.988, 25.99, 25.994, 25.995, 25.998, 25.999, 26.0, 26.001, 26.002, 26.003, 26.004, 26.007, 26.008, 26.009, 26.011, 26.012, 26.013, 26.014, 26.015, 26.016, 26.017, 26.018, 26.019, 26.02, 26.021, 26.022, 26.023, 26.024, 26.025, 26.026, 26.027, 26.028, 26.029, 26.03, 26.031, 26.032, 26.033, 26.034, 26.035, 26.036, 26.037, 26.038, 26.039, 26.04, 26.041, 26.042, 26.043, 26.044, 26.045, 26.046, 26.047, 26.048, 26.049, 26.05, 26.051, 26.052, 26.053, 26.054, 26.055, 26.056, 26.057, 26.058, 26.059, 26.06, 26.061, 26.062, 26.063, 26.064, 26.065, 26.066, 26.067, 26.068, 26.069, 26.07, 26.071, 26.072, 26.073, 26.074, 26.075, 26.076, 26.077, 26.078, 26.079, 26.08, 26.081, 26.082, 26.083, 26.084, 26.085, 26.086, 26.087, 26.088, 26.089, 26.09, 26.091, 26.092, 26.093, 26.094, 26.095, 26.096, 26.097, 26.098, 26.099, 26.1]
---
Round: 34, Unk. prob.: 8.720e-01
Surv probs: 1.280e-01, Fail probs: 0.000e+00
No. of non-dominant rules: 6336, Survival rules: 6336, Failure rules: 0
Batch update: 192 rules added, 0 existing rules removed (0 new rules dominated)
Survival: 192 rules added, 0 removed (from 192 candidates)
Updated sys_vals: [25.92, 25.935, 25.943, 25.964, 25.972, 25.982, 25.984, 25.988, 25.99, 25.994, 25.995, 25.996, 25.998, 25.999, 26.0, 26.001, 26.002, 26.003, 26.004, 26.007, 26.008, 26.009, 26.011, 26.012, 26.013, 26.014, 26.015, 26.016, 26.017, 26.018, 26.019, 26.02, 26.021, 26.022, 26.023, 26.024, 26.025, 26.026, 26.027, 26.028, 26.029, 26.03, 26.031, 26.032, 26.033, 26.034, 26.035, 26.036, 26.037, 26.038, 26.039, 26.04, 26.041, 26.042, 26.043, 26.044, 26.045, 26.046, 26.047, 26.048, 26.049, 26.05, 26.051, 26.052, 26.053, 26.054, 26.055, 26.056, 26.057, 26.058, 26.059, 26.06, 26.061, 26.062, 26.063, 26.064, 26.065, 26.066, 26.067, 26.068, 26.069, 26.07, 26.071, 26.072, 26.073, 26.074, 26.075, 26.076, 26.077, 26.078, 26.079, 26.08, 26.081, 26.082, 26.083, 26.084, 26.085, 26.086, 26.087, 26.088, 26.089, 26.09, 26.091, 26.092, 26.093, 26.094, 26.095, 26.096, 26.097, 26.098, 26.099, 26.1]
---
Round: 35, Unk. prob.: 8.718e-01
Surv probs: 1.282e-01, Fail probs: 0.000e+00
No. of non-dominant rules: 6528, Survival rules: 6528, Failure rules: 0
Batch update: 192 rules added, 0 existing rules removed (0 new rules dominated)
Survival: 192 rules added, 0 removed (from 192 candidates)
Updated sys_vals: [25.92, 25.935, 25.943, 25.964, 25.972, 25.982, 25.984, 25.988, 25.99, 25.992, 25.994, 25.995, 25.996, 25.998, 25.999, 26.0, 26.001, 26.002, 26.003, 26.004, 26.007, 26.008, 26.009, 26.011, 26.012, 26.013, 26.014, 26.015, 26.016, 26.017, 26.018, 26.019, 26.02, 26.021, 26.022, 26.023, 26.024, 26.025, 26.026, 26.027, 26.028, 26.029, 26.03, 26.031, 26.032, 26.033, 26.034, 26.035, 26.036, 26.037, 26.038, 26.039, 26.04, 26.041, 26.042, 26.043, 26.044, 26.045, 26.046, 26.047, 26.048, 26.049, 26.05, 26.051, 26.052, 26.053, 26.054, 26.055, 26.056, 26.057, 26.058, 26.059, 26.06, 26.061, 26.062, 26.063, 26.064, 26.065, 26.066, 26.067, 26.068, 26.069, 26.07, 26.071, 26.072, 26.073, 26.074, 26.075, 26.076, 26.077, 26.078, 26.079, 26.08, 26.081, 26.082, 26.083, 26.084, 26.085, 26.086, 26.087, 26.088, 26.089, 26.09, 26.091, 26.092, 26.093, 26.094, 26.095, 26.096, 26.097, 26.098, 26.099, 26.1]
---
Round: 36, Unk. prob.: 8.675e-01
Surv probs: 1.325e-01, Fail probs: 0.000e+00
No. of non-dominant rules: 6720, Survival rules: 6720, Failure rules: 0
Batch update: 192 rules added, 0 existing rules removed (0 new rules dominated)
Survival: 192 rules added, 0 removed (from 192 candidates)
Updated sys_vals: [25.92, 25.935, 25.943, 25.964, 25.972, 25.982, 25.984, 25.988, 25.99, 25.992, 25.994, 25.995, 25.996, 25.998, 25.999, 26.0, 26.001, 26.002, 26.003, 26.004, 26.007, 26.008, 26.009, 26.011, 26.012, 26.013, 26.014, 26.015, 26.016, 26.017, 26.018, 26.019, 26.02, 26.021, 26.022, 26.023, 26.024, 26.025, 26.026, 26.027, 26.028, 26.029, 26.03, 26.031, 26.032, 26.033, 26.034, 26.035, 26.036, 26.037, 26.038, 26.039, 26.04, 26.041, 26.042, 26.043, 26.044, 26.045, 26.046, 26.047, 26.048, 26.049, 26.05, 26.051, 26.052, 26.053, 26.054, 26.055, 26.056, 26.057, 26.058, 26.059, 26.06, 26.061, 26.062, 26.063, 26.064, 26.065, 26.066, 26.067, 26.068, 26.069, 26.07, 26.071, 26.072, 26.073, 26.074, 26.075, 26.076, 26.077, 26.078, 26.079, 26.08, 26.081, 26.082, 26.083, 26.084, 26.085, 26.086, 26.087, 26.088, 26.089, 26.09, 26.091, 26.092, 26.093, 26.094, 26.095, 26.096, 26.097, 26.098, 26.099, 26.1]
---
Round: 37, Unk. prob.: 8.668e-01
Surv probs: 1.333e-01, Fail probs: 0.000e+00
No. of non-dominant rules: 6912, Survival rules: 6912, Failure rules: 0
