============================================================
Fixed-k search on IEEE 118-bus DC-OPF
============================================================

  Components:  304 total
  Max states:  4
  Threshold:   13.8% blackout (Scenario 1)

Initialising DC-OPF system function...
DC-OPF sfun ready: 118 buses, 54 generators, 186 branches

============================================================
Phase 1: Loading pre-computed failures
============================================================
  /scratch/w84/hxr547/tsum/demos/case118/results_fixedk/failures_k3.json: 9 entries
Loaded 9 verified failures

Phase 1 complete: 9 failures in 0.1s

============================================================
Phase 2: Minimizing 9 failures into rules
============================================================
  Minimized 9/9 (last: 3 conditions)

Phase 2 complete: 9 unique rules (from 9) in 32.5s

Seed rule length distribution:
  3 conditions: 9 rules

============================================================
Phase 3: TSUM rule extraction (seeded with fixed-k rules)
============================================================
  Seed rules:  9 failure rules
  Convergence: unk_prob < 1e-05
  Device:      cpu
  Workers:     192

Starting rule extraction...

Loaded 9 initial failure rules
Parallel mode: 192 CPU workers for sfun + minimization
---
Round: 1, Unk. prob.: 1.000e+00
Surv probs: 0.000e+00, Fail probs: 0.000e+00
No. of non-dominant rules: 9, Survival rules: 0, Failure rules: 9
Batch update: 192 rules added, 0 existing rules removed (0 new rules dominated)
Survival: 192 rules added, 0 removed (from 192 candidates)
Updated sys_vals: [13.698, 13.709, 13.716, 13.726, 13.73, 13.736, 13.737, 13.744, 13.747, 13.749, 13.753, 13.754, 13.755, 13.758, 13.761, 13.762, 13.763, 13.764, 13.766, 13.767, 13.768, 13.769, 13.77, 13.772, 13.773, 13.774, 13.775, 13.776, 13.777, 13.778, 13.779, 13.78, 13.781, 13.782, 13.783, 13.784, 13.785, 13.786, 13.787, 13.788, 13.789, 13.79, 13.791, 13.792, 13.793, 13.794, 13.795, 13.796, 13.797, 13.798, 13.799, 13.8]
---
Round: 2, Unk. prob.: 1.000e+00
Surv probs: 0.000e+00, Fail probs: 0.000e+00
No. of non-dominant rules: 201, Survival rules: 192, Failure rules: 9
Batch update: 192 rules added, 0 existing rules removed (0 new rules dominated)
Survival: 192 rules added, 0 removed (from 192 candidates)
Updated sys_vals: [13.698, 13.709, 13.711, 13.716, 13.717, 13.722, 13.726, 13.73, 13.733, 13.736, 13.737, 13.742, 13.744, 13.747, 13.749, 13.75, 13.753, 13.754, 13.755, 13.756, 13.758, 13.759, 13.761, 13.762, 13.763, 13.764, 13.765, 13.766, 13.767, 13.768, 13.769, 13.77, 13.771, 13.772, 13.773, 13.774, 13.775, 13.776, 13.777, 13.778, 13.779, 13.78, 13.781, 13.782, 13.783, 13.784, 13.785, 13.786, 13.787, 13.788, 13.789, 13.79, 13.791, 13.792, 13.793, 13.794, 13.795, 13.796, 13.797, 13.798, 13.799, 13.8]
---
Round: 3, Unk. prob.: 9.137e-01
Surv probs: 8.624e-02, Fail probs: 1.000e-05
No. of non-dominant rules: 393, Survival rules: 384, Failure rules: 9
Batch update: 192 rules added, 0 existing rules removed (0 new rules dominated)
Survival: 192 rules added, 0 removed (from 192 candidates)
Updated sys_vals: [13.681, 13.686, 13.691, 13.698, 13.702, 13.709, 13.711, 13.716, 13.717, 13.722, 13.723, 13.726, 13.73, 13.733, 13.734, 13.736, 13.737, 13.739, 13.742, 13.744, 13.746, 13.747, 13.749, 13.75, 13.753, 13.754, 13.755, 13.756, 13.757, 13.758, 13.759, 13.76, 13.761, 13.762, 13.763, 13.764, 13.765, 13.766, 13.767, 13.768, 13.769, 13.77, 13.771, 13.772, 13.773, 13.774, 13.775, 13.776, 13.777, 13.778, 13.779, 13.78, 13.781, 13.782, 13.783, 13.784, 13.785, 13.786, 13.787, 13.788, 13.789, 13.79, 13.791, 13.792, 13.793, 13.794, 13.795, 13.796, 13.797, 13.798, 13.799, 13.8]
---
Round: 4, Unk. prob.: 8.687e-01
Surv probs: 1.313e-01, Fail probs: 1.000e-05
No. of non-dominant rules: 585, Survival rules: 576, Failure rules: 9
Batch update: 192 rules added, 0 existing rules removed (0 new rules dominated)
Survival: 192 rules added, 0 removed (from 192 candidates)
Updated sys_vals: [13.681, 13.686, 13.691, 13.693, 13.696, 13.698, 13.699, 13.702, 13.709, 13.711, 13.713, 13.714, 13.716, 13.717, 13.72, 13.722, 13.723, 13.726, 13.729, 13.73, 13.733, 13.734, 13.736, 13.737, 13.739, 13.74, 13.742, 13.744, 13.746, 13.747, 13.749, 13.75, 13.753, 13.754, 13.755, 13.756, 13.757, 13.758, 13.759, 13.76, 13.761, 13.762, 13.763, 13.764, 13.765, 13.766, 13.767, 13.768, 13.769, 13.77, 13.771, 13.772, 13.773, 13.774, 13.775, 13.776, 13.777, 13.778, 13.779, 13.78, 13.781, 13.782, 13.783, 13.784, 13.785, 13.786, 13.787, 13.788, 13.789, 13.79, 13.791, 13.792, 13.793, 13.794, 13.795, 13.796, 13.797, 13.798, 13.799, 13.8]
---
Round: 5, Unk. prob.: 8.388e-01
Surv probs: 1.612e-01, Fail probs: 0.000e+00
No. of non-dominant rules: 777, Survival rules: 768, Failure rules: 9
Batch update: 192 rules added, 0 existing rules removed (0 new rules dominated)
Survival: 192 rules added, 0 removed (from 192 candidates)
Updated sys_vals: [13.681, 13.686, 13.691, 13.693, 13.694, 13.696, 13.698, 13.699, 13.702, 13.709, 13.711, 13.713, 13.714, 13.716, 13.717, 13.72, 13.722, 13.723, 13.726, 13.727, 13.729, 13.73, 13.733, 13.734, 13.736, 13.737, 13.739, 13.74, 13.742, 13.744, 13.746, 13.747, 13.749, 13.75, 13.752, 13.753, 13.754, 13.755, 13.756, 13.757, 13.758, 13.759, 13.76, 13.761, 13.762, 13.763, 13.764, 13.765, 13.766, 13.767, 13.768, 13.769, 13.77, 13.771, 13.772, 13.773, 13.774, 13.775, 13.776, 13.777, 13.778, 13.779, 13.78, 13.781, 13.782, 13.783, 13.784, 13.785, 13.786, 13.787, 13.788, 13.789, 13.79, 13.791, 13.792, 13.793, 13.794, 13.795, 13.796, 13.797, 13.798, 13.799, 13.8]
---
Round: 6, Unk. prob.: 8.150e-01
Surv probs: 1.850e-01, Fail probs: 0.000e+00
No. of non-dominant rules: 969, Survival rules: 960, Failure rules: 9
Batch update: 192 rules added, 0 existing rules removed (0 new rules dominated)
Survival: 192 rules added, 0 removed (from 192 candidates)
Updated sys_vals: [13.681, 13.686, 13.691, 13.693, 13.694, 13.696, 13.698, 13.699, 13.702, 13.704, 13.709, 13.711, 13.713, 13.714, 13.716, 13.717, 13.72, 13.721, 13.722, 13.723, 13.726, 13.727, 13.729, 13.73, 13.733, 13.734, 13.735, 13.736, 13.737, 13.739, 13.74, 13.742, 13.744, 13.745, 13.746, 13.747, 13.748, 13.749, 13.75, 13.752, 13.753, 13.754, 13.755, 13.756, 13.757, 13.758, 13.759, 13.76, 13.761, 13.762, 13.763, 13.764, 13.765, 13.766, 13.767, 13.768, 13.769, 13.77, 13.771, 13.772, 13.773, 13.774, 13.775, 13.776, 13.777, 13.778, 13.779, 13.78, 13.781, 13.782, 13.783, 13.784, 13.785, 13.786, 13.787, 13.788, 13.789, 13.79, 13.791, 13.792, 13.793, 13.794, 13.795, 13.796, 13.797, 13.798, 13.799, 13.8]
---
Round: 7, Unk. prob.: 7.955e-01
Surv probs: 2.044e-01, Fail probs: 1.000e-05
No. of non-dominant rules: 1161, Survival rules: 1152, Failure rules: 9
Batch update: 192 rules added, 0 existing rules removed (0 new rules dominated)
Survival: 192 rules added, 0 removed (from 192 candidates)
Updated sys_vals: [13.667, 13.681, 13.686, 13.691, 13.693, 13.694, 13.696, 13.698, 13.699, 13.702, 13.704, 13.709, 13.711, 13.713, 13.714, 13.716, 13.717, 13.719, 13.72, 13.721, 13.722, 13.723, 13.726, 13.727, 13.729, 13.73, 13.733, 13.734, 13.735, 13.736, 13.737, 13.738, 13.739, 13.74, 13.742, 13.744, 13.745, 13.746, 13.747, 13.748, 13.749, 13.75, 13.752, 13.753, 13.754, 13.755, 13.756, 13.757, 13.758, 13.759, 13.76, 13.761, 13.762, 13.763, 13.764, 13.765, 13.766, 13.767, 13.768, 13.769, 13.77, 13.771, 13.772, 13.773, 13.774, 13.775, 13.776, 13.777, 13.778, 13.779, 13.78, 13.781, 13.782, 13.783, 13.784, 13.785, 13.786, 13.787, 13.788, 13.789, 13.79, 13.791, 13.792, 13.793, 13.794, 13.795, 13.796, 13.797, 13.798, 13.799, 13.8]
---
Round: 8, Unk. prob.: 7.854e-01
Surv probs: 2.145e-01, Fail probs: 1.000e-05
No. of non-dominant rules: 1353, Survival rules: 1344, Failure rules: 9
Batch update: 192 rules added, 0 existing rules removed (0 new rules dominated)
Survival: 192 rules added, 0 removed (from 192 candidates)
Updated sys_vals: [13.663, 13.667, 13.674, 13.681, 13.686, 13.691, 13.693, 13.694, 13.696, 13.698, 13.699, 13.702, 13.704, 13.709, 13.711, 13.713, 13.714, 13.716, 13.717, 13.719, 13.72, 13.721, 13.722, 13.723, 13.726, 13.727, 13.729, 13.73, 13.732, 13.733, 13.734, 13.735, 13.736, 13.737, 13.738, 13.739, 13.74, 13.742, 13.743, 13.744, 13.745, 13.746, 13.747, 13.748, 13.749, 13.75, 13.752, 13.753, 13.754, 13.755, 13.756, 13.757, 13.758, 13.759, 13.76, 13.761, 13.762, 13.763, 13.764, 13.765, 13.766, 13.767, 13.768, 13.769, 13.77, 13.771, 13.772, 13.773, 13.774, 13.775, 13.776, 13.777, 13.778, 13.779, 13.78, 13.781, 13.782, 13.783, 13.784, 13.785, 13.786, 13.787, 13.788, 13.789, 13.79, 13.791, 13.792, 13.793, 13.794, 13.795, 13.796, 13.797, 13.798, 13.799, 13.8]
---
Round: 9, Unk. prob.: 7.727e-01
Surv probs: 2.273e-01, Fail probs: 0.000e+00
No. of non-dominant rules: 1545, Survival rules: 1536, Failure rules: 9
Batch update: 192 rules added, 0 existing rules removed (0 new rules dominated)
Survival: 192 rules added, 0 removed (from 192 candidates)
Updated sys_vals: [13.663, 13.667, 13.674, 13.68, 13.681, 13.686, 13.69, 13.691, 13.693, 13.694, 13.696, 13.698, 13.699, 13.702, 13.704, 13.709, 13.711, 13.713, 13.714, 13.716, 13.717, 13.719, 13.72, 13.721, 13.722, 13.723, 13.725, 13.726, 13.727, 13.729, 13.73, 13.732, 13.733, 13.734, 13.735, 13.736, 13.737, 13.738, 13.739, 13.74, 13.741, 13.742, 13.743, 13.744, 13.745, 13.746, 13.747, 13.748, 13.749, 13.75, 13.752, 13.753, 13.754, 13.755, 13.756, 13.757, 13.758, 13.759, 13.76, 13.761, 13.762, 13.763, 13.764, 13.765, 13.766, 13.767, 13.768, 13.769, 13.77, 13.771, 13.772, 13.773, 13.774, 13.775, 13.776, 13.777, 13.778, 13.779, 13.78, 13.781, 13.782, 13.783, 13.784, 13.785, 13.786, 13.787, 13.788, 13.789, 13.79, 13.791, 13.792, 13.793, 13.794, 13.795, 13.796, 13.797, 13.798, 13.799, 13.8]
---
Round: 10, Unk. prob.: 7.630e-01
Surv probs: 2.370e-01, Fail probs: 0.000e+00
No. of non-dominant rules: 1737, Survival rules: 1728, Failure rules: 9
Batch update: 192 rules added, 0 existing rules removed (0 new rules dominated)
Survival: 192 rules added, 0 removed (from 192 candidates)
Updated sys_vals: [13.663, 13.666, 13.667, 13.674, 13.675, 13.68, 13.681, 13.686, 13.69, 13.691, 13.693, 13.694, 13.696, 13.698, 13.699, 13.702, 13.704, 13.708, 13.709, 13.711, 13.713, 13.714, 13.716, 13.717, 13.719, 13.72, 13.721, 13.722, 13.723, 13.725, 13.726, 13.727, 13.729, 13.73, 13.732, 13.733, 13.734, 13.735, 13.736, 13.737, 13.738, 13.739, 13.74, 13.741, 13.742, 13.743, 13.744, 13.745, 13.746, 13.747, 13.748, 13.749, 13.75, 13.752, 13.753, 13.754, 13.755, 13.756, 13.757, 13.758, 13.759, 13.76, 13.761, 13.762, 13.763, 13.764, 13.765, 13.766, 13.767, 13.768, 13.769, 13.77, 13.771, 13.772, 13.773, 13.774, 13.775, 13.776, 13.777, 13.778, 13.779, 13.78, 13.781, 13.782, 13.783, 13.784, 13.785, 13.786, 13.787, 13.788, 13.789, 13.79, 13.791, 13.792, 13.793, 13.794, 13.795, 13.796, 13.797, 13.798, 13.799, 13.8]
---
Round: 11, Unk. prob.: 7.430e-01
Surv probs: 2.570e-01, Fail probs: 0.000e+00
No. of non-dominant rules: 1929, Survival rules: 1920, Failure rules: 9
Batch update: 192 rules added, 0 existing rules removed (0 new rules dominated)
Survival: 192 rules added, 0 removed (from 192 candidates)
Updated sys_vals: [13.663, 13.666, 13.667, 13.674, 13.675, 13.68, 13.681, 13.686, 13.69, 13.691, 13.693, 13.694, 13.696, 13.698, 13.699, 13.702, 13.704, 13.708, 13.709, 13.711, 13.713, 13.714, 13.716, 13.717, 13.719, 13.72, 13.721, 13.722, 13.723, 13.725, 13.726, 13.727, 13.729, 13.73, 13.732, 13.733, 13.734, 13.735, 13.736, 13.737, 13.738, 13.739, 13.74, 13.741, 13.742, 13.743, 13.744, 13.745, 13.746, 13.747, 13.748, 13.749, 13.75, 13.751, 13.752, 13.753, 13.754, 13.755, 13.756, 13.757, 13.758, 13.759, 13.76, 13.761, 13.762, 13.763, 13.764, 13.765, 13.766, 13.767, 13.768, 13.769, 13.77, 13.771, 13.772, 13.773, 13.774, 13.775, 13.776, 13.777, 13.778, 13.779, 13.78, 13.781, 13.782, 13.783, 13.784, 13.785, 13.786, 13.787, 13.788, 13.789, 13.79, 13.791, 13.792, 13.793, 13.794, 13.795, 13.796, 13.797, 13.798, 13.799, 13.8]
---
Round: 12, Unk. prob.: 7.336e-01
Surv probs: 2.663e-01, Fail probs: 3.000e-05
No. of non-dominant rules: 2121, Survival rules: 2112, Failure rules: 9
Batch update: 192 rules added, 0 existing rules removed (0 new rules dominated)
Survival: 192 rules added, 0 removed (from 192 candidates)
Updated sys_vals: [13.663, 13.666, 13.667, 13.671, 13.674, 13.675, 13.68, 13.681, 13.686, 13.69, 13.691, 13.693, 13.694, 13.696, 13.698, 13.699, 13.702, 13.704, 13.708, 13.709, 13.711, 13.713, 13.714, 13.716, 13.717, 13.719, 13.72, 13.721, 13.722, 13.723, 13.725, 13.726, 13.727, 13.729, 13.73, 13.732, 13.733, 13.734, 13.735, 13.736, 13.737, 13.738, 13.739, 13.74, 13.741, 13.742, 13.743, 13.744, 13.745, 13.746, 13.747, 13.748, 13.749, 13.75, 13.751, 13.752, 13.753, 13.754, 13.755, 13.756, 13.757, 13.758, 13.759, 13.76, 13.761, 13.762, 13.763, 13.764, 13.765, 13.766, 13.767, 13.768, 13.769, 13.77, 13.771, 13.772, 13.773, 13.774, 13.775, 13.776, 13.777, 13.778, 13.779, 13.78, 13.781, 13.782, 13.783, 13.784, 13.785, 13.786, 13.787, 13.788, 13.789, 13.79, 13.791, 13.792, 13.793, 13.794, 13.795, 13.796, 13.797, 13.798, 13.799, 13.8]
---
Round: 13, Unk. prob.: 7.281e-01
Surv probs: 2.719e-01, Fail probs: 4.000e-05
No. of non-dominant rules: 2313, Survival rules: 2304, Failure rules: 9
Batch update: 192 rules added, 0 existing rules removed (0 new rules dominated)
Survival: 192 rules added, 0 removed (from 192 candidates)
Updated sys_vals: [13.663, 13.666, 13.667, 13.671, 13.674, 13.675, 13.68, 13.681, 13.686, 13.69, 13.691, 13.693, 13.694, 13.696, 13.698, 13.699, 13.702, 13.704, 13.708, 13.709, 13.711, 13.713, 13.714, 13.715, 13.716, 13.717, 13.719, 13.72, 13.721, 13.722, 13.723, 13.725, 13.726, 13.727, 13.729, 13.73, 13.732, 13.733, 13.734, 13.735, 13.736, 13.737, 13.738, 13.739, 13.74, 13.741, 13.742, 13.743, 13.744, 13.745, 13.746, 13.747, 13.748, 13.749, 13.75, 13.751, 13.752, 13.753, 13.754, 13.755, 13.756, 13.757, 13.758, 13.759, 13.76, 13.761, 13.762, 13.763, 13.764, 13.765, 13.766, 13.767, 13.768, 13.769, 13.77, 13.771, 13.772, 13.773, 13.774, 13.775, 13.776, 13.777, 13.778, 13.779, 13.78, 13.781, 13.782, 13.783, 13.784, 13.785, 13.786, 13.787, 13.788, 13.789, 13.79, 13.791, 13.792, 13.793, 13.794, 13.795, 13.796, 13.797, 13.798, 13.799, 13.8]
---
Round: 14, Unk. prob.: 7.176e-01
Surv probs: 2.824e-01, Fail probs: 1.000e-05
No. of non-dominant rules: 2505, Survival rules: 2496, Failure rules: 9
Batch update: 192 rules added, 0 existing rules removed (0 new rules dominated)
Survival: 192 rules added, 0 removed (from 192 candidates)
Updated sys_vals: [13.646, 13.663, 13.666, 13.667, 13.669, 13.671, 13.674, 13.675, 13.68, 13.681, 13.686, 13.69, 13.691, 13.693, 13.694, 13.696, 13.698, 13.699, 13.7, 13.702, 13.704, 13.708, 13.709, 13.711, 13.713, 13.714, 13.715, 13.716, 13.717, 13.719, 13.72, 13.721, 13.722, 13.723, 13.725, 13.726, 13.727, 13.728, 13.729, 13.73, 13.732, 13.733, 13.734, 13.735, 13.736, 13.737, 13.738, 13.739, 13.74, 13.741, 13.742, 13.743, 13.744, 13.745, 13.746, 13.747, 13.748, 13.749, 13.75, 13.751, 13.752, 13.753, 13.754, 13.755, 13.756, 13.757, 13.758, 13.759, 13.76, 13.761, 13.762, 13.763, 13.764, 13.765, 13.766, 13.767, 13.768, 13.769, 13.77, 13.771, 13.772, 13.773, 13.774, 13.775, 13.776, 13.777, 13.778, 13.779, 13.78, 13.781, 13.782, 13.783, 13.784, 13.785, 13.786, 13.787, 13.788, 13.789, 13.79, 13.791, 13.792, 13.793, 13.794, 13.795, 13.796, 13.797, 13.798, 13.799, 13.8]
---
Round: 15, Unk. prob.: 7.110e-01
Surv probs: 2.890e-01, Fail probs: 1.000e-05
No. of non-dominant rules: 2697, Survival rules: 2688, Failure rules: 9
Batch update: 192 rules added, 0 existing rules removed (0 new rules dominated)
Survival: 192 rules added, 0 removed (from 192 candidates)
Updated sys_vals: [13.646, 13.663, 13.666, 13.667, 13.669, 13.671, 13.674, 13.675, 13.68, 13.681, 13.686, 13.69, 13.691, 13.693, 13.694, 13.696, 13.698, 13.699, 13.7, 13.702, 13.704, 13.708, 13.709, 13.711, 13.713, 13.714, 13.715, 13.716, 13.717, 13.719, 13.72, 13.721, 13.722, 13.723, 13.724, 13.725, 13.726, 13.727, 13.728, 13.729, 13.73, 13.732, 13.733, 13.734, 13.735, 13.736, 13.737, 13.738, 13.739, 13.74, 13.741, 13.742, 13.743, 13.744, 13.745, 13.746, 13.747, 13.748, 13.749, 13.75, 13.751, 13.752, 13.753, 13.754, 13.755, 13.756, 13.757, 13.758, 13.759, 13.76, 13.761, 13.762, 13.763, 13.764, 13.765, 13.766, 13.767, 13.768, 13.769, 13.77, 13.771, 13.772, 13.773, 13.774, 13.775, 13.776, 13.777, 13.778, 13.779, 13.78, 13.781, 13.782, 13.783, 13.784, 13.785, 13.786, 13.787, 13.788, 13.789, 13.79, 13.791, 13.792, 13.793, 13.794, 13.795, 13.796, 13.797, 13.798, 13.799, 13.8]
---
Round: 16, Unk. prob.: 7.005e-01
Surv probs: 2.995e-01, Fail probs: 0.000e+00
No. of non-dominant rules: 2889, Survival rules: 2880, Failure rules: 9
Batch update: 192 rules added, 0 existing rules removed (0 new rules dominated)
Survival: 192 rules added, 0 removed (from 192 candidates)
Updated sys_vals: [13.646, 13.663, 13.666, 13.667, 13.669, 13.671, 13.674, 13.675, 13.68, 13.681, 13.686, 13.69, 13.691, 13.693, 13.694, 13.696, 13.698, 13.699, 13.7, 13.702, 13.703, 13.704, 13.708, 13.709, 13.71, 13.711, 13.713, 13.714, 13.715, 13.716, 13.717, 13.719, 13.72, 13.721, 13.722, 13.723, 13.724, 13.725, 13.726, 13.727, 13.728, 13.729, 13.73, 13.732, 13.733, 13.734, 13.735, 13.736, 13.737, 13.738, 13.739, 13.74, 13.741, 13.742, 13.743, 13.744, 13.745, 13.746, 13.747, 13.748, 13.749, 13.75, 13.751, 13.752, 13.753, 13.754, 13.755, 13.756, 13.757, 13.758, 13.759, 13.76, 13.761, 13.762, 13.763, 13.764, 13.765, 13.766, 13.767, 13.768, 13.769, 13.77, 13.771, 13.772, 13.773, 13.774, 13.775, 13.776, 13.777, 13.778, 13.779, 13.78, 13.781, 13.782, 13.783, 13.784, 13.785, 13.786, 13.787, 13.788, 13.789, 13.79, 13.791, 13.792, 13.793, 13.794, 13.795, 13.796, 13.797, 13.798, 13.799, 13.8]
---
Round: 17, Unk. prob.: 6.904e-01
Surv probs: 3.095e-01, Fail probs: 2.000e-05
No. of non-dominant rules: 3081, Survival rules: 3072, Failure rules: 9
Batch update: 192 rules added, 0 existing rules removed (0 new rules dominated)
Survival: 192 rules added, 0 removed (from 192 candidates)
Updated sys_vals: [13.646, 13.663, 13.666, 13.667, 13.669, 13.671, 13.674, 13.675, 13.68, 13.681, 13.686, 13.69, 13.691, 13.693, 13.694, 13.696, 13.698, 13.699, 13.7, 13.702, 13.703, 13.704, 13.708, 13.709, 13.71, 13.711, 13.713, 13.714, 13.715, 13.716, 13.717, 13.719, 13.72, 13.721, 13.722, 13.723, 13.724, 13.725, 13.726, 13.727, 13.728, 13.729, 13.73, 13.731, 13.732, 13.733, 13.734, 13.735, 13.736, 13.737, 13.738, 13.739, 13.74, 13.741, 13.742, 13.743, 13.744, 13.745, 13.746, 13.747, 13.748, 13.749, 13.75, 13.751, 13.752, 13.753, 13.754, 13.755, 13.756, 13.757, 13.758, 13.759, 13.76, 13.761, 13.762, 13.763, 13.764, 13.765, 13.766, 13.767, 13.768, 13.769, 13.77, 13.771, 13.772, 13.773, 13.774, 13.775, 13.776, 13.777, 13.778, 13.779, 13.78, 13.781, 13.782, 13.783, 13.784, 13.785, 13.786, 13.787, 13.788, 13.789, 13.79, 13.791, 13.792, 13.793, 13.794, 13.795, 13.796, 13.797, 13.798, 13.799, 13.8]
---
Round: 18, Unk. prob.: 6.865e-01
Surv probs: 3.135e-01, Fail probs: 0.000e+00
No. of non-dominant rules: 3273, Survival rules: 3264, Failure rules: 9
Batch update: 192 rules added, 0 existing rules removed (0 new rules dominated)
Survival: 192 rules added, 0 removed (from 192 candidates)
Updated sys_vals: [13.646, 13.663, 13.666, 13.667, 13.669, 13.671, 13.674, 13.675, 13.676, 13.68, 13.681, 13.686, 13.69, 13.691, 13.692, 13.693, 13.694, 13.696, 13.698, 13.699, 13.7, 13.702, 13.703, 13.704, 13.708, 13.709, 13.71, 13.711, 13.712, 13.713, 13.714, 13.715, 13.716, 13.717, 13.719, 13.72, 13.721, 13.722, 13.723, 13.724, 13.725, 13.726, 13.727, 13.728, 13.729, 13.73, 13.731, 13.732, 13.733, 13.734, 13.735, 13.736, 13.737, 13.738, 13.739, 13.74, 13.741, 13.742, 13.743, 13.744, 13.745, 13.746, 13.747, 13.748, 13.749, 13.75, 13.751, 13.752, 13.753, 13.754, 13.755, 13.756, 13.757, 13.758, 13.759, 13.76, 13.761, 13.762, 13.763, 13.764, 13.765, 13.766, 13.767, 13.768, 13.769, 13.77, 13.771, 13.772, 13.773, 13.774, 13.775, 13.776, 13.777, 13.778, 13.779, 13.78, 13.781, 13.782, 13.783, 13.784, 13.785, 13.786, 13.787, 13.788, 13.789, 13.79, 13.791, 13.792, 13.793, 13.794, 13.795, 13.796, 13.797, 13.798, 13.799, 13.8]
---
Round: 19, Unk. prob.: 6.782e-01
Surv probs: 3.218e-01, Fail probs: 3.000e-05
No. of non-dominant rules: 3465, Survival rules: 3456, Failure rules: 9
Batch update: 192 rules added, 0 existing rules removed (0 new rules dominated)
Survival: 192 rules added, 0 removed (from 192 candidates)
Updated sys_vals: [13.646, 13.663, 13.666, 13.667, 13.669, 13.671, 13.674, 13.675, 13.676, 13.68, 13.681, 13.686, 13.69, 13.691, 13.692, 13.693, 13.694, 13.696, 13.698, 13.699, 13.7, 13.702, 13.703, 13.704, 13.708, 13.709, 13.71, 13.711, 13.712, 13.713, 13.714, 13.715, 13.716, 13.717, 13.719, 13.72, 13.721, 13.722, 13.723, 13.724, 13.725, 13.726, 13.727, 13.728, 13.729, 13.73, 13.731, 13.732, 13.733, 13.734, 13.735, 13.736, 13.737, 13.738, 13.739, 13.74, 13.741, 13.742, 13.743, 13.744, 13.745, 13.746, 13.747, 13.748, 13.749, 13.75, 13.751, 13.752, 13.753, 13.754, 13.755, 13.756, 13.757, 13.758, 13.759, 13.76, 13.761, 13.762, 13.763, 13.764, 13.765, 13.766, 13.767, 13.768, 13.769, 13.77, 13.771, 13.772, 13.773, 13.774, 13.775, 13.776, 13.777, 13.778, 13.779, 13.78, 13.781, 13.782, 13.783, 13.784, 13.785, 13.786, 13.787, 13.788, 13.789, 13.79, 13.791, 13.792, 13.793, 13.794, 13.795, 13.796, 13.797, 13.798, 13.799, 13.8]
---
Round: 20, Unk. prob.: 6.712e-01
Surv probs: 3.288e-01, Fail probs: 2.000e-05
No. of non-dominant rules: 3657, Survival rules: 3648, Failure rules: 9
Batch update: 192 rules added, 0 existing rules removed (0 new rules dominated)
Survival: 192 rules added, 0 removed (from 192 candidates)
Updated sys_vals: [13.646, 13.663, 13.666, 13.667, 13.669, 13.671, 13.674, 13.675, 13.676, 13.68, 13.681, 13.686, 13.69, 13.691, 13.692, 13.693, 13.694, 13.696, 13.698, 13.699, 13.7, 13.702, 13.703, 13.704, 13.708, 13.709, 13.71, 13.711, 13.712, 13.713, 13.714, 13.715, 13.716, 13.717, 13.719, 13.72, 13.721, 13.722, 13.723, 13.724, 13.725, 13.726, 13.727, 13.728, 13.729, 13.73, 13.731, 13.732, 13.733, 13.734, 13.735, 13.736, 13.737, 13.738, 13.739, 13.74, 13.741, 13.742, 13.743, 13.744, 13.745, 13.746, 13.747, 13.748, 13.749, 13.75, 13.751, 13.752, 13.753, 13.754, 13.755, 13.756, 13.757, 13.758, 13.759, 13.76, 13.761, 13.762, 13.763, 13.764, 13.765, 13.766, 13.767, 13.768, 13.769, 13.77, 13.771, 13.772, 13.773, 13.774, 13.775, 13.776, 13.777, 13.778, 13.779, 13.78, 13.781, 13.782, 13.783, 13.784, 13.785, 13.786, 13.787, 13.788, 13.789, 13.79, 13.791, 13.792, 13.793, 13.794, 13.795, 13.796, 13.797, 13.798, 13.799, 13.8]
---
Round: 21, Unk. prob.: 6.671e-01
Surv probs: 3.329e-01, Fail probs: 0.000e+00
No. of non-dominant rules: 3849, Survival rules: 3840, Failure rules: 9
Batch update: 192 rules added, 0 existing rules removed (0 new rules dominated)
Survival: 192 rules added, 0 removed (from 192 candidates)
Updated sys_vals: [13.646, 13.663, 13.666, 13.667, 13.669, 13.671, 13.674, 13.675, 13.676, 13.68, 13.681, 13.686, 13.69, 13.691, 13.692, 13.693, 13.694, 13.696, 13.698, 13.699, 13.7, 13.702, 13.703, 13.704, 13.708, 13.709, 13.71, 13.711, 13.712, 13.713, 13.714, 13.715, 13.716, 13.717, 13.719, 13.72, 13.721, 13.722, 13.723, 13.724, 13.725, 13.726, 13.727, 13.728, 13.729, 13.73, 13.731, 13.732, 13.733, 13.734, 13.735, 13.736, 13.737, 13.738, 13.739, 13.74, 13.741, 13.742, 13.743, 13.744, 13.745, 13.746, 13.747, 13.748, 13.749, 13.75, 13.751, 13.752, 13.753, 13.754, 13.755, 13.756, 13.757, 13.758, 13.759, 13.76, 13.761, 13.762, 13.763, 13.764, 13.765, 13.766, 13.767, 13.768, 13.769, 13.77, 13.771, 13.772, 13.773, 13.774, 13.775, 13.776, 13.777, 13.778, 13.779, 13.78, 13.781, 13.782, 13.783, 13.784, 13.785, 13.786, 13.787, 13.788, 13.789, 13.79, 13.791, 13.792, 13.793, 13.794, 13.795, 13.796, 13.797, 13.798, 13.799, 13.8]
---
Round: 22, Unk. prob.: 6.604e-01
Surv probs: 3.395e-01, Fail probs: 1.000e-05
No. of non-dominant rules: 4041, Survival rules: 4032, Failure rules: 9
Batch update: 192 rules added, 0 existing rules removed (0 new rules dominated)
Survival: 192 rules added, 0 removed (from 192 candidates)
Updated sys_vals: [13.646, 13.663, 13.666, 13.667, 13.669, 13.671, 13.674, 13.675, 13.676, 13.68, 13.681, 13.686, 13.688, 13.69, 13.691, 13.692, 13.693, 13.694, 13.695, 13.696, 13.698, 13.699, 13.7, 13.702, 13.703, 13.704, 13.707, 13.708, 13.709, 13.71, 13.711, 13.712, 13.713, 13.714, 13.715, 13.716, 13.717, 13.719, 13.72, 13.721, 13.722, 13.723, 13.724, 13.725, 13.726, 13.727, 13.728, 13.729, 13.73, 13.731, 13.732, 13.733, 13.734, 13.735, 13.736, 13.737, 13.738, 13.739, 13.74, 13.741, 13.742, 13.743, 13.744, 13.745, 13.746, 13.747, 13.748, 13.749, 13.75, 13.751, 13.752, 13.753, 13.754, 13.755, 13.756, 13.757, 13.758, 13.759, 13.76, 13.761, 13.762, 13.763, 13.764, 13.765, 13.766, 13.767, 13.768, 13.769, 13.77, 13.771, 13.772, 13.773, 13.774, 13.775, 13.776, 13.777, 13.778, 13.779, 13.78, 13.781, 13.782, 13.783, 13.784, 13.785, 13.786, 13.787, 13.788, 13.789, 13.79, 13.791, 13.792, 13.793, 13.794, 13.795, 13.796, 13.797, 13.798, 13.799, 13.8]
---
Round: 23, Unk. prob.: 6.542e-01
Surv probs: 3.458e-01, Fail probs: 1.000e-05
No. of non-dominant rules: 4233, Survival rules: 4224, Failure rules: 9
Batch update: 192 rules added, 0 existing rules removed (0 new rules dominated)
Survival: 192 rules added, 0 removed (from 192 candidates)
Updated sys_vals: [13.646, 13.663, 13.666, 13.667, 13.669, 13.671, 13.674, 13.675, 13.676, 13.68, 13.681, 13.686, 13.688, 13.69, 13.691, 13.692, 13.693, 13.694, 13.695, 13.696, 13.698, 13.699, 13.7, 13.702, 13.703, 13.704, 13.707, 13.708, 13.709, 13.71, 13.711, 13.712, 13.713, 13.714, 13.715, 13.716, 13.717, 13.719, 13.72, 13.721, 13.722, 13.723, 13.724, 13.725, 13.726, 13.727, 13.728, 13.729, 13.73, 13.731, 13.732, 13.733, 13.734, 13.735, 13.736, 13.737, 13.738, 13.739, 13.74, 13.741, 13.742, 13.743, 13.744, 13.745, 13.746, 13.747, 13.748, 13.749, 13.75, 13.751, 13.752, 13.753, 13.754, 13.755, 13.756, 13.757, 13.758, 13.759, 13.76, 13.761, 13.762, 13.763, 13.764, 13.765, 13.766, 13.767, 13.768, 13.769, 13.77, 13.771, 13.772, 13.773, 13.774, 13.775, 13.776, 13.777, 13.778, 13.779, 13.78, 13.781, 13.782, 13.783, 13.784, 13.785, 13.786, 13.787, 13.788, 13.789, 13.79, 13.791, 13.792, 13.793, 13.794, 13.795, 13.796, 13.797, 13.798, 13.799, 13.8]
---
Round: 24, Unk. prob.: 6.464e-01
Surv probs: 3.535e-01, Fail probs: 1.000e-05
No. of non-dominant rules: 4425, Survival rules: 4416, Failure rules: 9
Batch update: 192 rules added, 0 existing rules removed (0 new rules dominated)
Survival: 192 rules added, 0 removed (from 192 candidates)
Updated sys_vals: [13.646, 13.663, 13.666, 13.667, 13.669, 13.671, 13.674, 13.675, 13.676, 13.68, 13.681, 13.686, 13.688, 13.69, 13.691, 13.692, 13.693, 13.694, 13.695, 13.696, 13.698, 13.699, 13.7, 13.702, 13.703, 13.704, 13.707, 13.708, 13.709, 13.71, 13.711, 13.712, 13.713, 13.714, 13.715, 13.716, 13.717, 13.719, 13.72, 13.721, 13.722, 13.723, 13.724, 13.725, 13.726, 13.727, 13.728, 13.729, 13.73, 13.731, 13.732, 13.733, 13.734, 13.735, 13.736, 13.737, 13.738, 13.739, 13.74, 13.741, 13.742, 13.743, 13.744, 13.745, 13.746, 13.747, 13.748, 13.749, 13.75, 13.751, 13.752, 13.753, 13.754, 13.755, 13.756, 13.757, 13.758, 13.759, 13.76, 13.761, 13.762, 13.763, 13.764, 13.765, 13.766, 13.767, 13.768, 13.769, 13.77, 13.771, 13.772, 13.773, 13.774, 13.775, 13.776, 13.777, 13.778, 13.779, 13.78, 13.781, 13.782, 13.783, 13.784, 13.785, 13.786, 13.787, 13.788, 13.789, 13.79, 13.791, 13.792, 13.793, 13.794, 13.795, 13.796, 13.797, 13.798, 13.799, 13.8]
---
Round: 25, Unk. prob.: 6.406e-01
Surv probs: 3.594e-01, Fail probs: 1.000e-05
No. of non-dominant rules: 4617, Survival rules: 4608, Failure rules: 9
Batch update: 192 rules added, 0 existing rules removed (0 new rules dominated)
Survival: 192 rules added, 0 removed (from 192 candidates)
Updated sys_vals: [13.646, 13.663, 13.666, 13.667, 13.669, 13.671, 13.674, 13.675, 13.676, 13.68, 13.681, 13.686, 13.688, 13.69, 13.691, 13.692, 13.693, 13.694, 13.695, 13.696, 13.698, 13.699, 13.7, 13.702, 13.703, 13.704, 13.705, 13.707, 13.708, 13.709, 13.71, 13.711, 13.712, 13.713, 13.714, 13.715, 13.716, 13.717, 13.718, 13.719, 13.72, 13.721, 13.722, 13.723, 13.724, 13.725, 13.726, 13.727, 13.728, 13.729, 13.73, 13.731, 13.732, 13.733, 13.734, 13.735, 13.736, 13.737, 13.738, 13.739, 13.74, 13.741, 13.742, 13.743, 13.744, 13.745, 13.746, 13.747, 13.748, 13.749, 13.75, 13.751, 13.752, 13.753, 13.754, 13.755, 13.756, 13.757, 13.758, 13.759, 13.76, 13.761, 13.762, 13.763, 13.764, 13.765, 13.766, 13.767, 13.768, 13.769, 13.77, 13.771, 13.772, 13.773, 13.774, 13.775, 13.776, 13.777, 13.778, 13.779, 13.78, 13.781, 13.782, 13.783, 13.784, 13.785, 13.786, 13.787, 13.788, 13.789, 13.79, 13.791, 13.792, 13.793, 13.794, 13.795, 13.796, 13.797, 13.798, 13.799, 13.8]
---
Round: 26, Unk. prob.: 6.388e-01
Surv probs: 3.612e-01, Fail probs: 1.000e-05
No. of non-dominant rules: 4809, Survival rules: 4800, Failure rules: 9
Batch update: 192 rules added, 0 existing rules removed (0 new rules dominated)
Survival: 192 rules added, 0 removed (from 192 candidates)
Updated sys_vals: [13.646, 13.663, 13.666, 13.667, 13.669, 13.671, 13.674, 13.675, 13.676, 13.68, 13.681, 13.686, 13.688, 13.69, 13.691, 13.692, 13.693, 13.694, 13.695, 13.696, 13.698, 13.699, 13.7, 13.702, 13.703, 13.704, 13.705, 13.707, 13.708, 13.709, 13.71, 13.711, 13.712, 13.713, 13.714, 13.715, 13.716, 13.717, 13.718, 13.719, 13.72, 13.721, 13.722, 13.723, 13.724, 13.725, 13.726, 13.727, 13.728, 13.729, 13.73, 13.731, 13.732, 13.733, 13.734, 13.735, 13.736, 13.737, 13.738, 13.739, 13.74, 13.741, 13.742, 13.743, 13.744, 13.745, 13.746, 13.747, 13.748, 13.749, 13.75, 13.751, 13.752, 13.753, 13.754, 13.755, 13.756, 13.757, 13.758, 13.759, 13.76, 13.761, 13.762, 13.763, 13.764, 13.765, 13.766, 13.767, 13.768, 13.769, 13.77, 13.771, 13.772, 13.773, 13.774, 13.775, 13.776, 13.777, 13.778, 13.779, 13.78, 13.781, 13.782, 13.783, 13.784, 13.785, 13.786, 13.787, 13.788, 13.789, 13.79, 13.791, 13.792, 13.793, 13.794, 13.795, 13.796, 13.797, 13.798, 13.799, 13.8]
---
Round: 27, Unk. prob.: 6.303e-01
Surv probs: 3.697e-01, Fail probs: 0.000e+00
No. of non-dominant rules: 5001, Survival rules: 4992, Failure rules: 9
Batch update: 192 rules added, 0 existing rules removed (0 new rules dominated)
Survival: 192 rules added, 0 removed (from 192 candidates)
Updated sys_vals: [13.646, 13.663, 13.666, 13.667, 13.669, 13.671, 13.674, 13.675, 13.676, 13.68, 13.681, 13.686, 13.688, 13.69, 13.691, 13.692, 13.693, 13.694, 13.695, 13.696, 13.698, 13.699, 13.7, 13.701, 13.702, 13.703, 13.704, 13.705, 13.707, 13.708, 13.709, 13.71, 13.711, 13.712, 13.713, 13.714, 13.715, 13.716, 13.717, 13.718, 13.719, 13.72, 13.721, 13.722, 13.723, 13.724, 13.725, 13.726, 13.727, 13.728, 13.729, 13.73, 13.731, 13.732, 13.733, 13.734, 13.735, 13.736, 13.737, 13.738, 13.739, 13.74, 13.741, 13.742, 13.743, 13.744, 13.745, 13.746, 13.747, 13.748, 13.749, 13.75, 13.751, 13.752, 13.753, 13.754, 13.755, 13.756, 13.757, 13.758, 13.759, 13.76, 13.761, 13.762, 13.763, 13.764, 13.765, 13.766, 13.767, 13.768, 13.769, 13.77, 13.771, 13.772, 13.773, 13.774, 13.775, 13.776, 13.777, 13.778, 13.779, 13.78, 13.781, 13.782, 13.783, 13.784, 13.785, 13.786, 13.787, 13.788, 13.789, 13.79, 13.791, 13.792, 13.793, 13.794, 13.795, 13.796, 13.797, 13.798, 13.799, 13.8]
---
Round: 28, Unk. prob.: 6.292e-01
Surv probs: 3.708e-01, Fail probs: 0.000e+00
No. of non-dominant rules: 5193, Survival rules: 5184, Failure rules: 9
Batch update: 192 rules added, 0 existing rules removed (0 new rules dominated)
Survival: 192 rules added, 0 removed (from 192 candidates)
Updated sys_vals: [13.646, 13.663, 13.666, 13.667, 13.669, 13.671, 13.674, 13.675, 13.676, 13.68, 13.681, 13.686, 13.687, 13.688, 13.69, 13.691, 13.692, 13.693, 13.694, 13.695, 13.696, 13.698, 13.699, 13.7, 13.701, 13.702, 13.703, 13.704, 13.705, 13.707, 13.708, 13.709, 13.71, 13.711, 13.712, 13.713, 13.714, 13.715, 13.716, 13.717, 13.718, 13.719, 13.72, 13.721, 13.722, 13.723, 13.724, 13.725, 13.726, 13.727, 13.728, 13.729, 13.73, 13.731, 13.732, 13.733, 13.734, 13.735, 13.736, 13.737, 13.738, 13.739, 13.74, 13.741, 13.742, 13.743, 13.744, 13.745, 13.746, 13.747, 13.748, 13.749, 13.75, 13.751, 13.752, 13.753, 13.754, 13.755, 13.756, 13.757, 13.758, 13.759, 13.76, 13.761, 13.762, 13.763, 13.764, 13.765, 13.766, 13.767, 13.768, 13.769, 13.77, 13.771, 13.772, 13.773, 13.774, 13.775, 13.776, 13.777, 13.778, 13.779, 13.78, 13.781, 13.782, 13.783, 13.784, 13.785, 13.786, 13.787, 13.788, 13.789, 13.79, 13.791, 13.792, 13.793, 13.794, 13.795, 13.796, 13.797, 13.798, 13.799, 13.8]
---
Round: 29, Unk. prob.: 6.234e-01
Surv probs: 3.766e-01, Fail probs: 1.000e-05
No. of non-dominant rules: 5385, Survival rules: 5376, Failure rules: 9
Batch update: 192 rules added, 0 existing rules removed (0 new rules dominated)
Survival: 192 rules added, 0 removed (from 192 candidates)
Updated sys_vals: [13.646, 13.661, 13.663, 13.666, 13.667, 13.669, 13.671, 13.674, 13.675, 13.676, 13.679, 13.68, 13.681, 13.686, 13.687, 13.688, 13.69, 13.691, 13.692, 13.693, 13.694, 13.695, 13.696, 13.698, 13.699, 13.7, 13.701, 13.702, 13.703, 13.704, 13.705, 13.707, 13.708, 13.709, 13.71, 13.711, 13.712, 13.713, 13.714, 13.715, 13.716, 13.717, 13.718, 13.719, 13.72, 13.721, 13.722, 13.723, 13.724, 13.725, 13.726, 13.727, 13.728, 13.729, 13.73, 13.731, 13.732, 13.733, 13.734, 13.735, 13.736, 13.737, 13.738, 13.739, 13.74, 13.741, 13.742, 13.743, 13.744, 13.745, 13.746, 13.747, 13.748, 13.749, 13.75, 13.751, 13.752, 13.753, 13.754, 13.755, 13.756, 13.757, 13.758, 13.759, 13.76, 13.761, 13.762, 13.763, 13.764, 13.765, 13.766, 13.767, 13.768, 13.769, 13.77, 13.771, 13.772, 13.773, 13.774, 13.775, 13.776, 13.777, 13.778, 13.779, 13.78, 13.781, 13.782, 13.783, 13.784, 13.785, 13.786, 13.787, 13.788, 13.789, 13.79, 13.791, 13.792, 13.793, 13.794, 13.795, 13.796, 13.797, 13.798, 13.799, 13.8]
---
Round: 30, Unk. prob.: 6.199e-01
Surv probs: 3.801e-01, Fail probs: 3.000e-05
No. of non-dominant rules: 5577, Survival rules: 5568, Failure rules: 9
Batch update: 192 rules added, 0 existing rules removed (0 new rules dominated)
Survival: 192 rules added, 0 removed (from 192 candidates)
Updated sys_vals: [13.646, 13.661, 13.663, 13.666, 13.667, 13.669, 13.671, 13.674, 13.675, 13.676, 13.679, 13.68, 13.681, 13.685, 13.686, 13.687, 13.688, 13.69, 13.691, 13.692, 13.693, 13.694, 13.695, 13.696, 13.698, 13.699, 13.7, 13.701, 13.702, 13.703, 13.704, 13.705, 13.707, 13.708, 13.709, 13.71, 13.711, 13.712, 13.713, 13.714, 13.715, 13.716, 13.717, 13.718, 13.719, 13.72, 13.721, 13.722, 13.723, 13.724, 13.725, 13.726, 13.727, 13.728, 13.729, 13.73, 13.731, 13.732, 13.733, 13.734, 13.735, 13.736, 13.737, 13.738, 13.739, 13.74, 13.741, 13.742, 13.743, 13.744, 13.745, 13.746, 13.747, 13.748, 13.749, 13.75, 13.751, 13.752, 13.753, 13.754, 13.755, 13.756, 13.757, 13.758, 13.759, 13.76, 13.761, 13.762, 13.763, 13.764, 13.765, 13.766, 13.767, 13.768, 13.769, 13.77, 13.771, 13.772, 13.773, 13.774, 13.775, 13.776, 13.777, 13.778, 13.779, 13.78, 13.781, 13.782, 13.783, 13.784, 13.785, 13.786, 13.787, 13.788, 13.789, 13.79, 13.791, 13.792, 13.793, 13.794, 13.795, 13.796, 13.797, 13.798, 13.799, 13.8]
---
Round: 31, Unk. prob.: 6.140e-01
Surv probs: 3.860e-01, Fail probs: 1.000e-05
No. of non-dominant rules: 5769, Survival rules: 5760, Failure rules: 9
Batch update: 192 rules added, 0 existing rules removed (0 new rules dominated)
Survival: 192 rules added, 0 removed (from 192 candidates)
Updated sys_vals: [13.646, 13.661, 13.663, 13.666, 13.667, 13.669, 13.671, 13.674, 13.675, 13.676, 13.679, 13.68, 13.681, 13.682, 13.685, 13.686, 13.687, 13.688, 13.69, 13.691, 13.692, 13.693, 13.694, 13.695, 13.696, 13.698, 13.699, 13.7, 13.701, 13.702, 13.703, 13.704, 13.705, 13.707, 13.708, 13.709, 13.71, 13.711, 13.712, 13.713, 13.714, 13.715, 13.716, 13.717, 13.718, 13.719, 13.72, 13.721, 13.722, 13.723, 13.724, 13.725, 13.726, 13.727, 13.728, 13.729, 13.73, 13.731, 13.732, 13.733, 13.734, 13.735, 13.736, 13.737, 13.738, 13.739, 13.74, 13.741, 13.742, 13.743, 13.744, 13.745, 13.746, 13.747, 13.748, 13.749, 13.75, 13.751, 13.752, 13.753, 13.754, 13.755, 13.756, 13.757, 13.758, 13.759, 13.76, 13.761, 13.762, 13.763, 13.764, 13.765, 13.766, 13.767, 13.768, 13.769, 13.77, 13.771, 13.772, 13.773, 13.774, 13.775, 13.776, 13.777, 13.778, 13.779, 13.78, 13.781, 13.782, 13.783, 13.784, 13.785, 13.786, 13.787, 13.788, 13.789, 13.79, 13.791, 13.792, 13.793, 13.794, 13.795, 13.796, 13.797, 13.798, 13.799, 13.8]
---
Round: 32, Unk. prob.: 6.126e-01
Surv probs: 3.874e-01, Fail probs: 1.000e-05
No. of non-dominant rules: 5961, Survival rules: 5952, Failure rules: 9
Batch update: 192 rules added, 0 existing rules removed (0 new rules dominated)
Survival: 192 rules added, 0 removed (from 192 candidates)
Updated sys_vals: [13.646, 13.661, 13.663, 13.665, 13.666, 13.667, 13.669, 13.671, 13.674, 13.675, 13.676, 13.679, 13.68, 13.681, 13.682, 13.685, 13.686, 13.687, 13.688, 13.69, 13.691, 13.692, 13.693, 13.694, 13.695, 13.696, 13.698, 13.699, 13.7, 13.701, 13.702, 13.703, 13.704, 13.705, 13.707, 13.708, 13.709, 13.71, 13.711, 13.712, 13.713, 13.714, 13.715, 13.716, 13.717, 13.718, 13.719, 13.72, 13.721, 13.722, 13.723, 13.724, 13.725, 13.726, 13.727, 13.728, 13.729, 13.73, 13.731, 13.732, 13.733, 13.734, 13.735, 13.736, 13.737, 13.738, 13.739, 13.74, 13.741, 13.742, 13.743, 13.744, 13.745, 13.746, 13.747, 13.748, 13.749, 13.75, 13.751, 13.752, 13.753, 13.754, 13.755, 13.756, 13.757, 13.758, 13.759, 13.76, 13.761, 13.762, 13.763, 13.764, 13.765, 13.766, 13.767, 13.768, 13.769, 13.77, 13.771, 13.772, 13.773, 13.774, 13.775, 13.776, 13.777, 13.778, 13.779, 13.78, 13.781, 13.782, 13.783, 13.784, 13.785, 13.786, 13.787, 13.788, 13.789, 13.79, 13.791, 13.792, 13.793, 13.794, 13.795, 13.796, 13.797, 13.798, 13.799, 13.8]
---
Round: 33, Unk. prob.: 6.085e-01
Surv probs: 3.915e-01, Fail probs: 1.000e-05
No. of non-dominant rules: 6153, Survival rules: 6144, Failure rules: 9
Batch update: 192 rules added, 0 existing rules removed (0 new rules dominated)
Survival: 192 rules added, 0 removed (from 192 candidates)
Updated sys_vals: [13.646, 13.649, 13.661, 13.663, 13.665, 13.666, 13.667, 13.669, 13.671, 13.674, 13.675, 13.676, 13.679, 13.68, 13.681, 13.682, 13.685, 13.686, 13.687, 13.688, 13.69, 13.691, 13.692, 13.693, 13.694, 13.695, 13.696, 13.697, 13.698, 13.699, 13.7, 13.701, 13.702, 13.703, 13.704, 13.705, 13.707, 13.708, 13.709, 13.71, 13.711, 13.712, 13.713, 13.714, 13.715, 13.716, 13.717, 13.718, 13.719, 13.72, 13.721, 13.722, 13.723, 13.724, 13.725, 13.726, 13.727, 13.728, 13.729, 13.73, 13.731, 13.732, 13.733, 13.734, 13.735, 13.736, 13.737, 13.738, 13.739, 13.74, 13.741, 13.742, 13.743, 13.744, 13.745, 13.746, 13.747, 13.748, 13.749, 13.75, 13.751, 13.752, 13.753, 13.754, 13.755, 13.756, 13.757, 13.758, 13.759, 13.76, 13.761, 13.762, 13.763, 13.764, 13.765, 13.766, 13.767, 13.768, 13.769, 13.77, 13.771, 13.772, 13.773, 13.774, 13.775, 13.776, 13.777, 13.778, 13.779, 13.78, 13.781, 13.782, 13.783, 13.784, 13.785, 13.786, 13.787, 13.788, 13.789, 13.79, 13.791, 13.792, 13.793, 13.794, 13.795, 13.796, 13.797, 13.798, 13.799, 13.8]
---
Round: 34, Unk. prob.: 6.028e-01
Surv probs: 3.972e-01, Fail probs: 2.000e-05
No. of non-dominant rules: 6345, Survival rules: 6336, Failure rules: 9
Batch update: 192 rules added, 0 existing rules removed (0 new rules dominated)
Survival: 192 rules added, 0 removed (from 192 candidates)
Updated sys_vals: [13.646, 13.649, 13.661, 13.663, 13.665, 13.666, 13.667, 13.669, 13.671, 13.674, 13.675, 13.676, 13.679, 13.68, 13.681, 13.682, 13.685, 13.686, 13.687, 13.688, 13.69, 13.691, 13.692, 13.693, 13.694, 13.695, 13.696, 13.697, 13.698, 13.699, 13.7, 13.701, 13.702, 13.703, 13.704, 13.705, 13.707, 13.708, 13.709, 13.71, 13.711, 13.712, 13.713, 13.714, 13.715, 13.716, 13.717, 13.718, 13.719, 13.72, 13.721, 13.722, 13.723, 13.724, 13.725, 13.726, 13.727, 13.728, 13.729, 13.73, 13.731, 13.732, 13.733, 13.734, 13.735, 13.736, 13.737, 13.738, 13.739, 13.74, 13.741, 13.742, 13.743, 13.744, 13.745, 13.746, 13.747, 13.748, 13.749, 13.75, 13.751, 13.752, 13.753, 13.754, 13.755, 13.756, 13.757, 13.758, 13.759, 13.76, 13.761, 13.762, 13.763, 13.764, 13.765, 13.766, 13.767, 13.768, 13.769, 13.77, 13.771, 13.772, 13.773, 13.774, 13.775, 13.776, 13.777, 13.778, 13.779, 13.78, 13.781, 13.782, 13.783, 13.784, 13.785, 13.786, 13.787, 13.788, 13.789, 13.79, 13.791, 13.792, 13.793, 13.794, 13.795, 13.796, 13.797, 13.798, 13.799, 13.8]
---
Round: 35, Unk. prob.: 5.942e-01
Surv probs: 4.058e-01, Fail probs: 2.000e-05
No. of non-dominant rules: 6537, Survival rules: 6528, Failure rules: 9
Batch update: 192 rules added, 0 existing rules removed (0 new rules dominated)
Survival: 192 rules added, 0 removed (from 192 candidates)
Updated sys_vals: [13.646, 13.649, 13.661, 13.663, 13.665, 13.666, 13.667, 13.669, 13.671, 13.674, 13.675, 13.676, 13.679, 13.68, 13.681, 13.682, 13.685, 13.686, 13.687, 13.688, 13.69, 13.691, 13.692, 13.693, 13.694, 13.695, 13.696, 13.697, 13.698, 13.699, 13.7, 13.701, 13.702, 13.703, 13.704, 13.705, 13.707, 13.708, 13.709, 13.71, 13.711, 13.712, 13.713, 13.714, 13.715, 13.716, 13.717, 13.718, 13.719, 13.72, 13.721, 13.722, 13.723, 13.724, 13.725, 13.726, 13.727, 13.728, 13.729, 13.73, 13.731, 13.732, 13.733, 13.734, 13.735, 13.736, 13.737, 13.738, 13.739, 13.74, 13.741, 13.742, 13.743, 13.744, 13.745, 13.746, 13.747, 13.748, 13.749, 13.75, 13.751, 13.752, 13.753, 13.754, 13.755, 13.756, 13.757, 13.758, 13.759, 13.76, 13.761, 13.762, 13.763, 13.764, 13.765, 13.766, 13.767, 13.768, 13.769, 13.77, 13.771, 13.772, 13.773, 13.774, 13.775, 13.776, 13.777, 13.778, 13.779, 13.78, 13.781, 13.782, 13.783, 13.784, 13.785, 13.786, 13.787, 13.788, 13.789, 13.79, 13.791, 13.792, 13.793, 13.794, 13.795, 13.796, 13.797, 13.798, 13.799, 13.8]
---
Round: 36, Unk. prob.: 5.953e-01
Surv probs: 4.047e-01, Fail probs: 1.000e-05
No. of non-dominant rules: 6729, Survival rules: 6720, Failure rules: 9
Batch update: 192 rules added, 0 existing rules removed (0 new rules dominated)
Survival: 192 rules added, 0 removed (from 192 candidates)
Updated sys_vals: [13.646, 13.649, 13.661, 13.663, 13.665, 13.666, 13.667, 13.669, 13.671, 13.674, 13.675, 13.676, 13.679, 13.68, 13.681, 13.682, 13.685, 13.686, 13.687, 13.688, 13.69, 13.691, 13.692, 13.693, 13.694, 13.695, 13.696, 13.697, 13.698, 13.699, 13.7, 13.701, 13.702, 13.703, 13.704, 13.705, 13.706, 13.707, 13.708, 13.709, 13.71, 13.711, 13.712, 13.713, 13.714, 13.715, 13.716, 13.717, 13.718, 13.719, 13.72, 13.721, 13.722, 13.723, 13.724, 13.725, 13.726, 13.727, 13.728, 13.729, 13.73, 13.731, 13.732, 13.733, 13.734, 13.735, 13.736, 13.737, 13.738, 13.739, 13.74, 13.741, 13.742, 13.743, 13.744, 13.745, 13.746, 13.747, 13.748, 13.749, 13.75, 13.751, 13.752, 13.753, 13.754, 13.755, 13.756, 13.757, 13.758, 13.759, 13.76, 13.761, 13.762, 13.763, 13.764, 13.765, 13.766, 13.767, 13.768, 13.769, 13.77, 13.771, 13.772, 13.773, 13.774, 13.775, 13.776, 13.777, 13.778, 13.779, 13.78, 13.781, 13.782, 13.783, 13.784, 13.785, 13.786, 13.787, 13.788, 13.789, 13.79, 13.791, 13.792, 13.793, 13.794, 13.795, 13.796, 13.797, 13.798, 13.799, 13.8]
---
Round: 37, Unk. prob.: 5.883e-01
Surv probs: 4.117e-01, Fail probs: 0.000e+00
No. of non-dominant rules: 6921, Survival rules: 6912, Failure rules: 9
Batch update: 192 rules added, 0 existing rules removed (0 new rules dominated)
Survival: 192 rules added, 0 removed (from 192 candidates)
Updated sys_vals: [13.646, 13.649, 13.661, 13.663, 13.665, 13.666, 13.667, 13.669, 13.671, 13.674, 13.675, 13.676, 13.679, 13.68, 13.681, 13.682, 13.685, 13.686, 13.687, 13.688, 13.69, 13.691, 13.692, 13.693, 13.694, 13.695, 13.696, 13.697, 13.698, 13.699, 13.7, 13.701, 13.702, 13.703, 13.704, 13.705, 13.706, 13.707, 13.708, 13.709, 13.71, 13.711, 13.712, 13.713, 13.714, 13.715, 13.716, 13.717, 13.718, 13.719, 13.72, 13.721, 13.722, 13.723, 13.724, 13.725, 13.726, 13.727, 13.728, 13.729, 13.73, 13.731, 13.732, 13.733, 13.734, 13.735, 13.736, 13.737, 13.738, 13.739, 13.74, 13.741, 13.742, 13.743, 13.744, 13.745, 13.746, 13.747, 13.748, 13.749, 13.75, 13.751, 13.752, 13.753, 13.754, 13.755, 13.756, 13.757, 13.758, 13.759, 13.76, 13.761, 13.762, 13.763, 13.764, 13.765, 13.766, 13.767, 13.768, 13.769, 13.77, 13.771, 13.772, 13.773, 13.774, 13.775, 13.776, 13.777, 13.778, 13.779, 13.78, 13.781, 13.782, 13.783, 13.784, 13.785, 13.786, 13.787, 13.788, 13.789, 13.79, 13.791, 13.792, 13.793, 13.794, 13.795, 13.796, 13.797, 13.798, 13.799, 13.8]
---
Round: 38, Unk. prob.: 5.846e-01
Surv probs: 4.154e-01, Fail probs: 2.000e-05
No. of non-dominant rules: 7113, Survival rules: 7104, Failure rules: 9
Batch update: 192 rules added, 0 existing rules removed (0 new rules dominated)
Survival: 192 rules added, 0 removed (from 192 candidates)
Updated sys_vals: [13.646, 13.649, 13.661, 13.663, 13.665, 13.666, 13.667, 13.669, 13.671, 13.674, 13.675, 13.676, 13.679, 13.68, 13.681, 13.682, 13.685, 13.686, 13.687, 13.688, 13.69, 13.691, 13.692, 13.693, 13.694, 13.695, 13.696, 13.697, 13.698, 13.699, 13.7, 13.701, 13.702, 13.703, 13.704, 13.705, 13.706, 13.707, 13.708, 13.709, 13.71, 13.711, 13.712, 13.713, 13.714, 13.715, 13.716, 13.717, 13.718, 13.719, 13.72, 13.721, 13.722, 13.723, 13.724, 13.725, 13.726, 13.727, 13.728, 13.729, 13.73, 13.731, 13.732, 13.733, 13.734, 13.735, 13.736, 13.737, 13.738, 13.739, 13.74, 13.741, 13.742, 13.743, 13.744, 13.745, 13.746, 13.747, 13.748, 13.749, 13.75, 13.751, 13.752, 13.753, 13.754, 13.755, 13.756, 13.757, 13.758, 13.759, 13.76, 13.761, 13.762, 13.763, 13.764, 13.765, 13.766, 13.767, 13.768, 13.769, 13.77, 13.771, 13.772, 13.773, 13.774, 13.775, 13.776, 13.777, 13.778, 13.779, 13.78, 13.781, 13.782, 13.783, 13.784, 13.785, 13.786, 13.787, 13.788, 13.789, 13.79, 13.791, 13.792, 13.793, 13.794, 13.795, 13.796, 13.797, 13.798, 13.799, 13.8]
---
Round: 39, Unk. prob.: 5.828e-01
Surv probs: 4.172e-01, Fail probs: 1.000e-05
No. of non-dominant rules: 7305, Survival rules: 7296, Failure rules: 9
Batch update: 192 rules added, 0 existing rules removed (0 new rules dominated)
Survival: 192 rules added, 0 removed (from 192 candidates)
Updated sys_vals: [13.646, 13.649, 13.661, 13.663, 13.665, 13.666, 13.667, 13.669, 13.671, 13.674, 13.675, 13.676, 13.679, 13.68, 13.681, 13.682, 13.685, 13.686, 13.687, 13.688, 13.69, 13.691, 13.692, 13.693, 13.694, 13.695, 13.696, 13.697, 13.698, 13.699, 13.7, 13.701, 13.702, 13.703, 13.704, 13.705, 13.706, 13.707, 13.708, 13.709, 13.71, 13.711, 13.712, 13.713, 13.714, 13.715, 13.716, 13.717, 13.718, 13.719, 13.72, 13.721, 13.722, 13.723, 13.724, 13.725, 13.726, 13.727, 13.728, 13.729, 13.73, 13.731, 13.732, 13.733, 13.734, 13.735, 13.736, 13.737, 13.738, 13.739, 13.74, 13.741, 13.742, 13.743, 13.744, 13.745, 13.746, 13.747, 13.748, 13.749, 13.75, 13.751, 13.752, 13.753, 13.754, 13.755, 13.756, 13.757, 13.758, 13.759, 13.76, 13.761, 13.762, 13.763, 13.764, 13.765, 13.766, 13.767, 13.768, 13.769, 13.77, 13.771, 13.772, 13.773, 13.774, 13.775, 13.776, 13.777, 13.778, 13.779, 13.78, 13.781, 13.782, 13.783, 13.784, 13.785, 13.786, 13.787, 13.788, 13.789, 13.79, 13.791, 13.792, 13.793, 13.794, 13.795, 13.796, 13.797, 13.798, 13.799, 13.8]
---
Round: 40, Unk. prob.: 5.781e-01
Surv probs: 4.218e-01, Fail probs: 4.000e-05
No. of non-dominant rules: 7497, Survival rules: 7488, Failure rules: 9
Batch update: 192 rules added, 0 existing rules removed (0 new rules dominated)
Survival: 192 rules added, 0 removed (from 192 candidates)
Updated sys_vals: [13.646, 13.649, 13.661, 13.663, 13.665, 13.666, 13.667, 13.669, 13.671, 13.674, 13.675, 13.676, 13.679, 13.68, 13.681, 13.682, 13.685, 13.686, 13.687, 13.688, 13.69, 13.691, 13.692, 13.693, 13.694, 13.695, 13.696, 13.697, 13.698, 13.699, 13.7, 13.701, 13.702, 13.703, 13.704, 13.705, 13.706, 13.707, 13.708, 13.709, 13.71, 13.711, 13.712, 13.713, 13.714, 13.715, 13.716, 13.717, 13.718, 13.719, 13.72, 13.721, 13.722, 13.723, 13.724, 13.725, 13.726, 13.727, 13.728, 13.729, 13.73, 13.731, 13.732, 13.733, 13.734, 13.735, 13.736, 13.737, 13.738, 13.739, 13.74, 13.741, 13.742, 13.743, 13.744, 13.745, 13.746, 13.747, 13.748, 13.749, 13.75, 13.751, 13.752, 13.753, 13.754, 13.755, 13.756, 13.757, 13.758, 13.759, 13.76, 13.761, 13.762, 13.763, 13.764, 13.765, 13.766, 13.767, 13.768, 13.769, 13.77, 13.771, 13.772, 13.773, 13.774, 13.775, 13.776, 13.777, 13.778, 13.779, 13.78, 13.781, 13.782, 13.783, 13.784, 13.785, 13.786, 13.787, 13.788, 13.789, 13.79, 13.791, 13.792, 13.793, 13.794, 13.795, 13.796, 13.797, 13.798, 13.799, 13.8]
---
Round: 41, Unk. prob.: 5.735e-01
Surv probs: 4.265e-01, Fail probs: 2.000e-05
No. of non-dominant rules: 7689, Survival rules: 7680, Failure rules: 9
Batch update: 192 rules added, 0 existing rules removed (0 new rules dominated)
Survival: 192 rules added, 0 removed (from 192 candidates)
Updated sys_vals: [13.646, 13.649, 13.651, 13.661, 13.663, 13.665, 13.666, 13.667, 13.669, 13.671, 13.674, 13.675, 13.676, 13.679, 13.68, 13.681, 13.682, 13.685, 13.686, 13.687, 13.688, 13.69, 13.691, 13.692, 13.693, 13.694, 13.695, 13.696, 13.697, 13.698, 13.699, 13.7, 13.701, 13.702, 13.703, 13.704, 13.705, 13.706, 13.707, 13.708, 13.709, 13.71, 13.711, 13.712, 13.713, 13.714, 13.715, 13.716, 13.717, 13.718, 13.719, 13.72, 13.721, 13.722, 13.723, 13.724, 13.725, 13.726, 13.727, 13.728, 13.729, 13.73, 13.731, 13.732, 13.733, 13.734, 13.735, 13.736, 13.737, 13.738, 13.739, 13.74, 13.741, 13.742, 13.743, 13.744, 13.745, 13.746, 13.747, 13.748, 13.749, 13.75, 13.751, 13.752, 13.753, 13.754, 13.755, 13.756, 13.757, 13.758, 13.759, 13.76, 13.761, 13.762, 13.763, 13.764, 13.765, 13.766, 13.767, 13.768, 13.769, 13.77, 13.771, 13.772, 13.773, 13.774, 13.775, 13.776, 13.777, 13.778, 13.779, 13.78, 13.781, 13.782, 13.783, 13.784, 13.785, 13.786, 13.787, 13.788, 13.789, 13.79, 13.791, 13.792, 13.793, 13.794, 13.795, 13.796, 13.797, 13.798, 13.799, 13.8]
---
Round: 42, Unk. prob.: 5.717e-01
Surv probs: 4.283e-01, Fail probs: 1.000e-05
No. of non-dominant rules: 7881, Survival rules: 7872, Failure rules: 9
Batch update: 192 rules added, 0 existing rules removed (0 new rules dominated)
Survival: 192 rules added, 0 removed (from 192 candidates)
Updated sys_vals: [13.646, 13.649, 13.651, 13.661, 13.663, 13.665, 13.666, 13.667, 13.669, 13.671, 13.674, 13.675, 13.676, 13.679, 13.68, 13.681, 13.682, 13.685, 13.686, 13.687, 13.688, 13.69, 13.691, 13.692, 13.693, 13.694, 13.695, 13.696, 13.697, 13.698, 13.699, 13.7, 13.701, 13.702, 13.703, 13.704, 13.705, 13.706, 13.707, 13.708, 13.709, 13.71, 13.711, 13.712, 13.713, 13.714, 13.715, 13.716, 13.717, 13.718, 13.719, 13.72, 13.721, 13.722, 13.723, 13.724, 13.725, 13.726, 13.727, 13.728, 13.729, 13.73, 13.731, 13.732, 13.733, 13.734, 13.735, 13.736, 13.737, 13.738, 13.739, 13.74, 13.741, 13.742, 13.743, 13.744, 13.745, 13.746, 13.747, 13.748, 13.749, 13.75, 13.751, 13.752, 13.753, 13.754, 13.755, 13.756, 13.757, 13.758, 13.759, 13.76, 13.761, 13.762, 13.763, 13.764, 13.765, 13.766, 13.767, 13.768, 13.769, 13.77, 13.771, 13.772, 13.773, 13.774, 13.775, 13.776, 13.777, 13.778, 13.779, 13.78, 13.781, 13.782, 13.783, 13.784, 13.785, 13.786, 13.787, 13.788, 13.789, 13.79, 13.791, 13.792, 13.793, 13.794, 13.795, 13.796, 13.797, 13.798, 13.799, 13.8]
---
Round: 43, Unk. prob.: 5.681e-01
Surv probs: 4.319e-01, Fail probs: 3.000e-05
No. of non-dominant rules: 8073, Survival rules: 8064, Failure rules: 9
Batch update: 192 rules added, 0 existing rules removed (0 new rules dominated)
Survival: 192 rules added, 0 removed (from 192 candidates)
Updated sys_vals: [13.646, 13.649, 13.651, 13.661, 13.663, 13.665, 13.666, 13.667, 13.669, 13.671, 13.674, 13.675, 13.676, 13.679, 13.68, 13.681, 13.682, 13.685, 13.686, 13.687, 13.688, 13.69, 13.691, 13.692, 13.693, 13.694, 13.695, 13.696, 13.697, 13.698, 13.699, 13.7, 13.701, 13.702, 13.703, 13.704, 13.705, 13.706, 13.707, 13.708, 13.709, 13.71, 13.711, 13.712, 13.713, 13.714, 13.715, 13.716, 13.717, 13.718, 13.719, 13.72, 13.721, 13.722, 13.723, 13.724, 13.725, 13.726, 13.727, 13.728, 13.729, 13.73, 13.731, 13.732, 13.733, 13.734, 13.735, 13.736, 13.737, 13.738, 13.739, 13.74, 13.741, 13.742, 13.743, 13.744, 13.745, 13.746, 13.747, 13.748, 13.749, 13.75, 13.751, 13.752, 13.753, 13.754, 13.755, 13.756, 13.757, 13.758, 13.759, 13.76, 13.761, 13.762, 13.763, 13.764, 13.765, 13.766, 13.767, 13.768, 13.769, 13.77, 13.771, 13.772, 13.773, 13.774, 13.775, 13.776, 13.777, 13.778, 13.779, 13.78, 13.781, 13.782, 13.783, 13.784, 13.785, 13.786, 13.787, 13.788, 13.789, 13.79, 13.791, 13.792, 13.793, 13.794, 13.795, 13.796, 13.797, 13.798, 13.799, 13.8]
---
Round: 44, Unk. prob.: 5.635e-01
Surv probs: 4.365e-01, Fail probs: 1.000e-05
No. of non-dominant rules: 8265, Survival rules: 8256, Failure rules: 9
Batch update: 192 rules added, 0 existing rules removed (0 new rules dominated)
Survival: 192 rules added, 0 removed (from 192 candidates)
Updated sys_vals: [13.646, 13.649, 13.651, 13.661, 13.663, 13.665, 13.666, 13.667, 13.669, 13.671, 13.674, 13.675, 13.676, 13.679, 13.68, 13.681, 13.682, 13.684, 13.685, 13.686, 13.687, 13.688, 13.69, 13.691, 13.692, 13.693, 13.694, 13.695, 13.696, 13.697, 13.698, 13.699, 13.7, 13.701, 13.702, 13.703, 13.704, 13.705, 13.706, 13.707, 13.708, 13.709, 13.71, 13.711, 13.712, 13.713, 13.714, 13.715, 13.716, 13.717, 13.718, 13.719, 13.72, 13.721, 13.722, 13.723, 13.724, 13.725, 13.726, 13.727, 13.728, 13.729, 13.73, 13.731, 13.732, 13.733, 13.734, 13.735, 13.736, 13.737, 13.738, 13.739, 13.74, 13.741, 13.742, 13.743, 13.744, 13.745, 13.746, 13.747, 13.748, 13.749, 13.75, 13.751, 13.752, 13.753, 13.754, 13.755, 13.756, 13.757, 13.758, 13.759, 13.76, 13.761, 13.762, 13.763, 13.764, 13.765, 13.766, 13.767, 13.768, 13.769, 13.77, 13.771, 13.772, 13.773, 13.774, 13.775, 13.776, 13.777, 13.778, 13.779, 13.78, 13.781, 13.782, 13.783, 13.784, 13.785, 13.786, 13.787, 13.788, 13.789, 13.79, 13.791, 13.792, 13.793, 13.794, 13.795, 13.796, 13.797, 13.798, 13.799, 13.8]
---
Round: 45, Unk. prob.: 5.658e-01
Surv probs: 4.342e-01, Fail probs: 0.000e+00
No. of non-dominant rules: 8457, Survival rules: 8448, Failure rules: 9
Batch update: 192 rules added, 0 existing rules removed (0 new rules dominated)
Survival: 192 rules added, 0 removed (from 192 candidates)
Updated sys_vals: [13.646, 13.649, 13.651, 13.661, 13.663, 13.665, 13.666, 13.667, 13.669, 13.671, 13.674, 13.675, 13.676, 13.679, 13.68, 13.681, 13.682, 13.684, 13.685, 13.686, 13.687, 13.688, 13.689, 13.69, 13.691, 13.692, 13.693, 13.694, 13.695, 13.696, 13.697, 13.698, 13.699, 13.7, 13.701, 13.702, 13.703, 13.704, 13.705, 13.706, 13.707, 13.708, 13.709, 13.71, 13.711, 13.712, 13.713, 13.714, 13.715, 13.716, 13.717, 13.718, 13.719, 13.72, 13.721, 13.722, 13.723, 13.724, 13.725, 13.726, 13.727, 13.728, 13.729, 13.73, 13.731, 13.732, 13.733, 13.734, 13.735, 13.736, 13.737, 13.738, 13.739, 13.74, 13.741, 13.742, 13.743, 13.744, 13.745, 13.746, 13.747, 13.748, 13.749, 13.75, 13.751, 13.752, 13.753, 13.754, 13.755, 13.756, 13.757, 13.758, 13.759, 13.76, 13.761, 13.762, 13.763, 13.764, 13.765, 13.766, 13.767, 13.768, 13.769, 13.77, 13.771, 13.772, 13.773, 13.774, 13.775, 13.776, 13.777, 13.778, 13.779, 13.78, 13.781, 13.782, 13.783, 13.784, 13.785, 13.786, 13.787, 13.788, 13.789, 13.79, 13.791, 13.792, 13.793, 13.794, 13.795, 13.796, 13.797, 13.798, 13.799, 13.8]
---
Round: 46, Unk. prob.: 5.629e-01
Surv probs: 4.371e-01, Fail probs: 1.000e-05
No. of non-dominant rules: 8649, Survival rules: 8640, Failure rules: 9
Batch update: 192 rules added, 0 existing rules removed (0 new rules dominated)
Survival: 192 rules added, 0 removed (from 192 candidates)
Updated sys_vals: [13.646, 13.649, 13.651, 13.661, 13.663, 13.665, 13.666, 13.667, 13.669, 13.671, 13.674, 13.675, 13.676, 13.679, 13.68, 13.681, 13.682, 13.684, 13.685, 13.686, 13.687, 13.688, 13.689, 13.69, 13.691, 13.692, 13.693, 13.694, 13.695, 13.696, 13.697, 13.698, 13.699, 13.7, 13.701, 13.702, 13.703, 13.704, 13.705, 13.706, 13.707, 13.708, 13.709, 13.71, 13.711, 13.712, 13.713, 13.714, 13.715, 13.716, 13.717, 13.718, 13.719, 13.72, 13.721, 13.722, 13.723, 13.724, 13.725, 13.726, 13.727, 13.728, 13.729, 13.73, 13.731, 13.732, 13.733, 13.734, 13.735, 13.736, 13.737, 13.738, 13.739, 13.74, 13.741, 13.742, 13.743, 13.744, 13.745, 13.746, 13.747, 13.748, 13.749, 13.75, 13.751, 13.752, 13.753, 13.754, 13.755, 13.756, 13.757, 13.758, 13.759, 13.76, 13.761, 13.762, 13.763, 13.764, 13.765, 13.766, 13.767, 13.768, 13.769, 13.77, 13.771, 13.772, 13.773, 13.774, 13.775, 13.776, 13.777, 13.778, 13.779, 13.78, 13.781, 13.782, 13.783, 13.784, 13.785, 13.786, 13.787, 13.788, 13.789, 13.79, 13.791, 13.792, 13.793, 13.794, 13.795, 13.796, 13.797, 13.798, 13.799, 13.8]
---
Round: 47, Unk. prob.: 5.571e-01
Surv probs: 4.429e-01, Fail probs: 1.000e-05
No. of non-dominant rules: 8841, Survival rules: 8832, Failure rules: 9
Batch update: 192 rules added, 0 existing rules removed (0 new rules dominated)
Survival: 192 rules added, 0 removed (from 192 candidates)
Updated sys_vals: [13.646, 13.649, 13.651, 13.661, 13.663, 13.665, 13.666, 13.667, 13.669, 13.671, 13.674, 13.675, 13.676, 13.679, 13.68, 13.681, 13.682, 13.684, 13.685, 13.686, 13.687, 13.688, 13.689, 13.69, 13.691, 13.692, 13.693, 13.694, 13.695, 13.696, 13.697, 13.698, 13.699, 13.7, 13.701, 13.702, 13.703, 13.704, 13.705, 13.706, 13.707, 13.708, 13.709, 13.71, 13.711, 13.712, 13.713, 13.714, 13.715, 13.716, 13.717, 13.718, 13.719, 13.72, 13.721, 13.722, 13.723, 13.724, 13.725, 13.726, 13.727, 13.728, 13.729, 13.73, 13.731, 13.732, 13.733, 13.734, 13.735, 13.736, 13.737, 13.738, 13.739, 13.74, 13.741, 13.742, 13.743, 13.744, 13.745, 13.746, 13.747, 13.748, 13.749, 13.75, 13.751, 13.752, 13.753, 13.754, 13.755, 13.756, 13.757, 13.758, 13.759, 13.76, 13.761, 13.762, 13.763, 13.764, 13.765, 13.766, 13.767, 13.768, 13.769, 13.77, 13.771, 13.772, 13.773, 13.774, 13.775, 13.776, 13.777, 13.778, 13.779, 13.78, 13.781, 13.782, 13.783, 13.784, 13.785, 13.786, 13.787, 13.788, 13.789, 13.79, 13.791, 13.792, 13.793, 13.794, 13.795, 13.796, 13.797, 13.798, 13.799, 13.8]
---
Round: 48, Unk. prob.: 5.539e-01
Surv probs: 4.461e-01, Fail probs: 1.000e-05
No. of non-dominant rules: 9033, Survival rules: 9024, Failure rules: 9
Batch update: 192 rules added, 0 existing rules removed (0 new rules dominated)
Survival: 192 rules added, 0 removed (from 192 candidates)
Updated sys_vals: [13.646, 13.649, 13.651, 13.661, 13.663, 13.665, 13.666, 13.667, 13.669, 13.671, 13.674, 13.675, 13.676, 13.679, 13.68, 13.681, 13.682, 13.683, 13.684, 13.685, 13.686, 13.687, 13.688, 13.689, 13.69, 13.691, 13.692, 13.693, 13.694, 13.695, 13.696, 13.697, 13.698, 13.699, 13.7, 13.701, 13.702, 13.703, 13.704, 13.705, 13.706, 13.707, 13.708, 13.709, 13.71, 13.711, 13.712, 13.713, 13.714, 13.715, 13.716, 13.717, 13.718, 13.719, 13.72, 13.721, 13.722, 13.723, 13.724, 13.725, 13.726, 13.727, 13.728, 13.729, 13.73, 13.731, 13.732, 13.733, 13.734, 13.735, 13.736, 13.737, 13.738, 13.739, 13.74, 13.741, 13.742, 13.743, 13.744, 13.745, 13.746, 13.747, 13.748, 13.749, 13.75, 13.751, 13.752, 13.753, 13.754, 13.755, 13.756, 13.757, 13.758, 13.759, 13.76, 13.761, 13.762, 13.763, 13.764, 13.765, 13.766, 13.767, 13.768, 13.769, 13.77, 13.771, 13.772, 13.773, 13.774, 13.775, 13.776, 13.777, 13.778, 13.779, 13.78, 13.781, 13.782, 13.783, 13.784, 13.785, 13.786, 13.787, 13.788, 13.789, 13.79, 13.791, 13.792, 13.793, 13.794, 13.795, 13.796, 13.797, 13.798, 13.799, 13.8]
---
Round: 49, Unk. prob.: 5.521e-01
Surv probs: 4.479e-01, Fail probs: 1.000e-05
No. of non-dominant rules: 9225, Survival rules: 9216, Failure rules: 9
Batch update: 192 rules added, 0 existing rules removed (0 new rules dominated)
Survival: 192 rules added, 0 removed (from 192 candidates)
Updated sys_vals: [13.646, 13.649, 13.651, 13.661, 13.663, 13.665, 13.666, 13.667, 13.669, 13.671, 13.674, 13.675, 13.676, 13.679, 13.68, 13.681, 13.682, 13.683, 13.684, 13.685, 13.686, 13.687, 13.688, 13.689, 13.69, 13.691, 13.692, 13.693, 13.694, 13.695, 13.696, 13.697, 13.698, 13.699, 13.7, 13.701, 13.702, 13.703, 13.704, 13.705, 13.706, 13.707, 13.708, 13.709, 13.71, 13.711, 13.712, 13.713, 13.714, 13.715, 13.716, 13.717, 13.718, 13.719, 13.72, 13.721, 13.722, 13.723, 13.724, 13.725, 13.726, 13.727, 13.728, 13.729, 13.73, 13.731, 13.732, 13.733, 13.734, 13.735, 13.736, 13.737, 13.738, 13.739, 13.74, 13.741, 13.742, 13.743, 13.744, 13.745, 13.746, 13.747, 13.748, 13.749, 13.75, 13.751, 13.752, 13.753, 13.754, 13.755, 13.756, 13.757, 13.758, 13.759, 13.76, 13.761, 13.762, 13.763, 13.764, 13.765, 13.766, 13.767, 13.768, 13.769, 13.77, 13.771, 13.772, 13.773, 13.774, 13.775, 13.776, 13.777, 13.778, 13.779, 13.78, 13.781, 13.782, 13.783, 13.784, 13.785, 13.786, 13.787, 13.788, 13.789, 13.79, 13.791, 13.792, 13.793, 13.794, 13.795, 13.796, 13.797, 13.798, 13.799, 13.8]
---
Round: 50, Unk. prob.: 5.478e-01
Surv probs: 4.521e-01, Fail probs: 3.000e-05
No. of non-dominant rules: 9417, Survival rules: 9408, Failure rules: 9
Batch update: 192 rules added, 0 existing rules removed (0 new rules dominated)
Survival: 192 rules added, 0 removed (from 192 candidates)
Updated sys_vals: [13.646, 13.649, 13.651, 13.661, 13.663, 13.665, 13.666, 13.667, 13.669, 13.671, 13.674, 13.675, 13.676, 13.679, 13.68, 13.681, 13.682, 13.683, 13.684, 13.685, 13.686, 13.687, 13.688, 13.689, 13.69, 13.691, 13.692, 13.693, 13.694, 13.695, 13.696, 13.697, 13.698, 13.699, 13.7, 13.701, 13.702, 13.703, 13.704, 13.705, 13.706, 13.707, 13.708, 13.709, 13.71, 13.711, 13.712, 13.713, 13.714, 13.715, 13.716, 13.717, 13.718, 13.719, 13.72, 13.721, 13.722, 13.723, 13.724, 13.725, 13.726, 13.727, 13.728, 13.729, 13.73, 13.731, 13.732, 13.733, 13.734, 13.735, 13.736, 13.737, 13.738, 13.739, 13.74, 13.741, 13.742, 13.743, 13.744, 13.745, 13.746, 13.747, 13.748, 13.749, 13.75, 13.751, 13.752, 13.753, 13.754, 13.755, 13.756, 13.757, 13.758, 13.759, 13.76, 13.761, 13.762, 13.763, 13.764, 13.765, 13.766, 13.767, 13.768, 13.769, 13.77, 13.771, 13.772, 13.773, 13.774, 13.775, 13.776, 13.777, 13.778, 13.779, 13.78, 13.781, 13.782, 13.783, 13.784, 13.785, 13.786, 13.787, 13.788, 13.789, 13.79, 13.791, 13.792, 13.793, 13.794, 13.795, 13.796, 13.797, 13.798, 13.799, 13.8]
---
Round: 51, Unk. prob.: 5.450e-01
Surv probs: 4.550e-01, Fail probs: 2.000e-05
No. of non-dominant rules: 9609, Survival rules: 9600, Failure rules: 9
Batch update: 192 rules added, 0 existing rules removed (0 new rules dominated)
Survival: 192 rules added, 0 removed (from 192 candidates)
Updated sys_vals: [13.646, 13.649, 13.651, 13.661, 13.663, 13.665, 13.666, 13.667, 13.669, 13.671, 13.674, 13.675, 13.676, 13.679, 13.68, 13.681, 13.682, 13.683, 13.684, 13.685, 13.686, 13.687, 13.688, 13.689, 13.69, 13.691, 13.692, 13.693, 13.694, 13.695, 13.696, 13.697, 13.698, 13.699, 13.7, 13.701, 13.702, 13.703, 13.704, 13.705, 13.706, 13.707, 13.708, 13.709, 13.71, 13.711, 13.712, 13.713, 13.714, 13.715, 13.716, 13.717, 13.718, 13.719, 13.72, 13.721, 13.722, 13.723, 13.724, 13.725, 13.726, 13.727, 13.728, 13.729, 13.73, 13.731, 13.732, 13.733, 13.734, 13.735, 13.736, 13.737, 13.738, 13.739, 13.74, 13.741, 13.742, 13.743, 13.744, 13.745, 13.746, 13.747, 13.748, 13.749, 13.75, 13.751, 13.752, 13.753, 13.754, 13.755, 13.756, 13.757, 13.758, 13.759, 13.76, 13.761, 13.762, 13.763, 13.764, 13.765, 13.766, 13.767, 13.768, 13.769, 13.77, 13.771, 13.772, 13.773, 13.774, 13.775, 13.776, 13.777, 13.778, 13.779, 13.78, 13.781, 13.782, 13.783, 13.784, 13.785, 13.786, 13.787, 13.788, 13.789, 13.79, 13.791, 13.792, 13.793, 13.794, 13.795, 13.796, 13.797, 13.798, 13.799, 13.8]
---
Round: 52, Unk. prob.: 5.412e-01
Surv probs: 4.588e-01, Fail probs: 2.000e-05
No. of non-dominant rules: 9801, Survival rules: 9792, Failure rules: 9
Batch update: 192 rules added, 0 existing rules removed (0 new rules dominated)
Survival: 192 rules added, 0 removed (from 192 candidates)
Updated sys_vals: [13.646, 13.649, 13.651, 13.661, 13.663, 13.665, 13.666, 13.667, 13.669, 13.671, 13.674, 13.675, 13.676, 13.679, 13.68, 13.681, 13.682, 13.683, 13.684, 13.685, 13.686, 13.687, 13.688, 13.689, 13.69, 13.691, 13.692, 13.693, 13.694, 13.695, 13.696, 13.697, 13.698, 13.699, 13.7, 13.701, 13.702, 13.703, 13.704, 13.705, 13.706, 13.707, 13.708, 13.709, 13.71, 13.711, 13.712, 13.713, 13.714, 13.715, 13.716, 13.717, 13.718, 13.719, 13.72, 13.721, 13.722, 13.723, 13.724, 13.725, 13.726, 13.727, 13.728, 13.729, 13.73, 13.731, 13.732, 13.733, 13.734, 13.735, 13.736, 13.737, 13.738, 13.739, 13.74, 13.741, 13.742, 13.743, 13.744, 13.745, 13.746, 13.747, 13.748, 13.749, 13.75, 13.751, 13.752, 13.753, 13.754, 13.755, 13.756, 13.757, 13.758, 13.759, 13.76, 13.761, 13.762, 13.763, 13.764, 13.765, 13.766, 13.767, 13.768, 13.769, 13.77, 13.771, 13.772, 13.773, 13.774, 13.775, 13.776, 13.777, 13.778, 13.779, 13.78, 13.781, 13.782, 13.783, 13.784, 13.785, 13.786, 13.787, 13.788, 13.789, 13.79, 13.791, 13.792, 13.793, 13.794, 13.795, 13.796, 13.797, 13.798, 13.799, 13.8]
---
Round: 53, Unk. prob.: 5.407e-01
Surv probs: 4.592e-01, Fail probs: 3.000e-05
No. of non-dominant rules: 9993, Survival rules: 9984, Failure rules: 9
Batch update: 191 rules added, 0 existing rules removed (0 new rules dominated)
Survival: 191 rules added, 0 removed (from 191 candidates)
Batch update: 1 rules added, 0 existing rules removed (0 new rules dominated)
Failure: 1 rules added, 0 removed (from 1 candidates)
Updated sys_vals: [13.646, 13.649, 13.651, 13.661, 13.663, 13.665, 13.666, 13.667, 13.669, 13.671, 13.674, 13.675, 13.676, 13.679, 13.68, 13.681, 13.682, 13.683, 13.684, 13.685, 13.686, 13.687, 13.688, 13.689, 13.69, 13.691, 13.692, 13.693, 13.694, 13.695, 13.696, 13.697, 13.698, 13.699, 13.7, 13.701, 13.702, 13.703, 13.704, 13.705, 13.706, 13.707, 13.708, 13.709, 13.71, 13.711, 13.712, 13.713, 13.714, 13.715, 13.716, 13.717, 13.718, 13.719, 13.72, 13.721, 13.722, 13.723, 13.724, 13.725, 13.726, 13.727, 13.728, 13.729, 13.73, 13.731, 13.732, 13.733, 13.734, 13.735, 13.736, 13.737, 13.738, 13.739, 13.74, 13.741, 13.742, 13.743, 13.744, 13.745, 13.746, 13.747, 13.748, 13.749, 13.75, 13.751, 13.752, 13.753, 13.754, 13.755, 13.756, 13.757, 13.758, 13.759, 13.76, 13.761, 13.762, 13.763, 13.764, 13.765, 13.766, 13.767, 13.768, 13.769, 13.77, 13.771, 13.772, 13.773, 13.774, 13.775, 13.776, 13.777, 13.778, 13.779, 13.78, 13.781, 13.782, 13.783, 13.784, 13.785, 13.786, 13.787, 13.788, 13.789, 13.79, 13.791, 13.792, 13.793, 13.794, 13.795, 13.796, 13.797, 13.798, 13.799, 13.8, 14.1]
---
Round: 54, Unk. prob.: 5.417e-01
Surv probs: 4.583e-01, Fail probs: 0.000e+00
No. of non-dominant rules: 10185, Survival rules: 10175, Failure rules: 10
Batch update: 192 rules added, 0 existing rules removed (0 new rules dominated)
Survival: 192 rules added, 0 removed (from 192 candidates)
Updated sys_vals: [13.646, 13.649, 13.651, 13.661, 13.663, 13.665, 13.666, 13.667, 13.669, 13.671, 13.674, 13.675, 13.676, 13.679, 13.68, 13.681, 13.682, 13.683, 13.684, 13.685, 13.686, 13.687, 13.688, 13.689, 13.69, 13.691, 13.692, 13.693, 13.694, 13.695, 13.696, 13.697, 13.698, 13.699, 13.7, 13.701, 13.702, 13.703, 13.704, 13.705, 13.706, 13.707, 13.708, 13.709, 13.71, 13.711, 13.712, 13.713, 13.714, 13.715, 13.716, 13.717, 13.718, 13.719, 13.72, 13.721, 13.722, 13.723, 13.724, 13.725, 13.726, 13.727, 13.728, 13.729, 13.73, 13.731, 13.732, 13.733, 13.734, 13.735, 13.736, 13.737, 13.738, 13.739, 13.74, 13.741, 13.742, 13.743, 13.744, 13.745, 13.746, 13.747, 13.748, 13.749, 13.75, 13.751, 13.752, 13.753, 13.754, 13.755, 13.756, 13.757, 13.758, 13.759, 13.76, 13.761, 13.762, 13.763, 13.764, 13.765, 13.766, 13.767, 13.768, 13.769, 13.77, 13.771, 13.772, 13.773, 13.774, 13.775, 13.776, 13.777, 13.778, 13.779, 13.78, 13.781, 13.782, 13.783, 13.784, 13.785, 13.786, 13.787, 13.788, 13.789, 13.79, 13.791, 13.792, 13.793, 13.794, 13.795, 13.796, 13.797, 13.798, 13.799, 13.8, 14.1]
---
Round: 55, Unk. prob.: 5.373e-01
Surv probs: 4.627e-01, Fail probs: 0.000e+00
No. of non-dominant rules: 10377, Survival rules: 10367, Failure rules: 10
Batch update: 192 rules added, 0 existing rules removed (0 new rules dominated)
Survival: 192 rules added, 0 removed (from 192 candidates)
Updated sys_vals: [13.646, 13.649, 13.651, 13.661, 13.663, 13.665, 13.666, 13.667, 13.669, 13.671, 13.674, 13.675, 13.676, 13.678, 13.679, 13.68, 13.681, 13.682, 13.683, 13.684, 13.685, 13.686, 13.687, 13.688, 13.689, 13.69, 13.691, 13.692, 13.693, 13.694, 13.695, 13.696, 13.697, 13.698, 13.699, 13.7, 13.701, 13.702, 13.703, 13.704, 13.705, 13.706, 13.707, 13.708, 13.709, 13.71, 13.711, 13.712, 13.713, 13.714, 13.715, 13.716, 13.717, 13.718, 13.719, 13.72, 13.721, 13.722, 13.723, 13.724, 13.725, 13.726, 13.727, 13.728, 13.729, 13.73, 13.731, 13.732, 13.733, 13.734, 13.735, 13.736, 13.737, 13.738, 13.739, 13.74, 13.741, 13.742, 13.743, 13.744, 13.745, 13.746, 13.747, 13.748, 13.749, 13.75, 13.751, 13.752, 13.753, 13.754, 13.755, 13.756, 13.757, 13.758, 13.759, 13.76, 13.761, 13.762, 13.763, 13.764, 13.765, 13.766, 13.767, 13.768, 13.769, 13.77, 13.771, 13.772, 13.773, 13.774, 13.775, 13.776, 13.777, 13.778, 13.779, 13.78, 13.781, 13.782, 13.783, 13.784, 13.785, 13.786, 13.787, 13.788, 13.789, 13.79, 13.791, 13.792, 13.793, 13.794, 13.795, 13.796, 13.797, 13.798, 13.799, 13.8, 14.1]
---
Round: 56, Unk. prob.: 5.357e-01
Surv probs: 4.643e-01, Fail probs: 1.000e-05
No. of non-dominant rules: 10569, Survival rules: 10559, Failure rules: 10
Batch update: 192 rules added, 0 existing rules removed (0 new rules dominated)
Survival: 192 rules added, 0 removed (from 192 candidates)
Updated sys_vals: [13.646, 13.649, 13.651, 13.661, 13.663, 13.665, 13.666, 13.667, 13.668, 13.669, 13.671, 13.674, 13.675, 13.676, 13.678, 13.679, 13.68, 13.681, 13.682, 13.683, 13.684, 13.685, 13.686, 13.687, 13.688, 13.689, 13.69, 13.691, 13.692, 13.693, 13.694, 13.695, 13.696, 13.697, 13.698, 13.699, 13.7, 13.701, 13.702, 13.703, 13.704, 13.705, 13.706, 13.707, 13.708, 13.709, 13.71, 13.711, 13.712, 13.713, 13.714, 13.715, 13.716, 13.717, 13.718, 13.719, 13.72, 13.721, 13.722, 13.723, 13.724, 13.725, 13.726, 13.727, 13.728, 13.729, 13.73, 13.731, 13.732, 13.733, 13.734, 13.735, 13.736, 13.737, 13.738, 13.739, 13.74, 13.741, 13.742, 13.743, 13.744, 13.745, 13.746, 13.747, 13.748, 13.749, 13.75, 13.751, 13.752, 13.753, 13.754, 13.755, 13.756, 13.757, 13.758, 13.759, 13.76, 13.761, 13.762, 13.763, 13.764, 13.765, 13.766, 13.767, 13.768, 13.769, 13.77, 13.771, 13.772, 13.773, 13.774, 13.775, 13.776, 13.777, 13.778, 13.779, 13.78, 13.781, 13.782, 13.783, 13.784, 13.785, 13.786, 13.787, 13.788, 13.789, 13.79, 13.791, 13.792, 13.793, 13.794, 13.795, 13.796, 13.797, 13.798, 13.799, 13.8, 14.1]
---
Round: 57, Unk. prob.: 5.328e-01
Surv probs: 4.672e-01, Fail probs: 2.000e-05
No. of non-dominant rules: 10761, Survival rules: 10751, Failure rules: 10
Batch update: 192 rules added, 0 existing rules removed (0 new rules dominated)
Survival: 192 rules added, 0 removed (from 192 candidates)
Updated sys_vals: [13.646, 13.649, 13.651, 13.661, 13.663, 13.665, 13.666, 13.667, 13.668, 13.669, 13.671, 13.672, 13.674, 13.675, 13.676, 13.678, 13.679, 13.68, 13.681, 13.682, 13.683, 13.684, 13.685, 13.686, 13.687, 13.688, 13.689, 13.69, 13.691, 13.692, 13.693, 13.694, 13.695, 13.696, 13.697, 13.698, 13.699, 13.7, 13.701, 13.702, 13.703, 13.704, 13.705, 13.706, 13.707, 13.708, 13.709, 13.71, 13.711, 13.712, 13.713, 13.714, 13.715, 13.716, 13.717, 13.718, 13.719, 13.72, 13.721, 13.722, 13.723, 13.724, 13.725, 13.726, 13.727, 13.728, 13.729, 13.73, 13.731, 13.732, 13.733, 13.734, 13.735, 13.736, 13.737, 13.738, 13.739, 13.74, 13.741, 13.742, 13.743, 13.744, 13.745, 13.746, 13.747, 13.748, 13.749, 13.75, 13.751, 13.752, 13.753, 13.754, 13.755, 13.756, 13.757, 13.758, 13.759, 13.76, 13.761, 13.762, 13.763, 13.764, 13.765, 13.766, 13.767, 13.768, 13.769, 13.77, 13.771, 13.772, 13.773, 13.774, 13.775, 13.776, 13.777, 13.778, 13.779, 13.78, 13.781, 13.782, 13.783, 13.784, 13.785, 13.786, 13.787, 13.788, 13.789, 13.79, 13.791, 13.792, 13.793, 13.794, 13.795, 13.796, 13.797, 13.798, 13.799, 13.8, 14.1]
---
Round: 58, Unk. prob.: 5.286e-01
Surv probs: 4.713e-01, Fail probs: 1.000e-05
No. of non-dominant rules: 10953, Survival rules: 10943, Failure rules: 10
Batch update: 192 rules added, 0 existing rules removed (0 new rules dominated)
Survival: 192 rules added, 0 removed (from 192 candidates)
Updated sys_vals: [13.646, 13.649, 13.651, 13.661, 13.663, 13.665, 13.666, 13.667, 13.668, 13.669, 13.671, 13.672, 13.674, 13.675, 13.676, 13.678, 13.679, 13.68, 13.681, 13.682, 13.683, 13.684, 13.685, 13.686, 13.687, 13.688, 13.689, 13.69, 13.691, 13.692, 13.693, 13.694, 13.695, 13.696, 13.697, 13.698, 13.699, 13.7, 13.701, 13.702, 13.703, 13.704, 13.705, 13.706, 13.707, 13.708, 13.709, 13.71, 13.711, 13.712, 13.713, 13.714, 13.715, 13.716, 13.717, 13.718, 13.719, 13.72, 13.721, 13.722, 13.723, 13.724, 13.725, 13.726, 13.727, 13.728, 13.729, 13.73, 13.731, 13.732, 13.733, 13.734, 13.735, 13.736, 13.737, 13.738, 13.739, 13.74, 13.741, 13.742, 13.743, 13.744, 13.745, 13.746, 13.747, 13.748, 13.749, 13.75, 13.751, 13.752, 13.753, 13.754, 13.755, 13.756, 13.757, 13.758, 13.759, 13.76, 13.761, 13.762, 13.763, 13.764, 13.765, 13.766, 13.767, 13.768, 13.769, 13.77, 13.771, 13.772, 13.773, 13.774, 13.775, 13.776, 13.777, 13.778, 13.779, 13.78, 13.781, 13.782, 13.783, 13.784, 13.785, 13.786, 13.787, 13.788, 13.789, 13.79, 13.791, 13.792, 13.793, 13.794, 13.795, 13.796, 13.797, 13.798, 13.799, 13.8, 14.1]
---
Round: 59, Unk. prob.: 5.294e-01
Surv probs: 4.706e-01, Fail probs: 1.000e-05
No. of non-dominant rules: 11145, Survival rules: 11135, Failure rules: 10
Batch update: 192 rules added, 0 existing rules removed (0 new rules dominated)
Survival: 192 rules added, 0 removed (from 192 candidates)
Updated sys_vals: [13.646, 13.649, 13.651, 13.661, 13.663, 13.664, 13.665, 13.666, 13.667, 13.668, 13.669, 13.671, 13.672, 13.674, 13.675, 13.676, 13.678, 13.679, 13.68, 13.681, 13.682, 13.683, 13.684, 13.685, 13.686, 13.687, 13.688, 13.689, 13.69, 13.691, 13.692, 13.693, 13.694, 13.695, 13.696, 13.697, 13.698, 13.699, 13.7, 13.701, 13.702, 13.703, 13.704, 13.705, 13.706, 13.707, 13.708, 13.709, 13.71, 13.711, 13.712, 13.713, 13.714, 13.715, 13.716, 13.717, 13.718, 13.719, 13.72, 13.721, 13.722, 13.723, 13.724, 13.725, 13.726, 13.727, 13.728, 13.729, 13.73, 13.731, 13.732, 13.733, 13.734, 13.735, 13.736, 13.737, 13.738, 13.739, 13.74, 13.741, 13.742, 13.743, 13.744, 13.745, 13.746, 13.747, 13.748, 13.749, 13.75, 13.751, 13.752, 13.753, 13.754, 13.755, 13.756, 13.757, 13.758, 13.759, 13.76, 13.761, 13.762, 13.763, 13.764, 13.765, 13.766, 13.767, 13.768, 13.769, 13.77, 13.771, 13.772, 13.773, 13.774, 13.775, 13.776, 13.777, 13.778, 13.779, 13.78, 13.781, 13.782, 13.783, 13.784, 13.785, 13.786, 13.787, 13.788, 13.789, 13.79, 13.791, 13.792, 13.793, 13.794, 13.795, 13.796, 13.797, 13.798, 13.799, 13.8, 14.1]
---
Round: 60, Unk. prob.: 5.265e-01
Surv probs: 4.735e-01, Fail probs: 0.000e+00
No. of non-dominant rules: 11337, Survival rules: 11327, Failure rules: 10
Batch update: 192 rules added, 0 existing rules removed (0 new rules dominated)
Survival: 192 rules added, 0 removed (from 192 candidates)
Updated sys_vals: [13.646, 13.649, 13.651, 13.661, 13.663, 13.664, 13.665, 13.666, 13.667, 13.668, 13.669, 13.671, 13.672, 13.674, 13.675, 13.676, 13.678, 13.679, 13.68, 13.681, 13.682, 13.683, 13.684, 13.685, 13.686, 13.687, 13.688, 13.689, 13.69, 13.691, 13.692, 13.693, 13.694, 13.695, 13.696, 13.697, 13.698, 13.699, 13.7, 13.701, 13.702, 13.703, 13.704, 13.705, 13.706, 13.707, 13.708, 13.709, 13.71, 13.711, 13.712, 13.713, 13.714, 13.715, 13.716, 13.717, 13.718, 13.719, 13.72, 13.721, 13.722, 13.723, 13.724, 13.725, 13.726, 13.727, 13.728, 13.729, 13.73, 13.731, 13.732, 13.733, 13.734, 13.735, 13.736, 13.737, 13.738, 13.739, 13.74, 13.741, 13.742, 13.743, 13.744, 13.745, 13.746, 13.747, 13.748, 13.749, 13.75, 13.751, 13.752, 13.753, 13.754, 13.755, 13.756, 13.757, 13.758, 13.759, 13.76, 13.761, 13.762, 13.763, 13.764, 13.765, 13.766, 13.767, 13.768, 13.769, 13.77, 13.771, 13.772, 13.773, 13.774, 13.775, 13.776, 13.777, 13.778, 13.779, 13.78, 13.781, 13.782, 13.783, 13.784, 13.785, 13.786, 13.787, 13.788, 13.789, 13.79, 13.791, 13.792, 13.793, 13.794, 13.795, 13.796, 13.797, 13.798, 13.799, 13.8, 14.1]
---
Round: 61, Unk. prob.: 5.248e-01
Surv probs: 4.752e-01, Fail probs: 0.000e+00
No. of non-dominant rules: 11529, Survival rules: 11519, Failure rules: 10
Batch update: 192 rules added, 0 existing rules removed (0 new rules dominated)
Survival: 192 rules added, 0 removed (from 192 candidates)
Updated sys_vals: [13.646, 13.649, 13.651, 13.661, 13.663, 13.664, 13.665, 13.666, 13.667, 13.668, 13.669, 13.67, 13.671, 13.672, 13.674, 13.675, 13.676, 13.678, 13.679, 13.68, 13.681, 13.682, 13.683, 13.684, 13.685, 13.686, 13.687, 13.688, 13.689, 13.69, 13.691, 13.692, 13.693, 13.694, 13.695, 13.696, 13.697, 13.698, 13.699, 13.7, 13.701, 13.702, 13.703, 13.704, 13.705, 13.706, 13.707, 13.708, 13.709, 13.71, 13.711, 13.712, 13.713, 13.714, 13.715, 13.716, 13.717, 13.718, 13.719, 13.72, 13.721, 13.722, 13.723, 13.724, 13.725, 13.726, 13.727, 13.728, 13.729, 13.73, 13.731, 13.732, 13.733, 13.734, 13.735, 13.736, 13.737, 13.738, 13.739, 13.74, 13.741, 13.742, 13.743, 13.744, 13.745, 13.746, 13.747, 13.748, 13.749, 13.75, 13.751, 13.752, 13.753, 13.754, 13.755, 13.756, 13.757, 13.758, 13.759, 13.76, 13.761, 13.762, 13.763, 13.764, 13.765, 13.766, 13.767, 13.768, 13.769, 13.77, 13.771, 13.772, 13.773, 13.774, 13.775, 13.776, 13.777, 13.778, 13.779, 13.78, 13.781, 13.782, 13.783, 13.784, 13.785, 13.786, 13.787, 13.788, 13.789, 13.79, 13.791, 13.792, 13.793, 13.794, 13.795, 13.796, 13.797, 13.798, 13.799, 13.8, 14.1]
---
Round: 62, Unk. prob.: 5.222e-01
Surv probs: 4.778e-01, Fail probs: 1.000e-05
No. of non-dominant rules: 11721, Survival rules: 11711, Failure rules: 10
Batch update: 192 rules added, 0 existing rules removed (0 new rules dominated)
Survival: 192 rules added, 0 removed (from 192 candidates)
Updated sys_vals: [13.646, 13.649, 13.651, 13.661, 13.663, 13.664, 13.665, 13.666, 13.667, 13.668, 13.669, 13.67, 13.671, 13.672, 13.674, 13.675, 13.676, 13.678, 13.679, 13.68, 13.681, 13.682, 13.683, 13.684, 13.685, 13.686, 13.687, 13.688, 13.689, 13.69, 13.691, 13.692, 13.693, 13.694, 13.695, 13.696, 13.697, 13.698, 13.699, 13.7, 13.701, 13.702, 13.703, 13.704, 13.705, 13.706, 13.707, 13.708, 13.709, 13.71, 13.711, 13.712, 13.713, 13.714, 13.715, 13.716, 13.717, 13.718, 13.719, 13.72, 13.721, 13.722, 13.723, 13.724, 13.725, 13.726, 13.727, 13.728, 13.729, 13.73, 13.731, 13.732, 13.733, 13.734, 13.735, 13.736, 13.737, 13.738, 13.739, 13.74, 13.741, 13.742, 13.743, 13.744, 13.745, 13.746, 13.747, 13.748, 13.749, 13.75, 13.751, 13.752, 13.753, 13.754, 13.755, 13.756, 13.757, 13.758, 13.759, 13.76, 13.761, 13.762, 13.763, 13.764, 13.765, 13.766, 13.767, 13.768, 13.769, 13.77, 13.771, 13.772, 13.773, 13.774, 13.775, 13.776, 13.777, 13.778, 13.779, 13.78, 13.781, 13.782, 13.783, 13.784, 13.785, 13.786, 13.787, 13.788, 13.789, 13.79, 13.791, 13.792, 13.793, 13.794, 13.795, 13.796, 13.797, 13.798, 13.799, 13.8, 14.1]
---
Round: 63, Unk. prob.: 5.185e-01
Surv probs: 4.815e-01, Fail probs: 3.000e-05
No. of non-dominant rules: 11913, Survival rules: 11903, Failure rules: 10
Batch update: 192 rules added, 0 existing rules removed (0 new rules dominated)
Survival: 192 rules added, 0 removed (from 192 candidates)
Updated sys_vals: [13.646, 13.649, 13.651, 13.656, 13.659, 13.661, 13.663, 13.664, 13.665, 13.666, 13.667, 13.668, 13.669, 13.67, 13.671, 13.672, 13.674, 13.675, 13.676, 13.678, 13.679, 13.68, 13.681, 13.682, 13.683, 13.684, 13.685, 13.686, 13.687, 13.688, 13.689, 13.69, 13.691, 13.692, 13.693, 13.694, 13.695, 13.696, 13.697, 13.698, 13.699, 13.7, 13.701, 13.702, 13.703, 13.704, 13.705, 13.706, 13.707, 13.708, 13.709, 13.71, 13.711, 13.712, 13.713, 13.714, 13.715, 13.716, 13.717, 13.718, 13.719, 13.72, 13.721, 13.722, 13.723, 13.724, 13.725, 13.726, 13.727, 13.728, 13.729, 13.73, 13.731, 13.732, 13.733, 13.734, 13.735, 13.736, 13.737, 13.738, 13.739, 13.74, 13.741, 13.742, 13.743, 13.744, 13.745, 13.746, 13.747, 13.748, 13.749, 13.75, 13.751, 13.752, 13.753, 13.754, 13.755, 13.756, 13.757, 13.758, 13.759, 13.76, 13.761, 13.762, 13.763, 13.764, 13.765, 13.766, 13.767, 13.768, 13.769, 13.77, 13.771, 13.772, 13.773, 13.774, 13.775, 13.776, 13.777, 13.778, 13.779, 13.78, 13.781, 13.782, 13.783, 13.784, 13.785, 13.786, 13.787, 13.788, 13.789, 13.79, 13.791, 13.792, 13.793, 13.794, 13.795, 13.796, 13.797, 13.798, 13.799, 13.8, 14.1]
---
Round: 64, Unk. prob.: 5.170e-01
Surv probs: 4.830e-01, Fail probs: 0.000e+00
No. of non-dominant rules: 12105, Survival rules: 12095, Failure rules: 10
Batch update: 192 rules added, 0 existing rules removed (0 new rules dominated)
Survival: 192 rules added, 0 removed (from 192 candidates)
Updated sys_vals: [13.646, 13.649, 13.651, 13.656, 13.659, 13.661, 13.663, 13.664, 13.665, 13.666, 13.667, 13.668, 13.669, 13.67, 13.671, 13.672, 13.674, 13.675, 13.676, 13.678, 13.679, 13.68, 13.681, 13.682, 13.683, 13.684, 13.685, 13.686, 13.687, 13.688, 13.689, 13.69, 13.691, 13.692, 13.693, 13.694, 13.695, 13.696, 13.697, 13.698, 13.699, 13.7, 13.701, 13.702, 13.703, 13.704, 13.705, 13.706, 13.707, 13.708, 13.709, 13.71, 13.711, 13.712, 13.713, 13.714, 13.715, 13.716, 13.717, 13.718, 13.719, 13.72, 13.721, 13.722, 13.723, 13.724, 13.725, 13.726, 13.727, 13.728, 13.729, 13.73, 13.731, 13.732, 13.733, 13.734, 13.735, 13.736, 13.737, 13.738, 13.739, 13.74, 13.741, 13.742, 13.743, 13.744, 13.745, 13.746, 13.747, 13.748, 13.749, 13.75, 13.751, 13.752, 13.753, 13.754, 13.755, 13.756, 13.757, 13.758, 13.759, 13.76, 13.761, 13.762, 13.763, 13.764, 13.765, 13.766, 13.767, 13.768, 13.769, 13.77, 13.771, 13.772, 13.773, 13.774, 13.775, 13.776, 13.777, 13.778, 13.779, 13.78, 13.781, 13.782, 13.783, 13.784, 13.785, 13.786, 13.787, 13.788, 13.789, 13.79, 13.791, 13.792, 13.793, 13.794, 13.795, 13.796, 13.797, 13.798, 13.799, 13.8, 14.1]
---
Round: 65, Unk. prob.: 5.141e-01
Surv probs: 4.859e-01, Fail probs: 0.000e+00
No. of non-dominant rules: 12297, Survival rules: 12287, Failure rules: 10
Batch update: 192 rules added, 0 existing rules removed (0 new rules dominated)
Survival: 192 rules added, 0 removed (from 192 candidates)
Updated sys_vals: [13.646, 13.649, 13.651, 13.656, 13.659, 13.661, 13.663, 13.664, 13.665, 13.666, 13.667, 13.668, 13.669, 13.67, 13.671, 13.672, 13.674, 13.675, 13.676, 13.678, 13.679, 13.68, 13.681, 13.682, 13.683, 13.684, 13.685, 13.686, 13.687, 13.688, 13.689, 13.69, 13.691, 13.692, 13.693, 13.694, 13.695, 13.696, 13.697, 13.698, 13.699, 13.7, 13.701, 13.702, 13.703, 13.704, 13.705, 13.706, 13.707, 13.708, 13.709, 13.71, 13.711, 13.712, 13.713, 13.714, 13.715, 13.716, 13.717, 13.718, 13.719, 13.72, 13.721, 13.722, 13.723, 13.724, 13.725, 13.726, 13.727, 13.728, 13.729, 13.73, 13.731, 13.732, 13.733, 13.734, 13.735, 13.736, 13.737, 13.738, 13.739, 13.74, 13.741, 13.742, 13.743, 13.744, 13.745, 13.746, 13.747, 13.748, 13.749, 13.75, 13.751, 13.752, 13.753, 13.754, 13.755, 13.756, 13.757, 13.758, 13.759, 13.76, 13.761, 13.762, 13.763, 13.764, 13.765, 13.766, 13.767, 13.768, 13.769, 13.77, 13.771, 13.772, 13.773, 13.774, 13.775, 13.776, 13.777, 13.778, 13.779, 13.78, 13.781, 13.782, 13.783, 13.784, 13.785, 13.786, 13.787, 13.788, 13.789, 13.79, 13.791, 13.792, 13.793, 13.794, 13.795, 13.796, 13.797, 13.798, 13.799, 13.8, 14.1]
---
Round: 66, Unk. prob.: 5.108e-01
Surv probs: 4.891e-01, Fail probs: 1.000e-05
No. of non-dominant rules: 12489, Survival rules: 12479, Failure rules: 10
Batch update: 192 rules added, 0 existing rules removed (0 new rules dominated)
Survival: 192 rules added, 0 removed (from 192 candidates)
Updated sys_vals: [13.646, 13.649, 13.651, 13.656, 13.659, 13.661, 13.663, 13.664, 13.665, 13.666, 13.667, 13.668, 13.669, 13.67, 13.671, 13.672, 13.674, 13.675, 13.676, 13.678, 13.679, 13.68, 13.681, 13.682, 13.683, 13.684, 13.685, 13.686, 13.687, 13.688, 13.689, 13.69, 13.691, 13.692, 13.693, 13.694, 13.695, 13.696, 13.697, 13.698, 13.699, 13.7, 13.701, 13.702, 13.703, 13.704, 13.705, 13.706, 13.707, 13.708, 13.709, 13.71, 13.711, 13.712, 13.713, 13.714, 13.715, 13.716, 13.717, 13.718, 13.719, 13.72, 13.721, 13.722, 13.723, 13.724, 13.725, 13.726, 13.727, 13.728, 13.729, 13.73, 13.731, 13.732, 13.733, 13.734, 13.735, 13.736, 13.737, 13.738, 13.739, 13.74, 13.741, 13.742, 13.743, 13.744, 13.745, 13.746, 13.747, 13.748, 13.749, 13.75, 13.751, 13.752, 13.753, 13.754, 13.755, 13.756, 13.757, 13.758, 13.759, 13.76, 13.761, 13.762, 13.763, 13.764, 13.765, 13.766, 13.767, 13.768, 13.769, 13.77, 13.771, 13.772, 13.773, 13.774, 13.775, 13.776, 13.777, 13.778, 13.779, 13.78, 13.781, 13.782, 13.783, 13.784, 13.785, 13.786, 13.787, 13.788, 13.789, 13.79, 13.791, 13.792, 13.793, 13.794, 13.795, 13.796, 13.797, 13.798, 13.799, 13.8, 14.1]
---
Round: 67, Unk. prob.: 5.123e-01
Surv probs: 4.877e-01, Fail probs: 0.000e+00
No. of non-dominant rules: 12681, Survival rules: 12671, Failure rules: 10
Batch update: 192 rules added, 0 existing rules removed (0 new rules dominated)
Survival: 192 rules added, 0 removed (from 192 candidates)
Updated sys_vals: [13.646, 13.649, 13.651, 13.656, 13.659, 13.661, 13.663, 13.664, 13.665, 13.666, 13.667, 13.668, 13.669, 13.67, 13.671, 13.672, 13.674, 13.675, 13.676, 13.678, 13.679, 13.68, 13.681, 13.682, 13.683, 13.684, 13.685, 13.686, 13.687, 13.688, 13.689, 13.69, 13.691, 13.692, 13.693, 13.694, 13.695, 13.696, 13.697, 13.698, 13.699, 13.7, 13.701, 13.702, 13.703, 13.704, 13.705, 13.706, 13.707, 13.708, 13.709, 13.71, 13.711, 13.712, 13.713, 13.714, 13.715, 13.716, 13.717, 13.718, 13.719, 13.72, 13.721, 13.722, 13.723, 13.724, 13.725, 13.726, 13.727, 13.728, 13.729, 13.73, 13.731, 13.732, 13.733, 13.734, 13.735, 13.736, 13.737, 13.738, 13.739, 13.74, 13.741, 13.742, 13.743, 13.744, 13.745, 13.746, 13.747, 13.748, 13.749, 13.75, 13.751, 13.752, 13.753, 13.754, 13.755, 13.756, 13.757, 13.758, 13.759, 13.76, 13.761, 13.762, 13.763, 13.764, 13.765, 13.766, 13.767, 13.768, 13.769, 13.77, 13.771, 13.772, 13.773, 13.774, 13.775, 13.776, 13.777, 13.778, 13.779, 13.78, 13.781, 13.782, 13.783, 13.784, 13.785, 13.786, 13.787, 13.788, 13.789, 13.79, 13.791, 13.792, 13.793, 13.794, 13.795, 13.796, 13.797, 13.798, 13.799, 13.8, 14.1]
---
Round: 68, Unk. prob.: 5.057e-01
Surv probs: 4.943e-01, Fail probs: 1.000e-05
No. of non-dominant rules: 12873, Survival rules: 12863, Failure rules: 10
Batch update: 192 rules added, 0 existing rules removed (0 new rules dominated)
Survival: 192 rules added, 0 removed (from 192 candidates)
Updated sys_vals: [13.646, 13.649, 13.651, 13.656, 13.659, 13.661, 13.663, 13.664, 13.665, 13.666, 13.667, 13.668, 13.669, 13.67, 13.671, 13.672, 13.674, 13.675, 13.676, 13.678, 13.679, 13.68, 13.681, 13.682, 13.683, 13.684, 13.685, 13.686, 13.687, 13.688, 13.689, 13.69, 13.691, 13.692, 13.693, 13.694, 13.695, 13.696, 13.697, 13.698, 13.699, 13.7, 13.701, 13.702, 13.703, 13.704, 13.705, 13.706, 13.707, 13.708, 13.709, 13.71, 13.711, 13.712, 13.713, 13.714, 13.715, 13.716, 13.717, 13.718, 13.719, 13.72, 13.721, 13.722, 13.723, 13.724, 13.725, 13.726, 13.727, 13.728, 13.729, 13.73, 13.731, 13.732, 13.733, 13.734, 13.735, 13.736, 13.737, 13.738, 13.739, 13.74, 13.741, 13.742, 13.743, 13.744, 13.745, 13.746, 13.747, 13.748, 13.749, 13.75, 13.751, 13.752, 13.753, 13.754, 13.755, 13.756, 13.757, 13.758, 13.759, 13.76, 13.761, 13.762, 13.763, 13.764, 13.765, 13.766, 13.767, 13.768, 13.769, 13.77, 13.771, 13.772, 13.773, 13.774, 13.775, 13.776, 13.777, 13.778, 13.779, 13.78, 13.781, 13.782, 13.783, 13.784, 13.785, 13.786, 13.787, 13.788, 13.789, 13.79, 13.791, 13.792, 13.793, 13.794, 13.795, 13.796, 13.797, 13.798, 13.799, 13.8, 14.1]
---
Round: 69, Unk. prob.: 5.064e-01
Surv probs: 4.936e-01, Fail probs: 0.000e+00
No. of non-dominant rules: 13065, Survival rules: 13055, Failure rules: 10
Batch update: 192 rules added, 0 existing rules removed (0 new rules dominated)
Survival: 192 rules added, 0 removed (from 192 candidates)
Updated sys_vals: [13.646, 13.649, 13.651, 13.656, 13.659, 13.661, 13.663, 13.664, 13.665, 13.666, 13.667, 13.668, 13.669, 13.67, 13.671, 13.672, 13.674, 13.675, 13.676, 13.678, 13.679, 13.68, 13.681, 13.682, 13.683, 13.684, 13.685, 13.686, 13.687, 13.688, 13.689, 13.69, 13.691, 13.692, 13.693, 13.694, 13.695, 13.696, 13.697, 13.698, 13.699, 13.7, 13.701, 13.702, 13.703, 13.704, 13.705, 13.706, 13.707, 13.708, 13.709, 13.71, 13.711, 13.712, 13.713, 13.714, 13.715, 13.716, 13.717, 13.718, 13.719, 13.72, 13.721, 13.722, 13.723, 13.724, 13.725, 13.726, 13.727, 13.728, 13.729, 13.73, 13.731, 13.732, 13.733, 13.734, 13.735, 13.736, 13.737, 13.738, 13.739, 13.74, 13.741, 13.742, 13.743, 13.744, 13.745, 13.746, 13.747, 13.748, 13.749, 13.75, 13.751, 13.752, 13.753, 13.754, 13.755, 13.756, 13.757, 13.758, 13.759, 13.76, 13.761, 13.762, 13.763, 13.764, 13.765, 13.766, 13.767, 13.768, 13.769, 13.77, 13.771, 13.772, 13.773, 13.774, 13.775, 13.776, 13.777, 13.778, 13.779, 13.78, 13.781, 13.782, 13.783, 13.784, 13.785, 13.786, 13.787, 13.788, 13.789, 13.79, 13.791, 13.792, 13.793, 13.794, 13.795, 13.796, 13.797, 13.798, 13.799, 13.8, 14.1]
---
Round: 70, Unk. prob.: 5.034e-01
Surv probs: 4.966e-01, Fail probs: 1.000e-05
No. of non-dominant rules: 13257, Survival rules: 13247, Failure rules: 10
Batch update: 192 rules added, 0 existing rules removed (0 new rules dominated)
Survival: 192 rules added, 0 removed (from 192 candidates)
Updated sys_vals: [13.646, 13.649, 13.651, 13.656, 13.659, 13.661, 13.663, 13.664, 13.665, 13.666, 13.667, 13.668, 13.669, 13.67, 13.671, 13.672, 13.674, 13.675, 13.676, 13.678, 13.679, 13.68, 13.681, 13.682, 13.683, 13.684, 13.685, 13.686, 13.687, 13.688, 13.689, 13.69, 13.691, 13.692, 13.693, 13.694, 13.695, 13.696, 13.697, 13.698, 13.699, 13.7, 13.701, 13.702, 13.703, 13.704, 13.705, 13.706, 13.707, 13.708, 13.709, 13.71, 13.711, 13.712, 13.713, 13.714, 13.715, 13.716, 13.717, 13.718, 13.719, 13.72, 13.721, 13.722, 13.723, 13.724, 13.725, 13.726, 13.727, 13.728, 13.729, 13.73, 13.731, 13.732, 13.733, 13.734, 13.735, 13.736, 13.737, 13.738, 13.739, 13.74, 13.741, 13.742, 13.743, 13.744, 13.745, 13.746, 13.747, 13.748, 13.749, 13.75, 13.751, 13.752, 13.753, 13.754, 13.755, 13.756, 13.757, 13.758, 13.759, 13.76, 13.761, 13.762, 13.763, 13.764, 13.765, 13.766, 13.767, 13.768, 13.769, 13.77, 13.771, 13.772, 13.773, 13.774, 13.775, 13.776, 13.777, 13.778, 13.779, 13.78, 13.781, 13.782, 13.783, 13.784, 13.785, 13.786, 13.787, 13.788, 13.789, 13.79, 13.791, 13.792, 13.793, 13.794, 13.795, 13.796, 13.797, 13.798, 13.799, 13.8, 14.1]
---
Round: 71, Unk. prob.: 5.027e-01
Surv probs: 4.973e-01, Fail probs: 3.000e-05
No. of non-dominant rules: 13449, Survival rules: 13439, Failure rules: 10
Batch update: 192 rules added, 0 existing rules removed (0 new rules dominated)
Survival: 192 rules added, 0 removed (from 192 candidates)
Updated sys_vals: [13.614, 13.646, 13.649, 13.651, 13.656, 13.659, 13.661, 13.663, 13.664, 13.665, 13.666, 13.667, 13.668, 13.669, 13.67, 13.671, 13.672, 13.674, 13.675, 13.676, 13.678, 13.679, 13.68, 13.681, 13.682, 13.683, 13.684, 13.685, 13.686, 13.687, 13.688, 13.689, 13.69, 13.691, 13.692, 13.693, 13.694, 13.695, 13.696, 13.697, 13.698, 13.699, 13.7, 13.701, 13.702, 13.703, 13.704, 13.705, 13.706, 13.707, 13.708, 13.709, 13.71, 13.711, 13.712, 13.713, 13.714, 13.715, 13.716, 13.717, 13.718, 13.719, 13.72, 13.721, 13.722, 13.723, 13.724, 13.725, 13.726, 13.727, 13.728, 13.729, 13.73, 13.731, 13.732, 13.733, 13.734, 13.735, 13.736, 13.737, 13.738, 13.739, 13.74, 13.741, 13.742, 13.743, 13.744, 13.745, 13.746, 13.747, 13.748, 13.749, 13.75, 13.751, 13.752, 13.753, 13.754, 13.755, 13.756, 13.757, 13.758, 13.759, 13.76, 13.761, 13.762, 13.763, 13.764, 13.765, 13.766, 13.767, 13.768, 13.769, 13.77, 13.771, 13.772, 13.773, 13.774, 13.775, 13.776, 13.777, 13.778, 13.779, 13.78, 13.781, 13.782, 13.783, 13.784, 13.785, 13.786, 13.787, 13.788, 13.789, 13.79, 13.791, 13.792, 13.793, 13.794, 13.795, 13.796, 13.797, 13.798, 13.799, 13.8, 14.1]
---
Round: 72, Unk. prob.: 5.007e-01
Surv probs: 4.993e-01, Fail probs: 2.000e-05
No. of non-dominant rules: 13641, Survival rules: 13631, Failure rules: 10
Batch update: 192 rules added, 0 existing rules removed (0 new rules dominated)
Survival: 192 rules added, 0 removed (from 192 candidates)
Updated sys_vals: [13.614, 13.646, 13.649, 13.651, 13.656, 13.659, 13.661, 13.663, 13.664, 13.665, 13.666, 13.667, 13.668, 13.669, 13.67, 13.671, 13.672, 13.674, 13.675, 13.676, 13.678, 13.679, 13.68, 13.681, 13.682, 13.683, 13.684, 13.685, 13.686, 13.687, 13.688, 13.689, 13.69, 13.691, 13.692, 13.693, 13.694, 13.695, 13.696, 13.697, 13.698, 13.699, 13.7, 13.701, 13.702, 13.703, 13.704, 13.705, 13.706, 13.707, 13.708, 13.709, 13.71, 13.711, 13.712, 13.713, 13.714, 13.715, 13.716, 13.717, 13.718, 13.719, 13.72, 13.721, 13.722, 13.723, 13.724, 13.725, 13.726, 13.727, 13.728, 13.729, 13.73, 13.731, 13.732, 13.733, 13.734, 13.735, 13.736, 13.737, 13.738, 13.739, 13.74, 13.741, 13.742, 13.743, 13.744, 13.745, 13.746, 13.747, 13.748, 13.749, 13.75, 13.751, 13.752, 13.753, 13.754, 13.755, 13.756, 13.757, 13.758, 13.759, 13.76, 13.761, 13.762, 13.763, 13.764, 13.765, 13.766, 13.767, 13.768, 13.769, 13.77, 13.771, 13.772, 13.773, 13.774, 13.775, 13.776, 13.777, 13.778, 13.779, 13.78, 13.781, 13.782, 13.783, 13.784, 13.785, 13.786, 13.787, 13.788, 13.789, 13.79, 13.791, 13.792, 13.793, 13.794, 13.795, 13.796, 13.797, 13.798, 13.799, 13.8, 14.1]
---
Round: 73, Unk. prob.: 5.005e-01
Surv probs: 4.995e-01, Fail probs: 1.000e-05
No. of non-dominant rules: 13833, Survival rules: 13823, Failure rules: 10
Batch update: 192 rules added, 0 existing rules removed (0 new rules dominated)
Survival: 192 rules added, 0 removed (from 192 candidates)
Updated sys_vals: [13.614, 13.646, 13.649, 13.651, 13.656, 13.659, 13.661, 13.663, 13.664, 13.665, 13.666, 13.667, 13.668, 13.669, 13.67, 13.671, 13.672, 13.674, 13.675, 13.676, 13.678, 13.679, 13.68, 13.681, 13.682, 13.683, 13.684, 13.685, 13.686, 13.687, 13.688, 13.689, 13.69, 13.691, 13.692, 13.693, 13.694, 13.695, 13.696, 13.697, 13.698, 13.699, 13.7, 13.701, 13.702, 13.703, 13.704, 13.705, 13.706, 13.707, 13.708, 13.709, 13.71, 13.711, 13.712, 13.713, 13.714, 13.715, 13.716, 13.717, 13.718, 13.719, 13.72, 13.721, 13.722, 13.723, 13.724, 13.725, 13.726, 13.727, 13.728, 13.729, 13.73, 13.731, 13.732, 13.733, 13.734, 13.735, 13.736, 13.737, 13.738, 13.739, 13.74, 13.741, 13.742, 13.743, 13.744, 13.745, 13.746, 13.747, 13.748, 13.749, 13.75, 13.751, 13.752, 13.753, 13.754, 13.755, 13.756, 13.757, 13.758, 13.759, 13.76, 13.761, 13.762, 13.763, 13.764, 13.765, 13.766, 13.767, 13.768, 13.769, 13.77, 13.771, 13.772, 13.773, 13.774, 13.775, 13.776, 13.777, 13.778, 13.779, 13.78, 13.781, 13.782, 13.783, 13.784, 13.785, 13.786, 13.787, 13.788, 13.789, 13.79, 13.791, 13.792, 13.793, 13.794, 13.795, 13.796, 13.797, 13.798, 13.799, 13.8, 14.1]
---
Round: 74, Unk. prob.: 4.990e-01
Surv probs: 5.009e-01, Fail probs: 2.000e-05
No. of non-dominant rules: 14025, Survival rules: 14015, Failure rules: 10
