Generating random network data rg1 with params: {'n_nodes': 60, 'radius': 0.25, 'p_fail': 0.05} ..
Try 1/100 with seed=7 ...
/scratch/w84/hxr547/tsum/communication/whats_tsum/scripts/../../../../network-datasets/ndtools/graphs.py:158: UserWarning: This figure includes Axes that are not compatible with tight_layout, so results might be incorrect.
  plt.tight_layout()
Found connected graph on try 1 (seed=7). Wrote: /scratch/w84/hxr547/tsum/communication/whats_tsum/results/rg1/v1
k: 2 vs target_g_conn: 1
Graph has 60 nodes and 263 edges
Hub node is n14 with degree 15
Destination node is n10 at distance 6 from hub
Using igraph-accelerated system functions
ML-guided optimization: ENABLED (n_vars=263, n_state=2)
Parallel mode: 48 CPU workers for sfun + minimization
---
Round: 1, Unk. prob.: 1.000e+00
Surv probs: 0.000e+00, Fail probs: 0.000e+00
No. of non-dominant rules: 0, Survival rules: 0, Failure rules: 0
Batch update: 48 rules added, 0 existing rules removed (0 new rules dominated)
Survival: 48 rules added, 0 removed (from 48 candidates)
Updated sys_vals: ['connected']
---
Round: 2, Unk. prob.: 1.000e+00
Surv probs: 0.000e+00, Fail probs: 0.000e+00
No. of non-dominant rules: 48, Survival rules: 48, Failure rules: 0
Batch update: 1 rules added, 0 existing rules removed (47 new rules dominated)
Failure: 1 rules added, 0 removed (from 48 candidates)
Updated sys_vals: ['connected', 'disconnected']
---
Round: 3, Unk. prob.: 2.650e-03
Surv probs: 9.973e-01, Fail probs: 0.000e+00
No. of non-dominant rules: 49, Survival rules: 48, Failure rules: 1
Batch update: 1 rules added, 0 existing rules removed (0 new rules dominated)
Failure: 1 rules added, 0 removed (from 1 candidates)
Updated sys_vals: ['connected', 'disconnected']
---
[Final results] Probs: 'surv':  9.975e-01, 'fail':  2.498e-03, 'unkn':  4.700e-06
ML-guided optimization: ENABLED (n_vars=263, n_state=2)
Parallel mode: 48 CPU workers for sfun + minimization
---
Round: 1, Unk. prob.: 1.000e+00
Surv probs: 0.000e+00, Fail probs: 0.000e+00
No. of non-dominant rules: 0, Survival rules: 0, Failure rules: 0
Batch update: 48 rules added, 0 existing rules removed (0 new rules dominated)
Survival: 48 rules added, 0 removed (from 48 candidates)
Updated sys_vals: [1]
---
Round: 2, Unk. prob.: 1.000e+00
Surv probs: 0.000e+00, Fail probs: 0.000e+00
No. of non-dominant rules: 48, Survival rules: 48, Failure rules: 0
Batch update: 48 rules added, 0 existing rules removed (0 new rules dominated)
Survival: 48 rules added, 0 removed (from 48 candidates)
Updated sys_vals: [1]
---
Round: 3, Unk. prob.: 2.825e-01
Surv probs: 7.175e-01, Fail probs: 0.000e+00
No. of non-dominant rules: 96, Survival rules: 96, Failure rules: 0
Batch update: 47 rules added, 0 existing rules removed (0 new rules dominated)
Survival: 47 rules added, 0 removed (from 47 candidates)
Batch update: 1 rules added, 0 existing rules removed (0 new rules dominated)
Failure: 1 rules added, 0 removed (from 1 candidates)
Updated sys_vals: [0, 1]
---
Round: 4, Unk. prob.: 1.458e-01
Surv probs: 8.542e-01, Fail probs: 0.000e+00
No. of non-dominant rules: 144, Survival rules: 143, Failure rules: 1
ML classifier retrained (round 4)
Batch update: 48 rules added, 0 existing rules removed (0 new rules dominated)
Survival: 48 rules added, 0 removed (from 48 candidates)
Updated sys_vals: [0, 1]
---
Round: 5, Unk. prob.: 8.996e-02
Surv probs: 9.076e-01, Fail probs: 2.470e-03
No. of non-dominant rules: 192, Survival rules: 191, Failure rules: 1
Batch update: 48 rules added, 0 existing rules removed (0 new rules dominated)
Survival: 48 rules added, 0 removed (from 48 candidates)
Updated sys_vals: [0, 1]
---
Round: 6, Unk. prob.: 8.650e-02
Surv probs: 9.110e-01, Fail probs: 2.510e-03
No. of non-dominant rules: 240, Survival rules: 239, Failure rules: 1
Batch update: 47 rules added, 0 existing rules removed (0 new rules dominated)
Survival: 47 rules added, 0 removed (from 47 candidates)
Batch update: 1 rules added, 0 existing rules removed (0 new rules dominated)
Failure: 1 rules added, 0 removed (from 1 candidates)
Updated sys_vals: [0, 1]
---
Round: 7, Unk. prob.: 8.367e-02
Surv probs: 9.142e-01, Fail probs: 2.140e-03
No. of non-dominant rules: 288, Survival rules: 286, Failure rules: 2
ML classifier retrained (round 7)
Batch update: 48 rules added, 0 existing rules removed (0 new rules dominated)
Survival: 48 rules added, 0 removed (from 48 candidates)
Updated sys_vals: [0, 1]
---
Round: 8, Unk. prob.: 8.414e-02
Surv probs: 9.135e-01, Fail probs: 2.350e-03
No. of non-dominant rules: 336, Survival rules: 334, Failure rules: 2
Batch update: 48 rules added, 0 existing rules removed (0 new rules dominated)
Survival: 48 rules added, 0 removed (from 48 candidates)
Updated sys_vals: [0, 1]
---
Round: 9, Unk. prob.: 8.095e-02
Surv probs: 9.166e-01, Fail probs: 2.450e-03
No. of non-dominant rules: 384, Survival rules: 382, Failure rules: 2
Batch update: 48 rules added, 0 existing rules removed (0 new rules dominated)
Survival: 48 rules added, 0 removed (from 48 candidates)
Updated sys_vals: [0, 1]
---
Round: 10, Unk. prob.: 7.757e-02
Surv probs: 9.197e-01, Fail probs: 2.700e-03
No. of non-dominant rules: 432, Survival rules: 430, Failure rules: 2
ML classifier retrained (round 10)
Batch update: 48 rules added, 0 existing rules removed (0 new rules dominated)
Survival: 48 rules added, 0 removed (from 48 candidates)
Updated sys_vals: [0, 1]
---
Round: 11, Unk. prob.: 7.686e-02
Surv probs: 9.205e-01, Fail probs: 2.670e-03
No. of non-dominant rules: 480, Survival rules: 478, Failure rules: 2
Batch update: 48 rules added, 0 existing rules removed (0 new rules dominated)
Survival: 48 rules added, 0 removed (from 48 candidates)
Updated sys_vals: [0, 1]
---
Round: 12, Unk. prob.: 7.239e-02
Surv probs: 9.249e-01, Fail probs: 2.720e-03
No. of non-dominant rules: 528, Survival rules: 526, Failure rules: 2
Batch update: 48 rules added, 0 existing rules removed (0 new rules dominated)
Survival: 48 rules added, 0 removed (from 48 candidates)
Updated sys_vals: [0, 1]
---
Round: 13, Unk. prob.: 7.128e-02
Surv probs: 9.262e-01, Fail probs: 2.540e-03
No. of non-dominant rules: 576, Survival rules: 574, Failure rules: 2
ML classifier retrained (round 13)
Batch update: 48 rules added, 0 existing rules removed (0 new rules dominated)
Survival: 48 rules added, 0 removed (from 48 candidates)
Updated sys_vals: [0, 1]
---
Round: 14, Unk. prob.: 7.317e-02
Surv probs: 9.243e-01, Fail probs: 2.510e-03
No. of non-dominant rules: 624, Survival rules: 622, Failure rules: 2
Batch update: 48 rules added, 0 existing rules removed (0 new rules dominated)
Survival: 48 rules added, 0 removed (from 48 candidates)
Updated sys_vals: [0, 1]
---
Round: 15, Unk. prob.: 6.859e-02
Surv probs: 9.288e-01, Fail probs: 2.560e-03
No. of non-dominant rules: 672, Survival rules: 670, Failure rules: 2
Batch update: 48 rules added, 0 existing rules removed (0 new rules dominated)
Survival: 48 rules added, 0 removed (from 48 candidates)
Updated sys_vals: [0, 1]
---
Round: 16, Unk. prob.: 6.854e-02
Surv probs: 9.289e-01, Fail probs: 2.580e-03
No. of non-dominant rules: 720, Survival rules: 718, Failure rules: 2
ML classifier retrained (round 16)
Batch update: 48 rules added, 0 existing rules removed (0 new rules dominated)
Survival: 48 rules added, 0 removed (from 48 candidates)
Updated sys_vals: [0, 1]
---
Round: 17, Unk. prob.: 6.715e-02
Surv probs: 9.303e-01, Fail probs: 2.540e-03
No. of non-dominant rules: 768, Survival rules: 766, Failure rules: 2
Batch update: 48 rules added, 0 existing rules removed (0 new rules dominated)
Survival: 48 rules added, 0 removed (from 48 candidates)
Updated sys_vals: [0, 1]
---
Round: 18, Unk. prob.: 6.404e-02
Surv probs: 9.333e-01, Fail probs: 2.670e-03
No. of non-dominant rules: 816, Survival rules: 814, Failure rules: 2
Batch update: 48 rules added, 0 existing rules removed (0 new rules dominated)
Survival: 48 rules added, 0 removed (from 48 candidates)
Updated sys_vals: [0, 1]
---
Round: 19, Unk. prob.: 6.272e-02
Surv probs: 9.346e-01, Fail probs: 2.680e-03
No. of non-dominant rules: 864, Survival rules: 862, Failure rules: 2
ML classifier retrained (round 19)
Batch update: 48 rules added, 0 existing rules removed (0 new rules dominated)
Survival: 48 rules added, 0 removed (from 48 candidates)
Updated sys_vals: [0, 1]
---
Round: 20, Unk. prob.: 6.330e-02
Surv probs: 9.340e-01, Fail probs: 2.670e-03
No. of non-dominant rules: 912, Survival rules: 910, Failure rules: 2
Batch update: 48 rules added, 0 existing rules removed (0 new rules dominated)
Survival: 48 rules added, 0 removed (from 48 candidates)
Updated sys_vals: [0, 1]
---
Round: 21, Unk. prob.: 6.076e-02
Surv probs: 9.366e-01, Fail probs: 2.670e-03
No. of non-dominant rules: 960, Survival rules: 958, Failure rules: 2
Batch update: 48 rules added, 0 existing rules removed (0 new rules dominated)
Survival: 48 rules added, 0 removed (from 48 candidates)
Updated sys_vals: [0, 1]
---
Round: 22, Unk. prob.: 6.028e-02
Surv probs: 9.374e-01, Fail probs: 2.360e-03
No. of non-dominant rules: 1008, Survival rules: 1006, Failure rules: 2
ML classifier retrained (round 22)
Batch update: 48 rules added, 0 existing rules removed (0 new rules dominated)
Survival: 48 rules added, 0 removed (from 48 candidates)
Updated sys_vals: [0, 1]
---
Round: 23, Unk. prob.: 5.908e-02
Surv probs: 9.383e-01, Fail probs: 2.650e-03
No. of non-dominant rules: 1056, Survival rules: 1054, Failure rules: 2
Batch update: 48 rules added, 0 existing rules removed (0 new rules dominated)
Survival: 48 rules added, 0 removed (from 48 candidates)
Updated sys_vals: [0, 1]
---
Round: 24, Unk. prob.: 5.625e-02
Surv probs: 9.412e-01, Fail probs: 2.580e-03
No. of non-dominant rules: 1104, Survival rules: 1102, Failure rules: 2
Batch update: 48 rules added, 0 existing rules removed (0 new rules dominated)
Survival: 48 rules added, 0 removed (from 48 candidates)
Updated sys_vals: [0, 1]
---
Round: 25, Unk. prob.: 5.640e-02
Surv probs: 9.412e-01, Fail probs: 2.440e-03
No. of non-dominant rules: 1152, Survival rules: 1150, Failure rules: 2
